Microsoft (R) Macro Assembler Version 6.11		    07/05/18 15:33:43
tempfile.asm						     Page 1 - 1


 0000				DATAS SEGMENT
				    ;此处输入数据段代码
				    ;颜色变量
 0000 0B			     BLUE DB 0BH
 0001 0C			     RED DB 0CH
 0002 0F			     WHITE DB 0FH
 0003 00			     BLACK DB 0
 0004 50 72 65 73 73 20			 CONSTR DB 'P','r','e','s','s',' ','a','n','y',' ','k','e','y',' ','t','o',' ','c','o','n','t','i','n','u','e'
       61 6E 79 20 6B 65
       79 20 74 6F 20 63
       6F 6E 74 69 6E 75
       65
 001D 0019				 LENCONSTR dw $-CONSTR
 001F				DATAS ENDS

 0000				STACKS SEGMENT
				    ;此处输入堆栈段代码
 0000				STACKS ENDS

 0000				CODES SEGMENT
				    ASSUME CS:CODES,DS:DATAS,SS:STACKS
 0000				START:
 0000  B8 ---- R		    MOV AX,DATAS
 0003  8E D8			    MOV DS,AX
				    ;此处输入代码段代码

				     ;彩色绘图模式
				    COLORSHOW MACRO
					    MOV AH,0
					    MOV AL,10H
					    INT 10H
				    ENDM
				    
				    ;文字显示模式
				    WORDSHOW MACRO
					    MOV AH,0
					    MOV AL,2
					    INT 10H
				    ENDM

				    ;绘制矩形,来拼出场景
				    ;参数分别为第一个点的坐标,第二个点的坐标,颜色
				     DRAWRECT MACRO X1,Y1,X2,Y2,COLOR
				    	LOCAL ROW,COL
				    	XOR BX,BX
				    	XOR CX,CX
				    	XOR DX,DX
				    	MOV AH,0CH
				    	MOV AL,COLOR
				    	MOV DX,Y1
				    	MOV CX,X1
				    	ROW:
				    		MOV CX,X1
				    		COL:INT 10H
				    			INC CX
				    			CMP CX,X2
				    			JB COL
				    		INC DX
				    		CMP DX,Y2
				    		JB ROW
				    ENDM

				    DRAWDEADSCENCE MACRO
				    	;图形
				    	DRAWDEADIMG
				    	;文字
				    	WRITECONWORD
				    ENDM
				    
				    DRAWDEADIMG MACRO
				    	;字母D,1号
				     	DRAWRECT 80,100,100,210,BLUE
				        DRAWRECT 80,100,150,120,BLUE
				        DRAWRECT 140,110,160,210,BLUE
				        DRAWRECT 80,200,150,220,BLUE
				        ;字母E
				        DRAWRECT 200,100,280,120,BLUE
				        DRAWRECT 200,150,280,170,BLUE
				        DRAWRECT 200,200,280,220,BLUE
				        DRAWRECT 200,100,220,220,BLUE
				        ;字母A
				        DRAWRECT 330,100,420,120,BLUE
				        DRAWRECT 330,150,420,170,BLUE
				        DRAWRECT 330,100,350,220,BLUE
				        DRAWRECT 400,100,420,220,BLUE
				        ;字母D,2号
				     	DRAWRECT 470,100,540,120,BLUE
				        DRAWRECT 470,200,540,220,BLUE
				        DRAWRECT 530,110,550,210,BLUE
				        DRAWRECT 470,100,490,220,BLUE
				    ENDM
				    
				    WRITECONWORD MACRO
				    	LOCAL WRITENEXT
				        XOR BX,BX
				        MOV DH,22
				        MOV DL,25
				        MOV AH,2
				        INT 10H
				        
				        MOV CX,LENCONSTR
				        XOR SI,SI
				        WRITENEXT:
				        MOV AH,2
				        MOV DL,CONSTR[SI]
				        INT 21H
				        INC SI
				        LOOP WRITENEXT
				    ENDM

				    COLORSHOW
 0005  B4 00		     1		    MOV AH,0
 0007  B0 10		     1		    MOV AL,10H
 0009  CD 10		     1		    INT 10H
				    
				    DRAWDEADSCENCE
 000B  33 DB		     3	    	XOR BX,BX
 000D  33 C9		     3	    	XOR CX,CX
 000F  33 D2		     3	    	XOR DX,DX
 0011  B4 0C		     3	    	MOV AH,0CH
 0013  A0 0000 R	     3	    	MOV AL,BLUE
 0016  BA 0064		     3	    	MOV DX,100
 0019  B9 0050		     3	    	MOV CX,80
 001C			     3	    	??0000:
 001C  B9 0050		     3	    		MOV CX,80
 001F  CD 10		     3	    		??0001:INT 10H
 0021  41		     3	    			INC CX
 0022  83 F9 64		     3	    			CMP CX,100
 0025  72 F8		     3	    			JB ??0001
 0027  42		     3	    		INC DX
 0028  81 FA 00D2	     3	    		CMP DX,210
 002C  72 EE		     3	    		JB ??0000
 002E  33 DB		     3	    	XOR BX,BX
 0030  33 C9		     3	    	XOR CX,CX
 0032  33 D2		     3	    	XOR DX,DX
 0034  B4 0C		     3	    	MOV AH,0CH
 0036  A0 0000 R	     3	    	MOV AL,BLUE
 0039  BA 0064		     3	    	MOV DX,100
 003C  B9 0050		     3	    	MOV CX,80
 003F			     3	    	??0002:
 003F  B9 0050		     3	    		MOV CX,80
 0042  CD 10		     3	    		??0003:INT 10H
 0044  41		     3	    			INC CX
 0045  81 F9 0096	     3	    			CMP CX,150
 0049  72 F7		     3	    			JB ??0003
 004B  42		     3	    		INC DX
 004C  83 FA 78		     3	    		CMP DX,120
 004F  72 EE		     3	    		JB ??0002
 0051  33 DB		     3	    	XOR BX,BX
 0053  33 C9		     3	    	XOR CX,CX
 0055  33 D2		     3	    	XOR DX,DX
 0057  B4 0C		     3	    	MOV AH,0CH
 0059  A0 0000 R	     3	    	MOV AL,BLUE
 005C  BA 006E		     3	    	MOV DX,110
 005F  B9 008C		     3	    	MOV CX,140
 0062			     3	    	??0004:
 0062  B9 008C		     3	    		MOV CX,140
 0065  CD 10		     3	    		??0005:INT 10H
 0067  41		     3	    			INC CX
 0068  81 F9 00A0	     3	    			CMP CX,160
 006C  72 F7		     3	    			JB ??0005
 006E  42		     3	    		INC DX
 006F  81 FA 00D2	     3	    		CMP DX,210
 0073  72 ED		     3	    		JB ??0004
 0075  33 DB		     3	    	XOR BX,BX
 0077  33 C9		     3	    	XOR CX,CX
 0079  33 D2		     3	    	XOR DX,DX
 007B  B4 0C		     3	    	MOV AH,0CH
 007D  A0 0000 R	     3	    	MOV AL,BLUE
 0080  BA 00C8		     3	    	MOV DX,200
 0083  B9 0050		     3	    	MOV CX,80
 0086			     3	    	??0006:
 0086  B9 0050		     3	    		MOV CX,80
 0089  CD 10		     3	    		??0007:INT 10H
 008B  41		     3	    			INC CX
 008C  81 F9 0096	     3	    			CMP CX,150
 0090  72 F7		     3	    			JB ??0007
 0092  42		     3	    		INC DX
 0093  81 FA 00DC	     3	    		CMP DX,220
 0097  72 ED		     3	    		JB ??0006
 0099  33 DB		     3	    	XOR BX,BX
 009B  33 C9		     3	    	XOR CX,CX
 009D  33 D2		     3	    	XOR DX,DX
 009F  B4 0C		     3	    	MOV AH,0CH
 00A1  A0 0000 R	     3	    	MOV AL,BLUE
 00A4  BA 0064		     3	    	MOV DX,100
 00A7  B9 00C8		     3	    	MOV CX,200
 00AA			     3	    	??0008:
 00AA  B9 00C8		     3	    		MOV CX,200
 00AD  CD 10		     3	    		??0009:INT 10H
 00AF  41		     3	    			INC CX
 00B0  81 F9 0118	     3	    			CMP CX,280
 00B4  72 F7		     3	    			JB ??0009
 00B6  42		     3	    		INC DX
 00B7  83 FA 78		     3	    		CMP DX,120
 00BA  72 EE		     3	    		JB ??0008
 00BC  33 DB		     3	    	XOR BX,BX
 00BE  33 C9		     3	    	XOR CX,CX
 00C0  33 D2		     3	    	XOR DX,DX
 00C2  B4 0C		     3	    	MOV AH,0CH
 00C4  A0 0000 R	     3	    	MOV AL,BLUE
 00C7  BA 0096		     3	    	MOV DX,150
 00CA  B9 00C8		     3	    	MOV CX,200
 00CD			     3	    	??000A:
 00CD  B9 00C8		     3	    		MOV CX,200
 00D0  CD 10		     3	    		??000B:INT 10H
 00D2  41		     3	    			INC CX
 00D3  81 F9 0118	     3	    			CMP CX,280
 00D7  72 F7		     3	    			JB ??000B
 00D9  42		     3	    		INC DX
 00DA  81 FA 00AA	     3	    		CMP DX,170
 00DE  72 ED		     3	    		JB ??000A
 00E0  33 DB		     3	    	XOR BX,BX
 00E2  33 C9		     3	    	XOR CX,CX
 00E4  33 D2		     3	    	XOR DX,DX
 00E6  B4 0C		     3	    	MOV AH,0CH
 00E8  A0 0000 R	     3	    	MOV AL,BLUE
 00EB  BA 00C8		     3	    	MOV DX,200
 00EE  B9 00C8		     3	    	MOV CX,200
 00F1			     3	    	??000C:
 00F1  B9 00C8		     3	    		MOV CX,200
 00F4  CD 10		     3	    		??000D:INT 10H
 00F6  41		     3	    			INC CX
 00F7  81 F9 0118	     3	    			CMP CX,280
 00FB  72 F7		     3	    			JB ??000D
 00FD  42		     3	    		INC DX
 00FE  81 FA 00DC	     3	    		CMP DX,220
 0102  72 ED		     3	    		JB ??000C
 0104  33 DB		     3	    	XOR BX,BX
 0106  33 C9		     3	    	XOR CX,CX
 0108  33 D2		     3	    	XOR DX,DX
 010A  B4 0C		     3	    	MOV AH,0CH
 010C  A0 0000 R	     3	    	MOV AL,BLUE
 010F  BA 0064		     3	    	MOV DX,100
 0112  B9 00C8		     3	    	MOV CX,200
 0115			     3	    	??000E:
 0115  B9 00C8		     3	    		MOV CX,200
 0118  CD 10		     3	    		??000F:INT 10H
 011A  41		     3	    			INC CX
 011B  81 F9 00DC	     3	    			CMP CX,220
 011F  72 F7		     3	    			JB ??000F
 0121  42		     3	    		INC DX
 0122  81 FA 00DC	     3	    		CMP DX,220
 0126  72 ED		     3	    		JB ??000E
 0128  33 DB		     3	    	XOR BX,BX
 012A  33 C9		     3	    	XOR CX,CX
 012C  33 D2		     3	    	XOR DX,DX
 012E  B4 0C		     3	    	MOV AH,0CH
 0130  A0 0000 R	     3	    	MOV AL,BLUE
 0133  BA 0064		     3	    	MOV DX,100
 0136  B9 014A		     3	    	MOV CX,330
 0139			     3	    	??0010:
 0139  B9 014A		     3	    		MOV CX,330
 013C  CD 10		     3	    		??0011:INT 10H
 013E  41		     3	    			INC CX
 013F  81 F9 01A4	     3	    			CMP CX,420
 0143  72 F7		     3	    			JB ??0011
 0145  42		     3	    		INC DX
 0146  83 FA 78		     3	    		CMP DX,120
 0149  72 EE		     3	    		JB ??0010
 014B  33 DB		     3	    	XOR BX,BX
 014D  33 C9		     3	    	XOR CX,CX
 014F  33 D2		     3	    	XOR DX,DX
 0151  B4 0C		     3	    	MOV AH,0CH
 0153  A0 0000 R	     3	    	MOV AL,BLUE
 0156  BA 0096		     3	    	MOV DX,150
 0159  B9 014A		     3	    	MOV CX,330
 015C			     3	    	??0012:
 015C  B9 014A		     3	    		MOV CX,330
 015F  CD 10		     3	    		??0013:INT 10H
 0161  41		     3	    			INC CX
 0162  81 F9 01A4	     3	    			CMP CX,420
 0166  72 F7		     3	    			JB ??0013
 0168  42		     3	    		INC DX
 0169  81 FA 00AA	     3	    		CMP DX,170
 016D  72 ED		     3	    		JB ??0012
 016F  33 DB		     3	    	XOR BX,BX
 0171  33 C9		     3	    	XOR CX,CX
 0173  33 D2		     3	    	XOR DX,DX
 0175  B4 0C		     3	    	MOV AH,0CH
 0177  A0 0000 R	     3	    	MOV AL,BLUE
 017A  BA 0064		     3	    	MOV DX,100
 017D  B9 014A		     3	    	MOV CX,330
 0180			     3	    	??0014:
 0180  B9 014A		     3	    		MOV CX,330
 0183  CD 10		     3	    		??0015:INT 10H
 0185  41		     3	    			INC CX
 0186  81 F9 015E	     3	    			CMP CX,350
 018A  72 F7		     3	    			JB ??0015
 018C  42		     3	    		INC DX
 018D  81 FA 00DC	     3	    		CMP DX,220
 0191  72 ED		     3	    		JB ??0014
 0193  33 DB		     3	    	XOR BX,BX
 0195  33 C9		     3	    	XOR CX,CX
 0197  33 D2		     3	    	XOR DX,DX
 0199  B4 0C		     3	    	MOV AH,0CH
 019B  A0 0000 R	     3	    	MOV AL,BLUE
 019E  BA 0064		     3	    	MOV DX,100
 01A1  B9 0190		     3	    	MOV CX,400
 01A4			     3	    	??0016:
 01A4  B9 0190		     3	    		MOV CX,400
 01A7  CD 10		     3	    		??0017:INT 10H
 01A9  41		     3	    			INC CX
 01AA  81 F9 01A4	     3	    			CMP CX,420
 01AE  72 F7		     3	    			JB ??0017
 01B0  42		     3	    		INC DX
 01B1  81 FA 00DC	     3	    		CMP DX,220
 01B5  72 ED		     3	    		JB ??0016
 01B7  33 DB		     3	    	XOR BX,BX
 01B9  33 C9		     3	    	XOR CX,CX
 01BB  33 D2		     3	    	XOR DX,DX
 01BD  B4 0C		     3	    	MOV AH,0CH
 01BF  A0 0000 R	     3	    	MOV AL,BLUE
 01C2  BA 0064		     3	    	MOV DX,100
 01C5  B9 01D6		     3	    	MOV CX,470
 01C8			     3	    	??0018:
 01C8  B9 01D6		     3	    		MOV CX,470
 01CB  CD 10		     3	    		??0019:INT 10H
 01CD  41		     3	    			INC CX
 01CE  81 F9 021C	     3	    			CMP CX,540
 01D2  72 F7		     3	    			JB ??0019
 01D4  42		     3	    		INC DX
 01D5  83 FA 78		     3	    		CMP DX,120
 01D8  72 EE		     3	    		JB ??0018
 01DA  33 DB		     3	    	XOR BX,BX
 01DC  33 C9		     3	    	XOR CX,CX
 01DE  33 D2		     3	    	XOR DX,DX
 01E0  B4 0C		     3	    	MOV AH,0CH
 01E2  A0 0000 R	     3	    	MOV AL,BLUE
 01E5  BA 00C8		     3	    	MOV DX,200
 01E8  B9 01D6		     3	    	MOV CX,470
 01EB			     3	    	??001A:
 01EB  B9 01D6		     3	    		MOV CX,470
 01EE  CD 10		     3	    		??001B:INT 10H
 01F0  41		     3	    			INC CX
 01F1  81 F9 021C	     3	    			CMP CX,540
 01F5  72 F7		     3	    			JB ??001B
 01F7  42		     3	    		INC DX
 01F8  81 FA 00DC	     3	    		CMP DX,220
 01FC  72 ED		     3	    		JB ??001A
 01FE  33 DB		     3	    	XOR BX,BX
 0200  33 C9		     3	    	XOR CX,CX
 0202  33 D2		     3	    	XOR DX,DX
 0204  B4 0C		     3	    	MOV AH,0CH
 0206  A0 0000 R	     3	    	MOV AL,BLUE
 0209  BA 006E		     3	    	MOV DX,110
 020C  B9 0212		     3	    	MOV CX,530
 020F			     3	    	??001C:
 020F  B9 0212		     3	    		MOV CX,530
 0212  CD 10		     3	    		??001D:INT 10H
 0214  41		     3	    			INC CX
 0215  81 F9 0226	     3	    			CMP CX,550
 0219  72 F7		     3	    			JB ??001D
 021B  42		     3	    		INC DX
 021C  81 FA 00D2	     3	    		CMP DX,210
 0220  72 ED		     3	    		JB ??001C
 0222  33 DB		     3	    	XOR BX,BX
 0224  33 C9		     3	    	XOR CX,CX
 0226  33 D2		     3	    	XOR DX,DX
 0228  B4 0C		     3	    	MOV AH,0CH
 022A  A0 0000 R	     3	    	MOV AL,BLUE
 022D  BA 0064		     3	    	MOV DX,100
 0230  B9 01D6		     3	    	MOV CX,470
 0233			     3	    	??001E:
 0233  B9 01D6		     3	    		MOV CX,470
 0236  CD 10		     3	    		??001F:INT 10H
 0238  41		     3	    			INC CX
 0239  81 F9 01EA	     3	    			CMP CX,490
 023D  72 F7		     3	    			JB ??001F
 023F  42		     3	    		INC DX
 0240  81 FA 00DC	     3	    		CMP DX,220
 0244  72 ED		     3	    		JB ??001E
 0246  33 DB		     2	        XOR BX,BX
 0248  B6 16		     2	        MOV DH,22
 024A  B2 19		     2	        MOV DL,25
 024C  B4 02		     2	        MOV AH,2
 024E  CD 10		     2	        INT 10H
 0250  8B 0E 001D R	     2	        MOV CX,LENCONSTR
 0254  33 F6		     2	        XOR SI,SI
 0256			     2	        ??0020:
 0256  B4 02		     2	        MOV AH,2
 0258  8A 94 0004 R	     2	        MOV DL,CONSTR[SI]
 025C  CD 21		     2	        INT 21H
 025E  46		     2	        INC SI
 025F  E2 F5		     2	        LOOP ??0020

 0261  B4 4C			    MOV AH,4CH
 0263  CD 21			    INT 21H
 0265				CODES ENDS
				    END START




Microsoft (R) Macro Assembler Version 6.11		    07/05/18 15:33:43
tempfile.asm						     Symbols 2 - 1




Macros:

                N a m e                 Type

COLORSHOW  . . . . . . . . . . .	Proc
DRAWDEADIMG  . . . . . . . . . .	Proc
DRAWDEADSCENCE . . . . . . . . .	Proc
DRAWRECT . . . . . . . . . . . .	Proc
WORDSHOW . . . . . . . . . . . .	Proc
WRITECONWORD . . . . . . . . . .	Proc


Segments and Groups:

                N a m e                 Size     Length   Align   Combine Class

CODES  . . . . . . . . . . . . .	16 Bit	 0265	  Para	  Private 
DATAS  . . . . . . . . . . . . .	16 Bit	 001F	  Para	  Private 
STACKS . . . . . . . . . . . . .	16 Bit	 0000	  Para	  Private 


Symbols:

                N a m e                 Type     Value    Attr

??0000 . . . . . . . . . . . . .	L Near	 001C	  CODES	
??0001 . . . . . . . . . . . . .	L Near	 001F	  CODES	
??0002 . . . . . . . . . . . . .	L Near	 003F	  CODES	
??0003 . . . . . . . . . . . . .	L Near	 0042	  CODES	
??0004 . . . . . . . . . . . . .	L Near	 0062	  CODES	
??0005 . . . . . . . . . . . . .	L Near	 0065	  CODES	
??0006 . . . . . . . . . . . . .	L Near	 0086	  CODES	
??0007 . . . . . . . . . . . . .	L Near	 0089	  CODES	
??0008 . . . . . . . . . . . . .	L Near	 00AA	  CODES	
??0009 . . . . . . . . . . . . .	L Near	 00AD	  CODES	
??000A . . . . . . . . . . . . .	L Near	 00CD	  CODES	
??000B . . . . . . . . . . . . .	L Near	 00D0	  CODES	
??000C . . . . . . . . . . . . .	L Near	 00F1	  CODES	
??000D . . . . . . . . . . . . .	L Near	 00F4	  CODES	
??000E . . . . . . . . . . . . .	L Near	 0115	  CODES	
??000F . . . . . . . . . . . . .	L Near	 0118	  CODES	
??0010 . . . . . . . . . . . . .	L Near	 0139	  CODES	
??0011 . . . . . . . . . . . . .	L Near	 013C	  CODES	
??0012 . . . . . . . . . . . . .	L Near	 015C	  CODES	
??0013 . . . . . . . . . . . . .	L Near	 015F	  CODES	
??0014 . . . . . . . . . . . . .	L Near	 0180	  CODES	
??0015 . . . . . . . . . . . . .	L Near	 0183	  CODES	
??0016 . . . . . . . . . . . . .	L Near	 01A4	  CODES	
??0017 . . . . . . . . . . . . .	L Near	 01A7	  CODES	
??0018 . . . . . . . . . . . . .	L Near	 01C8	  CODES	
??0019 . . . . . . . . . . . . .	L Near	 01CB	  CODES	
??001A . . . . . . . . . . . . .	L Near	 01EB	  CODES	
??001B . . . . . . . . . . . . .	L Near	 01EE	  CODES	
??001C . . . . . . . . . . . . .	L Near	 020F	  CODES	
??001D . . . . . . . . . . . . .	L Near	 0212	  CODES	
??001E . . . . . . . . . . . . .	L Near	 0233	  CODES	
??001F . . . . . . . . . . . . .	L Near	 0236	  CODES	
??0020 . . . . . . . . . . . . .	L Near	 0256	  CODES	
BLACK  . . . . . . . . . . . . .	Byte	 0003	  DATAS	
BLUE . . . . . . . . . . . . . .	Byte	 0000	  DATAS	
CONSTR . . . . . . . . . . . . .	Byte	 0004	  DATAS	
LENCONSTR  . . . . . . . . . . .	Word	 001D	  DATAS	
RED  . . . . . . . . . . . . . .	Byte	 0001	  DATAS	
START  . . . . . . . . . . . . .	L Near	 0000	  CODES	
WHITE  . . . . . . . . . . . . .	Byte	 0002	  DATAS	

	   0 Warnings
	   0 Errors
