Microsoft (R) Macro Assembler Version 6.11		    07/06/18 13:34:39
tempfile.asm						     Page 1 - 1


 0000				DATAS SEGMENT
				    ;此处输入数据段代码
				    ;开始界面信息
 0000 31 2E 4E 45 57 20		     NGAME DB '1.NEW GAME$'
       47 41 4D 45 24
 000B 32 2E 4C 4F 41 44		     LGAME DB '2.LOAD GAME$'
       20 47 41 4D 45 24
 0017 33 2E 45 58 49 54		     EGAME DB '3.EXIT$'
       24
				     ;颜色变量
 001E 0B			     BLUE DB 0BH
 001F 0C			     RED DB 0CH
 0020 0F			     WHITE DB 0FH
 0021 00			     BLACK DB 0 
				     ;第三关生成随机数用
 0022 0000			     DELTX1 DW ?
 0024 0000			     DELTY1 DW ?
 0026 0000			     DELTX2 DW ?
 0028 0000			     DELTY2 DW ?
 002A 0050 00DC 012C 01B8	     POSX1 DW 80,220,300,440,520
       0208
 0034 006E 0096 00B4 008C	     POSY1 DW 110,150,180,140,155
       009B
 003E 0064 00F5 0145 01CC	     POSX2 DW 100,245,325,460,550
       0226
 0048 0082 00AA 00C3 00A0	     POSY2 DW 130,170,195,160,165
       00A5
				     ;玩家位置控制,第1,2关
 0052 005F			     PLYX1 DW 95
 0054 0055			     PLYY1 DW 85
 0056 0073			     PLYX2 DW 115
 0058 0069			     PLYY2 DW 105
				     ;死亡场景用变量
 005A 50 72 65 73 73 20		     CONSTR DB 'P','r','e','s','s',' ','a','n','y',' ','k','e','y',' ','t','o',' ','c','o','n','t','i','n','u','e'
       61 6E 79 20 6B 65
       79 20 74 6F 20 63
       6F 6E 74 69 6E 75
       65
 0073 0019				 LENCONSTR dw $-CONSTR  
 0075				DATAS ENDS

 0000				STACKS SEGMENT
				    ;此处输入堆栈段代码
 0000				STACKS ENDS

 0000				CODES SEGMENT
				    ASSUME CS:CODES,DS:DATAS,SS:STACKS
 0000				START:
 0000  B8 ---- R		    MOV AX,DATAS
 0003  8E D8			    MOV DS,AX
				    ;此处输入代码段代码
				    
				    SVRGI MACRO
				        PUSH AX
				        PUSH BX
				        PUSH CX
				        PUSH DX
				    ENDM
				    
				    LDRGI MACRO
				        POP AX
				        POP BX
				        POP CX
				        POP DX
				    ENDM
				    
				    ;清屏
				    CLEAN MACRO
				        SVRGI
				        MOV AL,0
				        XOR CX,CX
				        MOV DH,25
				        MOV DL,78
				        MOV BH,0
				        MOV AH,7
				        INT 10H
				        LDRGI
				    ENDM
				    
				    WRITESTARTOPTION MACRO STR,RW   
				        MOV BH,0
				        MOV DH,RW
				        MOV DL,28
				        MOV AH,2
				        INT 10H
				        LEA DX,STR
				        MOV AH,9
				        INT 21H
				    ENDM
				    
				    ;画开始页面
				    DRAWSTART MACRO
				        SVRGI
				        WRITESTARTOPTION NGAME,8
				        WRITESTARTOPTION LGAME,11
				        WRITESTARTOPTION EGAME,14
				        LDRGI
				    ENDM
				    
				    ;绘制边框
				    ;只写首尾的行
				    WRITESIMPLE MACRO
				        ;只写首尾
				        MOV CX,1
				        ;光标移动
				        MOV DL,0;首
				        MOV AH,2
				        INT 10H
				        ;写'*'
				        MOV AL,'*'
				        MOV AH,0AH
				        INT 10H
				        MOV DL,1;首
				        MOV AH,2
				        INT 10H
				        ;写'*'
				        MOV AL,'*'
				        MOV AH,0AH
				        INT 10H
				        ;光标移动
				        MOV DL,79;尾
				        MOV AH,2
				        INT 10H
				        ;写'*'
				        MOV AL,'*'
				        MOV AH,0AH
				        INT 10H
				         MOV DL,78;尾
				        MOV AH,2
				        INT 10H
				        ;写'*'
				        MOV AL,'*'
				        MOV AH,0AH
				        INT 10H
				        INC DH
				    ENDM
				      
				    ;写满一行  
				    WRITEFULL MACRO
				        MOV CX,80
				        ;光标移动
				        MOV DL,0
				        MOV AH,2
				        INT 10H
				        MOV AL,'*'
				        MOV AH,0AH
				        INT 10H
				        INC DH
				   ENDM
				    ;绘制边框
				     DRAWBORDER MACRO
				        LOCAL NEXTLINE,FULL,FIN
				        XOR DX,DX
				        XOR BX,BX
				        NEXTLINE:
				            CMP DH,0
				            JZ FULL
				            CMP DH,24
				            JZ FULL
				            CMP DH,25
				            JAE FIN
				            WRITESIMPLE
				            JMP NEXTLINE
				        ;写满一行
				        FULL:
				            WRITEFULL
				            JMP NEXTLINE
				        FIN:
				    ENDM
				    
				    
				     ;绘制矩形,来拼出场景
				     ;参数分别为第一个点的坐标,第二个点的坐标,颜色
				     DRAWRECT MACRO X1,Y1,X2,Y2,COLOR
				        LOCAL ROW,COL
				        XOR BX,BX
				        XOR CX,CX
				        XOR DX,DX
				        MOV AH,0CH
				        MOV AL,COLOR
				        MOV DX,Y1
				        MOV CX,X1
				        ROW:
				            MOV CX,X1
				            COL:INT 10H
				                INC CX
				                CMP CX,X2
				                JB COL
				            INC DX
				            CMP DX,Y2
				            JB ROW
				    ENDM


				    ;彩色绘图模式
				    COLORSHOW MACRO
				        MOV AH,0
				        MOV AL,10H
				        INT 10H
				    ENDM
				    
				    ;文字显示模式
				    WORDSHOW MACRO
				        MOV AH,0
				        MOV AL,2
				        INT 10H
				    ENDM


				    ;绘制第一关
				    DRAWLEVEL1 MACRO
				        DRAWRECT 100,60,500,70,BLUE
				        DRAWRECT 100,120,450,130,BLUE
				        DRAWRECT 450,120,460,250,BLUE
				        DRAWRECT 500,60,510,250,BLUE
				        DRAWRECT 460,240,500,250,RED
				    ENDM

				    ;绘制第二关
				    DRAWLEVEL2 MACRO
				        DRAWRECT 100,60,500,70,BLUE
				        DRAWRECT 100,120,450,130,BLUE
				        DRAWRECT 450,120,460,240,BLUE
				        DRAWRECT 500,60,510,280,BLUE
				        DRAWRECT 300,240,460,250,BLUE
				        DRAWRECT 300,280,510,290,BLUE
				        DRAWRECT 300,250,310,280,RED
				    ENDM


				;随机数
				    RANNUM MACRO RAN1,RAN2,RAN3,RAN4
				      ;第一次
				      MOV AH,0             ;读时钟计数器值
				      INT 1AH
				      MOV AX,DX            
				      AND AH,3
				      MOV DL,21          ;做除法,余数为随机数
				      DIV DL
				      XOR BX,BX
				      MOV BL,AH
				      MOV RAN1,BX
				      ;第二次
				      MOV AH,0             ;读时钟计数器值
				      INT 1AH
				      MOV AX,DX            
				      AND AH,3
				      MOV DL,26           ;做除法,余数为随机数
				      DIV DL
				      XOR BX,BX
				      MOV BL,AH
				      MOV RAN2,BX
				      ;第三次
				      MOV AH,0             ;读时钟计数器值
				      INT 1AH
				      MOV AX,DX            
				      AND AH,3
				      MOV DL,11          ;做除法,余数为随机数
				      DIV DL
				      XOR BX,BX
				      MOV BL,AH
				      MOV RAN3,BX   
				      ;第四次
				      MOV AH,0             ;读时钟计数器值
				      INT 1AH
				      MOV AX,DX            
				      AND AH,3
				      MOV DL,16           ;做除法,余数为随机数
				      DIV DL
				      XOR BX,BX
				      MOV BL,AH
				      MOV RAN4,BX                  
				    ENDM
				   
				    ;加载随机障碍,算法为获取随机数种子
				    ;产生四个随机数,作为障碍物的偏移
				    ;偏移施加到点的原始值
				    LOADBARRIER MACRO
				        LOCAL NEXTPOINT
				        RANNUM DELTX1,DELTX2,DELTY1,DELTY2
				        XOR SI,SI
				        
				        NEXTBARRIER:
				        MOV AX,DELTX1
				        ADD AX,POSX1[SI]
				        MOV POSX1[SI],AX
				        MOV AX,DELTY1
				        ADD AX,POSY1[SI]
				        MOV POSY1[SI],AX
				        MOV AX,DELTX2
				        ADD AX,POSX2[SI]
				        MOV POSX2[SI],AX
				        MOV AX,DELTY2
				        ADD AX,POSY2[SI]
				        MOV POSY2[SI],AX
				        
				        
				        DRAWRECT POSX1[SI],POSY1[SI],POSX2[SI],POSY2[SI],BLUE
				        INC SI
				        INC SI
				        CMP SI,10
				        JB NEXTBARRIER 
				    ENDM
				    
				    ;第三关,平行线内随机生成障碍
				    DRAWLEVEL3 MACRO
				        ;先绘制边框,后生成随机障碍物
				        DRAWRECT 80,100,600,110,BLUE
				        DRAWRECT 80,220,600,230,BLUE
				        DRAWRECT 590,110,600,220,RED
				        LOADBARRIER
				    ENDM
				    
				      ;玩家移动,小写wasd控制 
				    PLYMOVE MACRO X1,Y1,X2,Y2
				        LOCAL MUP,MDOWN,MLEFT,MRIGHT,FINSTEP
				        MOV AH,7
				        INT 21H
				        PUSH AX     
				        DRAWRECT PLYX1,PLYY1,PLYX2,PLYY2,BLACK
				        POP AX
				        CMP AL,'w'
				        JZ MUP
				        CMP AL,'a'
				        JZ MLEFT
				        CMP AL,'s'
				        JZ MDOWN
				        CMP AL,'d'
				        JZ MRIGHT
				        JMP FINSTEP
				        ;上
				        MUP:
				        MOVEUP Y1,Y2
				        JMP FINSTEP
				        ;下
				        MDOWN:
				        MOVEDOWN Y1,Y2
				        JMP FINSTEP
				        ;左
				        MLEFT:
				        MOVELEFT X1,X2
				        JMP FINSTEP
				        ;右
				        MRIGHT:
				        MOVERIGHT X1,X2
				        JMP FINSTEP
				        ;移动结束,重新画图
				        FINSTEP:
				        DRAWRECT PLYX1,PLYY1,PLYX2,PLYY2,WHITE
				    ENDM
				    
				    MOVEUP MACRO Y1,Y2
				        MOV CX,Y1
				        MOV DX,Y2
				        SUB CX,5
				        SUB DX,5
				        MOV Y1,CX
				        MOV Y2,DX
				    ENDM
				    
				    MOVEDOWN MACRO Y1,Y2
				        MOV CX,Y1
				        MOV DX,Y2
				        ADD CX,5
				        ADD DX,5
				        MOV Y1,CX
				        MOV Y2,DX
				    ENDM
				    
				    MOVELEFT MACRO X1,X2
				        MOV CX,X1
				        MOV DX,X2
				        SUB CX,5
				        SUB DX,5
				        MOV X1,CX
				        MOV X2,DX
				    ENDM
				    
				    MOVERIGHT MACRO X1,X2
				        MOV CX,X1
				        MOV DX,X2
				        ADD CX,5
				        ADD DX,5
				        MOV X1,CX
				        MOV X2,DX
				    ENDM
				    
				     JUDGE MACRO X,Y
				        LOCAL FINJUD
				        MOV CX,X
				        MOV DX,Y
				        XOR BX,BX
				        
				        ;POINT1
				        MOV AH,0DH
				        INT 10H
				        CMP AL,BLUE
				        JZ FINJUD
				        CMP AL,RED
				        JZ FINJUD
				            
				        ;POINT2
				        PUSH CX
				        ADD CX,20
				        MOV AH,0DH
				        INT 10H
				        CMP AL,BLUE
				        JZ FINJUD
				        CMP AL,RED
				        JZ FINJUD
				        POP CX
				        
				        ;POINT3
        PUSH CX
				        PUSH DX
				        ADC CX,20
				        ADC DX,20
				        MOV AH,0DH
				        INT 10H
				        CMP AL,BLUE
				        JZ FINJUD
				        CMP AL,RED
				        JZ FINJUD
				        POP DX
				        POP CX
				        
				        ;POINT4
				        PUSH DX
				        ADC DX,20
				        MOV AH,0DH
				        INT 10H
				        CMP AL,BLUE
				        JZ FINJUD
				        CMP AL,RED
				        JZ FINJUD
				        POP DX
				        
				        FINJUD:
				    ENDM
				    
				    ;第一关初始化方块
				    SETPOSL1 MACRO
				        MOV AX,95
				        MOV PLYX1,AX
				        MOV AX,85
				        MOV PLYY1,AX
				        MOV AX,115
				        MOV PLYX2,AX
				        MOV AX,105
				        MOV PLYY2,AX
				    ENDM 
				    
				    ;第二关初始化方块
				    SETPOSL2 MACRO
				        MOV AX,95
				        MOV PLYX1,AX
				        MOV AX,85
				        MOV PLYY1,AX
				        MOV AX,115
				        MOV PLYX2,AX
				        MOV AX,105
				        MOV PLYY2,AX
				    ENDM
				    
				     ;第三关初始化方块
				    SETPOSL3 MACRO
				        MOV AX,80
				        MOV PLYX1,AX
				        MOV AX,160
				        MOV PLYY1,AX
				        MOV AX,100
				        MOV PLYX2,AX
				        MOV AX,180
				        MOV PLYY2,AX
				    ENDM
				    
				    ;死亡场景
				 	DRAWDEADSCENCE MACRO
				    	;图形
				    	DRAWDEADIMG
				    	;文字
				    	WRITECONWORD
				    ENDM
				    ;图形
				    DRAWDEADIMG MACRO
				    	;字母D,1号
				     	DRAWRECT 80,100,100,210,BLUE
				        DRAWRECT 80,100,150,120,BLUE
				        DRAWRECT 140,110,160,210,BLUE
				        DRAWRECT 80,200,150,220,BLUE
				        ;字母E
				        DRAWRECT 200,100,280,120,BLUE
				        DRAWRECT 200,150,280,170,BLUE
				        DRAWRECT 200,200,280,220,BLUE
				        DRAWRECT 200,100,220,220,BLUE
				        ;字母A
				        DRAWRECT 330,100,420,120,BLUE
				        DRAWRECT 330,150,420,170,BLUE
				        DRAWRECT 330,100,350,220,BLUE
				        DRAWRECT 400,100,420,220,BLUE
				        ;字母D,2号
				     	DRAWRECT 470,100,540,120,BLUE
				        DRAWRECT 470,200,540,220,BLUE
				        DRAWRECT 530,110,550,210,BLUE
				        DRAWRECT 470,100,490,220,BLUE
				    ENDM
				    ;文字
				    WRITECONWORD MACRO
				    	LOCAL WRITENEXT
				        XOR BX,BX
				        MOV DH,22
				        MOV DL,25
				        MOV AH,2
				        INT 10H
				        
				        MOV CX,LENCONSTR
				        XOR SI,SI
				        WRITENEXT:
				        MOV AH,2
				        MOV DL,CONSTR[SI]
				        INT 21H
				        INC SI
				        LOOP WRITENEXT
				    ENDM
				    
				     DRAWVICTORYSCENCE MACRO
				    	;图形
				    	DRAWVICTORYIMG
				    	;文字
				    	WRITECONWORD
				    ENDM
				    
				    DRAWVICTORYIMG MACRO
				    	;W
				    	DRAWRECT 100,80,120,220,BLUE
				    	DRAWRECT 140,80,160,220,BLUE
				    	DRAWRECT 180,80,200,220,BLUE
				    	DRAWRECT 100,200,200,220,BLUE
				    	;I
				    	DRAWRECT 250,80,330,100,BLUE
				    	DRAWRECT 280,80,300,220,BLUE
				    	DRAWRECT 250,200,330,220,BLUE
				    	;N
				    	DRAWRECT 380,80,400,220,BLUE
				    	DRAWRECT 380,80,430,100,BLUE
				    	DRAWRECT 430,80,450,220,BLUE
				    	DRAWRECT 450,200,480,220,BLUE
				    	DRAWRECT 480,80,500,220,BLUE
				    ENDM
				    
				    ;对宏的调用
				    ;开始界面
 0005				    STARTPAGE:
				    WORDSHOW
 0005  B4 00		     1	        MOV AH,0
 0007  B0 02		     1	        MOV AL,2
 0009  CD 10		     1	        INT 10H
				    DRAWBORDER
 000B  33 D2		     1	        XOR DX,DX
 000D  33 DB		     1	        XOR BX,BX
 000F			     1	        ??0000:
 000F  80 FE 00		     1	            CMP DH,0
 0012  74 41		     1	            JZ ??0001
 0014  80 FE 18		     1	            CMP DH,24
 0017  74 3C		     1	            JZ ??0001
 0019  80 FE 19		     1	            CMP DH,25
 001C  73 4A		     1	            JAE ??0002
 001E  B9 0001		     2	        MOV CX,1
 0021  B2 00		     2	        MOV DL,0;首
 0023  B4 02		     2	        MOV AH,2
 0025  CD 10		     2	        INT 10H
 0027  B0 2A		     2	        MOV AL,'*'
 0029  B4 0A		     2	        MOV AH,0AH
 002B  CD 10		     2	        INT 10H
 002D  B2 01		     2	        MOV DL,1;首
 002F  B4 02		     2	        MOV AH,2
 0031  CD 10		     2	        INT 10H
 0033  B0 2A		     2	        MOV AL,'*'
 0035  B4 0A		     2	        MOV AH,0AH
 0037  CD 10		     2	        INT 10H
 0039  B2 4F		     2	        MOV DL,79;尾
 003B  B4 02		     2	        MOV AH,2
 003D  CD 10		     2	        INT 10H
 003F  B0 2A		     2	        MOV AL,'*'
 0041  B4 0A		     2	        MOV AH,0AH
 0043  CD 10		     2	        INT 10H
 0045  B2 4E		     2	         MOV DL,78;尾
 0047  B4 02		     2	        MOV AH,2
 0049  CD 10		     2	        INT 10H
 004B  B0 2A		     2	        MOV AL,'*'
 004D  B4 0A		     2	        MOV AH,0AH
 004F  CD 10		     2	        INT 10H
 0051  FE C6		     2	        INC DH
 0053  EB BA		     1	            JMP ??0000
 0055			     1	        ??0001:
 0055  B9 0050		     2	        MOV CX,80
 0058  B2 00		     2	        MOV DL,0
 005A  B4 02		     2	        MOV AH,2
 005C  CD 10		     2	        INT 10H
 005E  B0 2A		     2	        MOV AL,'*'
 0060  B4 0A		     2	        MOV AH,0AH
 0062  CD 10		     2	        INT 10H
 0064  FE C6		     2	        INC DH
 0066  EB A7		     1	            JMP ??0000
 0068			     1	        ??0002:
				    DRAWSTART
 0068  50		     2	        PUSH AX
 0069  53		     2	        PUSH BX
 006A  51		     2	        PUSH CX
 006B  52		     2	        PUSH DX
 006C  B7 00		     2	        MOV BH,0
 006E  B6 08		     2	        MOV DH,8
 0070  B2 1C		     2	        MOV DL,28
 0072  B4 02		     2	        MOV AH,2
 0074  CD 10		     2	        INT 10H
 0076  8D 16 0000 R	     2	        LEA DX,NGAME
 007A  B4 09		     2	        MOV AH,9
 007C  CD 21		     2	        INT 21H
 007E  B7 00		     2	        MOV BH,0
 0080  B6 0B		     2	        MOV DH,11
 0082  B2 1C		     2	        MOV DL,28
 0084  B4 02		     2	        MOV AH,2
 0086  CD 10		     2	        INT 10H
 0088  8D 16 000B R	     2	        LEA DX,LGAME
 008C  B4 09		     2	        MOV AH,9
 008E  CD 21		     2	        INT 21H
 0090  B7 00		     2	        MOV BH,0
 0092  B6 0E		     2	        MOV DH,14
 0094  B2 1C		     2	        MOV DL,28
 0096  B4 02		     2	        MOV AH,2
 0098  CD 10		     2	        INT 10H
 009A  8D 16 0017 R	     2	        LEA DX,EGAME
 009E  B4 09		     2	        MOV AH,9
 00A0  CD 21		     2	        INT 21H
 00A2  58		     2	        POP AX
 00A3  5B		     2	        POP BX
 00A4  59		     2	        POP CX
 00A5  5A		     2	        POP DX
				    ;选项1,新游戏
 00A6  B4 07			    MOV AH,7
 00A8  CD 21			    INT 21H
				    ;1.开始游戏
 00AA  3C 31			    CMP AL,'1'
 00AC  74 07			    JZ STARTGAME
				    ;2.继续游戏
				    ;3.退出游戏
 00AE  3C 33			    CMP AL,'3'
 00B0  75 03 E9 0777		    JZ EXITGAME
				    
 00B5				    STARTGAME:
				    COLORSHOW
 00B5  B4 00		     1	        MOV AH,0
 00B7  B0 10		     1	        MOV AL,10H
 00B9  CD 10		     1	        INT 10H
				    ;第一关
 00BB				    PLAYLEVEL1:
 00BB  E8 0772			   	CALL INITLEVEL1
 00BE				    NEXTSTEP_L1:
				    JUDGE PLYX1,PLYY1
 00BE  8B 0E 0052 R	     1	        MOV CX,PLYX1
 00C2  8B 16 0054 R	     1	        MOV DX,PLYY1
 00C6  33 DB		     1	        XOR BX,BX
 00C8  B4 0D		     1	        MOV AH,0DH
 00CA  CD 10		     1	        INT 10H
 00CC  3A 06 001E R	     1	        CMP AL,BLUE
 00D0  74 4A		     1	        JZ ??0003
 00D2  3A 06 001F R	     1	        CMP AL,RED
 00D6  74 44		     1	        JZ ??0003
 00D8  51		     1	        PUSH CX
 00D9  83 C1 14		     1	        ADD CX,20
 00DC  B4 0D		     1	        MOV AH,0DH
 00DE  CD 10		     1	        INT 10H
 00E0  3A 06 001E R	     1	        CMP AL,BLUE
 00E4  74 36		     1	        JZ ??0003
 00E6  3A 06 001F R	     1	        CMP AL,RED
 00EA  74 30		     1	        JZ ??0003
 00EC  59		     1	        POP CX
 00ED  51		     1	        PUSH CX
 00EE  52		     1	        PUSH DX
 00EF  83 D1 14		     1	        ADC CX,20
 00F2  83 D2 14		     1	        ADC DX,20
 00F5  B4 0D		     1	        MOV AH,0DH
 00F7  CD 10		     1	        INT 10H
 00F9  3A 06 001E R	     1	        CMP AL,BLUE
 00FD  74 1D		     1	        JZ ??0003
 00FF  3A 06 001F R	     1	        CMP AL,RED
 0103  74 17		     1	        JZ ??0003
 0105  5A		     1	        POP DX
 0106  59		     1	        POP CX
 0107  52		     1	        PUSH DX
 0108  83 D2 14		     1	        ADC DX,20
 010B  B4 0D		     1	        MOV AH,0DH
 010D  CD 10		     1	        INT 10H
 010F  3A 06 001E R	     1	        CMP AL,BLUE
 0113  74 07		     1	        JZ ??0003
 0115  3A 06 001F R	     1	        CMP AL,RED
 0119  74 01		     1	        JZ ??0003
 011B  5A		     1	        POP DX
 011C			     1	        ??0003:
 011C  3A 06 001E R		    CMP AL,BLUE
 0120  75 03 E9 047E		    JZ DEAD
 0125  3A 06 001F R		    CMP AL,RED
 0129  74 05			    JZ PLAYLEVEL2
				    ;不死则移动
 012B  E8 0ACD			    CALL PLYOPERATE
 012E  EB 8E			    JMP NEXTSTEP_L1
				    
				    ;第二关
 0130				    PLAYLEVEL2:
 0130  E8 0806			   	CALL INITLEVEL2
 0133				    NEXTSTEP_L2:
				    JUDGE PLYX1,PLYY1
 0133  8B 0E 0052 R	     1	        MOV CX,PLYX1
 0137  8B 16 0054 R	     1	        MOV DX,PLYY1
 013B  33 DB		     1	        XOR BX,BX
 013D  B4 0D		     1	        MOV AH,0DH
 013F  CD 10		     1	        INT 10H
 0141  3A 06 001E R	     1	        CMP AL,BLUE
 0145  74 4A		     1	        JZ ??0004
 0147  3A 06 001F R	     1	        CMP AL,RED
 014B  74 44		     1	        JZ ??0004
 014D  51		     1	        PUSH CX
 014E  83 C1 14		     1	        ADD CX,20
 0151  B4 0D		     1	        MOV AH,0DH
 0153  CD 10		     1	        INT 10H
 0155  3A 06 001E R	     1	        CMP AL,BLUE
 0159  74 36		     1	        JZ ??0004
 015B  3A 06 001F R	     1	        CMP AL,RED
 015F  74 30		     1	        JZ ??0004
 0161  59		     1	        POP CX
 0162  51		     1	        PUSH CX
 0163  52		     1	        PUSH DX
 0164  83 D1 14		     1	        ADC CX,20
 0167  83 D2 14		     1	        ADC DX,20
 016A  B4 0D		     1	        MOV AH,0DH
 016C  CD 10		     1	        INT 10H
 016E  3A 06 001E R	     1	        CMP AL,BLUE
 0172  74 1D		     1	        JZ ??0004
 0174  3A 06 001F R	     1	        CMP AL,RED
 0178  74 17		     1	        JZ ??0004
 017A  5A		     1	        POP DX
 017B  59		     1	        POP CX
 017C  52		     1	        PUSH DX
 017D  83 D2 14		     1	        ADC DX,20
 0180  B4 0D		     1	        MOV AH,0DH
 0182  CD 10		     1	        INT 10H
 0184  3A 06 001E R	     1	        CMP AL,BLUE
 0188  74 07		     1	        JZ ??0004
 018A  3A 06 001F R	     1	        CMP AL,RED
 018E  74 01		     1	        JZ ??0004
 0190  5A		     1	        POP DX
 0191			     1	        ??0004:
 0191  3A 06 001E R		    CMP AL,BLUE
 0195  75 03 E9 0409		    JZ DEAD
 019A  3A 06 001F R		    CMP AL,RED
 019E  75 03 E9 00C9		    JZ PLAYLEVEL3
				    ;不死则移动
				    PLYMOVE PLYX1,PLYY1,PLYX2,PLYY2
 01A3  B4 07		     1	        MOV AH,7
 01A5  CD 21		     1	        INT 21H
 01A7  50		     1	        PUSH AX     
 01A8  33 DB		     2	        XOR BX,BX
 01AA  33 C9		     2	        XOR CX,CX
 01AC  33 D2		     2	        XOR DX,DX
 01AE  B4 0C		     2	        MOV AH,0CH
 01B0  A0 0021 R	     2	        MOV AL,BLACK
 01B3  8B 16 0054 R	     2	        MOV DX,PLYY1
 01B7  8B 0E 0052 R	     2	        MOV CX,PLYX1
 01BB			     2	        ??000A:
 01BB  8B 0E 0052 R	     2	            MOV CX,PLYX1
 01BF  CD 10		     2	            ??000B:INT 10H
 01C1  41		     2	                INC CX
 01C2  3B 0E 0056 R	     2	                CMP CX,PLYX2
 01C6  72 F7		     2	                JB ??000B
 01C8  42		     2	            INC DX
 01C9  3B 16 0058 R	     2	            CMP DX,PLYY2
 01CD  72 EC		     2	            JB ??000A
 01CF  58		     1	        POP AX
 01D0  3C 77		     1	        CMP AL,'w'
 01D2  74 0E		     1	        JZ ??0005
 01D4  3C 61		     1	        CMP AL,'a'
 01D6  74 3A		     1	        JZ ??0007
 01D8  3C 73		     1	        CMP AL,'s'
 01DA  74 1E		     1	        JZ ??0006
 01DC  3C 64		     1	        CMP AL,'d'
 01DE  74 4A		     1	        JZ ??0008
 01E0  EB 60		     1	        JMP ??0009
 01E2			     1	        ??0005:
 01E2  8B 0E 0054 R	     2	        MOV CX,PLYY1
 01E6  8B 16 0058 R	     2	        MOV DX,PLYY2
 01EA  83 E9 05		     2	        SUB CX,5
 01ED  83 EA 05		     2	        SUB DX,5
 01F0  89 0E 0054 R	     2	        MOV PLYY1,CX
 01F4  89 16 0058 R	     2	        MOV PLYY2,DX
 01F8  EB 48		     1	        JMP ??0009
 01FA			     1	        ??0006:
 01FA  8B 0E 0054 R	     2	        MOV CX,PLYY1
 01FE  8B 16 0058 R	     2	        MOV DX,PLYY2
 0202  83 C1 05		     2	        ADD CX,5
 0205  83 C2 05		     2	        ADD DX,5
 0208  89 0E 0054 R	     2	        MOV PLYY1,CX
 020C  89 16 0058 R	     2	        MOV PLYY2,DX
 0210  EB 30		     1	        JMP ??0009
 0212			     1	        ??0007:
 0212  8B 0E 0052 R	     2	        MOV CX,PLYX1
 0216  8B 16 0056 R	     2	        MOV DX,PLYX2
 021A  83 E9 05		     2	        SUB CX,5
 021D  83 EA 05		     2	        SUB DX,5
 0220  89 0E 0052 R	     2	        MOV PLYX1,CX
 0224  89 16 0056 R	     2	        MOV PLYX2,DX
 0228  EB 18		     1	        JMP ??0009
 022A			     1	        ??0008:
 022A  8B 0E 0052 R	     2	        MOV CX,PLYX1
 022E  8B 16 0056 R	     2	        MOV DX,PLYX2
 0232  83 C1 05		     2	        ADD CX,5
 0235  83 C2 05		     2	        ADD DX,5
 0238  89 0E 0052 R	     2	        MOV PLYX1,CX
 023C  89 16 0056 R	     2	        MOV PLYX2,DX
 0240  EB 00		     1	        JMP ??0009
 0242			     1	        ??0009:
 0242  33 DB		     2	        XOR BX,BX
 0244  33 C9		     2	        XOR CX,CX
 0246  33 D2		     2	        XOR DX,DX
 0248  B4 0C		     2	        MOV AH,0CH
 024A  A0 0020 R	     2	        MOV AL,WHITE
 024D  8B 16 0054 R	     2	        MOV DX,PLYY1
 0251  8B 0E 0052 R	     2	        MOV CX,PLYX1
 0255			     2	        ??000C:
 0255  8B 0E 0052 R	     2	            MOV CX,PLYX1
 0259  CD 10		     2	            ??000D:INT 10H
 025B  41		     2	                INC CX
 025C  3B 0E 0056 R	     2	                CMP CX,PLYX2
 0260  72 F7		     2	                JB ??000D
 0262  42		     2	            INC DX
 0263  3B 16 0058 R	     2	            CMP DX,PLYY2
 0267  72 EC		     2	            JB ??000C
 0269  E9 FEC7			    JMP NEXTSTEP_L2
				    
				    ;第三关
 026C				    PLAYLEVEL3:
 026C  E8 081B			   	CALL INITLEVEL3
 026F				    NEXTSTEP_L3:
				    JUDGE PLYX1,PLYY1
 026F  8B 0E 0052 R	     1	        MOV CX,PLYX1
 0273  8B 16 0054 R	     1	        MOV DX,PLYY1
 0277  33 DB		     1	        XOR BX,BX
 0279  B4 0D		     1	        MOV AH,0DH
 027B  CD 10		     1	        INT 10H
 027D  3A 06 001E R	     1	        CMP AL,BLUE
 0281  74 4A		     1	        JZ ??000E
 0283  3A 06 001F R	     1	        CMP AL,RED
 0287  74 44		     1	        JZ ??000E
 0289  51		     1	        PUSH CX
 028A  83 C1 14		     1	        ADD CX,20
 028D  B4 0D		     1	        MOV AH,0DH
 028F  CD 10		     1	        INT 10H
 0291  3A 06 001E R	     1	        CMP AL,BLUE
 0295  74 36		     1	        JZ ??000E
 0297  3A 06 001F R	     1	        CMP AL,RED
 029B  74 30		     1	        JZ ??000E
 029D  59		     1	        POP CX
 029E  51		     1	        PUSH CX
 029F  52		     1	        PUSH DX
 02A0  83 D1 14		     1	        ADC CX,20
 02A3  83 D2 14		     1	        ADC DX,20
 02A6  B4 0D		     1	        MOV AH,0DH
 02A8  CD 10		     1	        INT 10H
 02AA  3A 06 001E R	     1	        CMP AL,BLUE
 02AE  74 1D		     1	        JZ ??000E
 02B0  3A 06 001F R	     1	        CMP AL,RED
 02B4  74 17		     1	        JZ ??000E
 02B6  5A		     1	        POP DX
 02B7  59		     1	        POP CX
 02B8  52		     1	        PUSH DX
 02B9  83 D2 14		     1	        ADC DX,20
 02BC  B4 0D		     1	        MOV AH,0DH
 02BE  CD 10		     1	        INT 10H
 02C0  3A 06 001E R	     1	        CMP AL,BLUE
 02C4  74 07		     1	        JZ ??000E
 02C6  3A 06 001F R	     1	        CMP AL,RED
 02CA  74 01		     1	        JZ ??000E
 02CC  5A		     1	        POP DX
 02CD			     1	        ??000E:
 02CD  3A 06 001E R		    CMP AL,BLUE
 02D1  75 03 E9 02CD		    JZ DEAD
 02D6  3A 06 001F R		    CMP AL,RED
 02DA  75 03 E9 00C9		    JZ VICTORY
				    ;不死则移动
				    PLYMOVE PLYX1,PLYY1,PLYX2,PLYY2
 02DF  B4 07		     1	        MOV AH,7
 02E1  CD 21		     1	        INT 21H
 02E3  50		     1	        PUSH AX     
 02E4  33 DB		     2	        XOR BX,BX
 02E6  33 C9		     2	        XOR CX,CX
 02E8  33 D2		     2	        XOR DX,DX
 02EA  B4 0C		     2	        MOV AH,0CH
 02EC  A0 0021 R	     2	        MOV AL,BLACK
 02EF  8B 16 0054 R	     2	        MOV DX,PLYY1
 02F3  8B 0E 0052 R	     2	        MOV CX,PLYX1
 02F7			     2	        ??0014:
 02F7  8B 0E 0052 R	     2	            MOV CX,PLYX1
 02FB  CD 10		     2	            ??0015:INT 10H
 02FD  41		     2	                INC CX
 02FE  3B 0E 0056 R	     2	                CMP CX,PLYX2
 0302  72 F7		     2	                JB ??0015
 0304  42		     2	            INC DX
 0305  3B 16 0058 R	     2	            CMP DX,PLYY2
 0309  72 EC		     2	            JB ??0014
 030B  58		     1	        POP AX
 030C  3C 77		     1	        CMP AL,'w'
 030E  74 0E		     1	        JZ ??000F
 0310  3C 61		     1	        CMP AL,'a'
 0312  74 3A		     1	        JZ ??0011
 0314  3C 73		     1	        CMP AL,'s'
 0316  74 1E		     1	        JZ ??0010
 0318  3C 64		     1	        CMP AL,'d'
 031A  74 4A		     1	        JZ ??0012
 031C  EB 60		     1	        JMP ??0013
 031E			     1	        ??000F:
 031E  8B 0E 0054 R	     2	        MOV CX,PLYY1
 0322  8B 16 0058 R	     2	        MOV DX,PLYY2
 0326  83 E9 05		     2	        SUB CX,5
 0329  83 EA 05		     2	        SUB DX,5
 032C  89 0E 0054 R	     2	        MOV PLYY1,CX
 0330  89 16 0058 R	     2	        MOV PLYY2,DX
 0334  EB 48		     1	        JMP ??0013
 0336			     1	        ??0010:
 0336  8B 0E 0054 R	     2	        MOV CX,PLYY1
 033A  8B 16 0058 R	     2	        MOV DX,PLYY2
 033E  83 C1 05		     2	        ADD CX,5
 0341  83 C2 05		     2	        ADD DX,5
 0344  89 0E 0054 R	     2	        MOV PLYY1,CX
 0348  89 16 0058 R	     2	        MOV PLYY2,DX
 034C  EB 30		     1	        JMP ??0013
 034E			     1	        ??0011:
 034E  8B 0E 0052 R	     2	        MOV CX,PLYX1
 0352  8B 16 0056 R	     2	        MOV DX,PLYX2
 0356  83 E9 05		     2	        SUB CX,5
 0359  83 EA 05		     2	        SUB DX,5
 035C  89 0E 0052 R	     2	        MOV PLYX1,CX
 0360  89 16 0056 R	     2	        MOV PLYX2,DX
 0364  EB 18		     1	        JMP ??0013
 0366			     1	        ??0012:
 0366  8B 0E 0052 R	     2	        MOV CX,PLYX1
 036A  8B 16 0056 R	     2	        MOV DX,PLYX2
 036E  83 C1 05		     2	        ADD CX,5
 0371  83 C2 05		     2	        ADD DX,5
 0374  89 0E 0052 R	     2	        MOV PLYX1,CX
 0378  89 16 0056 R	     2	        MOV PLYX2,DX
 037C  EB 00		     1	        JMP ??0013
 037E			     1	        ??0013:
 037E  33 DB		     2	        XOR BX,BX
 0380  33 C9		     2	        XOR CX,CX
 0382  33 D2		     2	        XOR DX,DX
 0384  B4 0C		     2	        MOV AH,0CH
 0386  A0 0020 R	     2	        MOV AL,WHITE
 0389  8B 16 0054 R	     2	        MOV DX,PLYY1
 038D  8B 0E 0052 R	     2	        MOV CX,PLYX1
 0391			     2	        ??0016:
 0391  8B 0E 0052 R	     2	            MOV CX,PLYX1
 0395  CD 10		     2	            ??0017:INT 10H
 0397  41		     2	                INC CX
 0398  3B 0E 0056 R	     2	                CMP CX,PLYX2
 039C  72 F7		     2	                JB ??0017
 039E  42		     2	            INC DX
 039F  3B 16 0058 R	     2	            CMP DX,PLYY2
 03A3  72 EC		     2	            JB ??0016
 03A5  E9 FEC7			    JMP NEXTSTEP_L3
				    
				    ;胜利结束
 03A8				    VICTORY:
				    CLEAN
 03A8  50		     2	        PUSH AX
 03A9  53		     2	        PUSH BX
 03AA  51		     2	        PUSH CX
 03AB  52		     2	        PUSH DX
 03AC  B0 00		     1	        MOV AL,0
 03AE  33 C9		     1	        XOR CX,CX
 03B0  B6 19		     1	        MOV DH,25
 03B2  B2 4E		     1	        MOV DL,78
 03B4  B7 00		     1	        MOV BH,0
 03B6  B4 07		     1	        MOV AH,7
 03B8  CD 10		     1	        INT 10H
 03BA  58		     2	        POP AX
 03BB  5B		     2	        POP BX
 03BC  59		     2	        POP CX
 03BD  5A		     2	        POP DX
				    DRAWVICTORYSCENCE 
 03BE  33 DB		     3	        XOR BX,BX
 03C0  33 C9		     3	        XOR CX,CX
 03C2  33 D2		     3	        XOR DX,DX
 03C4  B4 0C		     3	        MOV AH,0CH
 03C6  A0 001E R	     3	        MOV AL,BLUE
 03C9  BA 0050		     3	        MOV DX,80
 03CC  B9 0064		     3	        MOV CX,100
 03CF			     3	        ??0018:
 03CF  B9 0064		     3	            MOV CX,100
 03D2  CD 10		     3	            ??0019:INT 10H
 03D4  41		     3	                INC CX
 03D5  83 F9 78		     3	                CMP CX,120
 03D8  72 F8		     3	                JB ??0019
 03DA  42		     3	            INC DX
 03DB  81 FA 00DC	     3	            CMP DX,220
 03DF  72 EE		     3	            JB ??0018
 03E1  33 DB		     3	        XOR BX,BX
 03E3  33 C9		     3	        XOR CX,CX
 03E5  33 D2		     3	        XOR DX,DX
 03E7  B4 0C		     3	        MOV AH,0CH
 03E9  A0 001E R	     3	        MOV AL,BLUE
 03EC  BA 0050		     3	        MOV DX,80
 03EF  B9 008C		     3	        MOV CX,140
 03F2			     3	        ??001A:
 03F2  B9 008C		     3	            MOV CX,140
 03F5  CD 10		     3	            ??001B:INT 10H
 03F7  41		     3	                INC CX
 03F8  81 F9 00A0	     3	                CMP CX,160
 03FC  72 F7		     3	                JB ??001B
 03FE  42		     3	            INC DX
 03FF  81 FA 00DC	     3	            CMP DX,220
 0403  72 ED		     3	            JB ??001A
 0405  33 DB		     3	        XOR BX,BX
 0407  33 C9		     3	        XOR CX,CX
 0409  33 D2		     3	        XOR DX,DX
 040B  B4 0C		     3	        MOV AH,0CH
 040D  A0 001E R	     3	        MOV AL,BLUE
 0410  BA 0050		     3	        MOV DX,80
 0413  B9 00B4		     3	        MOV CX,180
 0416			     3	        ??001C:
 0416  B9 00B4		     3	            MOV CX,180
 0419  CD 10		     3	            ??001D:INT 10H
 041B  41		     3	                INC CX
 041C  81 F9 00C8	     3	                CMP CX,200
 0420  72 F7		     3	                JB ??001D
 0422  42		     3	            INC DX
 0423  81 FA 00DC	     3	            CMP DX,220
 0427  72 ED		     3	            JB ??001C
 0429  33 DB		     3	        XOR BX,BX
 042B  33 C9		     3	        XOR CX,CX
 042D  33 D2		     3	        XOR DX,DX
 042F  B4 0C		     3	        MOV AH,0CH
 0431  A0 001E R	     3	        MOV AL,BLUE
 0434  BA 00C8		     3	        MOV DX,200
 0437  B9 0064		     3	        MOV CX,100
 043A			     3	        ??001E:
 043A  B9 0064		     3	            MOV CX,100
 043D  CD 10		     3	            ??001F:INT 10H
 043F  41		     3	                INC CX
 0440  81 F9 00C8	     3	                CMP CX,200
 0444  72 F7		     3	                JB ??001F
 0446  42		     3	            INC DX
 0447  81 FA 00DC	     3	            CMP DX,220
 044B  72 ED		     3	            JB ??001E
 044D  33 DB		     3	        XOR BX,BX
 044F  33 C9		     3	        XOR CX,CX
 0451  33 D2		     3	        XOR DX,DX
 0453  B4 0C		     3	        MOV AH,0CH
 0455  A0 001E R	     3	        MOV AL,BLUE
 0458  BA 0050		     3	        MOV DX,80
 045B  B9 00FA		     3	        MOV CX,250
 045E			     3	        ??0020:
 045E  B9 00FA		     3	            MOV CX,250
 0461  CD 10		     3	            ??0021:INT 10H
 0463  41		     3	                INC CX
 0464  81 F9 014A	     3	                CMP CX,330
 0468  72 F7		     3	                JB ??0021
 046A  42		     3	            INC DX
 046B  83 FA 64		     3	            CMP DX,100
 046E  72 EE		     3	            JB ??0020
 0470  33 DB		     3	        XOR BX,BX
 0472  33 C9		     3	        XOR CX,CX
 0474  33 D2		     3	        XOR DX,DX
 0476  B4 0C		     3	        MOV AH,0CH
 0478  A0 001E R	     3	        MOV AL,BLUE
 047B  BA 0050		     3	        MOV DX,80
 047E  B9 0118		     3	        MOV CX,280
 0481			     3	        ??0022:
 0481  B9 0118		     3	            MOV CX,280
 0484  CD 10		     3	            ??0023:INT 10H
 0486  41		     3	                INC CX
 0487  81 F9 012C	     3	                CMP CX,300
 048B  72 F7		     3	                JB ??0023
 048D  42		     3	            INC DX
 048E  81 FA 00DC	     3	            CMP DX,220
 0492  72 ED		     3	            JB ??0022
 0494  33 DB		     3	        XOR BX,BX
 0496  33 C9		     3	        XOR CX,CX
 0498  33 D2		     3	        XOR DX,DX
 049A  B4 0C		     3	        MOV AH,0CH
 049C  A0 001E R	     3	        MOV AL,BLUE
 049F  BA 00C8		     3	        MOV DX,200
 04A2  B9 00FA		     3	        MOV CX,250
 04A5			     3	        ??0024:
 04A5  B9 00FA		     3	            MOV CX,250
 04A8  CD 10		     3	            ??0025:INT 10H
 04AA  41		     3	                INC CX
 04AB  81 F9 014A	     3	                CMP CX,330
 04AF  72 F7		     3	                JB ??0025
 04B1  42		     3	            INC DX
 04B2  81 FA 00DC	     3	            CMP DX,220
 04B6  72 ED		     3	            JB ??0024
 04B8  33 DB		     3	        XOR BX,BX
 04BA  33 C9		     3	        XOR CX,CX
 04BC  33 D2		     3	        XOR DX,DX
 04BE  B4 0C		     3	        MOV AH,0CH
 04C0  A0 001E R	     3	        MOV AL,BLUE
 04C3  BA 0050		     3	        MOV DX,80
 04C6  B9 017C		     3	        MOV CX,380
 04C9			     3	        ??0026:
 04C9  B9 017C		     3	            MOV CX,380
 04CC  CD 10		     3	            ??0027:INT 10H
 04CE  41		     3	                INC CX
 04CF  81 F9 0190	     3	                CMP CX,400
 04D3  72 F7		     3	                JB ??0027
 04D5  42		     3	            INC DX
 04D6  81 FA 00DC	     3	            CMP DX,220
 04DA  72 ED		     3	            JB ??0026
 04DC  33 DB		     3	        XOR BX,BX
 04DE  33 C9		     3	        XOR CX,CX
 04E0  33 D2		     3	        XOR DX,DX
 04E2  B4 0C		     3	        MOV AH,0CH
 04E4  A0 001E R	     3	        MOV AL,BLUE
 04E7  BA 0050		     3	        MOV DX,80
 04EA  B9 017C		     3	        MOV CX,380
 04ED			     3	        ??0028:
 04ED  B9 017C		     3	            MOV CX,380
 04F0  CD 10		     3	            ??0029:INT 10H
 04F2  41		     3	                INC CX
 04F3  81 F9 01AE	     3	                CMP CX,430
 04F7  72 F7		     3	                JB ??0029
 04F9  42		     3	            INC DX
 04FA  83 FA 64		     3	            CMP DX,100
 04FD  72 EE		     3	            JB ??0028
 04FF  33 DB		     3	        XOR BX,BX
 0501  33 C9		     3	        XOR CX,CX
 0503  33 D2		     3	        XOR DX,DX
 0505  B4 0C		     3	        MOV AH,0CH
 0507  A0 001E R	     3	        MOV AL,BLUE
 050A  BA 0050		     3	        MOV DX,80
 050D  B9 01AE		     3	        MOV CX,430
 0510			     3	        ??002A:
 0510  B9 01AE		     3	            MOV CX,430
 0513  CD 10		     3	            ??002B:INT 10H
 0515  41		     3	                INC CX
 0516  81 F9 01C2	     3	                CMP CX,450
 051A  72 F7		     3	                JB ??002B
 051C  42		     3	            INC DX
 051D  81 FA 00DC	     3	            CMP DX,220
 0521  72 ED		     3	            JB ??002A
 0523  33 DB		     3	        XOR BX,BX
 0525  33 C9		     3	        XOR CX,CX
 0527  33 D2		     3	        XOR DX,DX
 0529  B4 0C		     3	        MOV AH,0CH
 052B  A0 001E R	     3	        MOV AL,BLUE
 052E  BA 00C8		     3	        MOV DX,200
 0531  B9 01C2		     3	        MOV CX,450
 0534			     3	        ??002C:
 0534  B9 01C2		     3	            MOV CX,450
 0537  CD 10		     3	            ??002D:INT 10H
 0539  41		     3	                INC CX
 053A  81 F9 01E0	     3	                CMP CX,480
 053E  72 F7		     3	                JB ??002D
 0540  42		     3	            INC DX
 0541  81 FA 00DC	     3	            CMP DX,220
 0545  72 ED		     3	            JB ??002C
 0547  33 DB		     3	        XOR BX,BX
 0549  33 C9		     3	        XOR CX,CX
 054B  33 D2		     3	        XOR DX,DX
 054D  B4 0C		     3	        MOV AH,0CH
 054F  A0 001E R	     3	        MOV AL,BLUE
 0552  BA 0050		     3	        MOV DX,80
 0555  B9 01E0		     3	        MOV CX,480
 0558			     3	        ??002E:
 0558  B9 01E0		     3	            MOV CX,480
 055B  CD 10		     3	            ??002F:INT 10H
 055D  41		     3	                INC CX
 055E  81 F9 01F4	     3	                CMP CX,500
 0562  72 F7		     3	                JB ??002F
 0564  42		     3	            INC DX
 0565  81 FA 00DC	     3	            CMP DX,220
 0569  72 ED		     3	            JB ??002E
 056B  33 DB		     2	        XOR BX,BX
 056D  B6 16		     2	        MOV DH,22
 056F  B2 19		     2	        MOV DL,25
 0571  B4 02		     2	        MOV AH,2
 0573  CD 10		     2	        INT 10H
 0575  8B 0E 0073 R	     2	        MOV CX,LENCONSTR
 0579  33 F6		     2	        XOR SI,SI
 057B			     2	        ??0030:
 057B  B4 02		     2	        MOV AH,2
 057D  8A 94 005A R	     2	        MOV DL,CONSTR[SI]
 0581  CD 21		     2	        INT 21H
 0583  46		     2	        INC SI
 0584  E2 F5		     2	        LOOP ??0030
 0586  B4 07			    MOV AH,7
 0588  CD 21			    INT 21H
				    CLEAN
 058A  50		     2	        PUSH AX
 058B  53		     2	        PUSH BX
 058C  51		     2	        PUSH CX
 058D  52		     2	        PUSH DX
 058E  B0 00		     1	        MOV AL,0
 0590  33 C9		     1	        XOR CX,CX
 0592  B6 19		     1	        MOV DH,25
 0594  B2 4E		     1	        MOV DL,78
 0596  B7 00		     1	        MOV BH,0
 0598  B4 07		     1	        MOV AH,7
 059A  CD 10		     1	        INT 10H
 059C  58		     2	        POP AX
 059D  5B		     2	        POP BX
 059E  59		     2	        POP CX
 059F  5A		     2	        POP DX
 05A0  E9 FA62			    JMP STARTPAGE
				    
				    ;死亡结束
 05A3				    DEAD:
				    CLEAN
 05A3  50		     2	        PUSH AX
 05A4  53		     2	        PUSH BX
 05A5  51		     2	        PUSH CX
 05A6  52		     2	        PUSH DX
 05A7  B0 00		     1	        MOV AL,0
 05A9  33 C9		     1	        XOR CX,CX
 05AB  B6 19		     1	        MOV DH,25
 05AD  B2 4E		     1	        MOV DL,78
 05AF  B7 00		     1	        MOV BH,0
 05B1  B4 07		     1	        MOV AH,7
 05B3  CD 10		     1	        INT 10H
 05B5  58		     2	        POP AX
 05B6  5B		     2	        POP BX
 05B7  59		     2	        POP CX
 05B8  5A		     2	        POP DX
				    DRAWDEADSCENCE
 05B9  33 DB		     3	        XOR BX,BX
 05BB  33 C9		     3	        XOR CX,CX
 05BD  33 D2		     3	        XOR DX,DX
 05BF  B4 0C		     3	        MOV AH,0CH
 05C1  A0 001E R	     3	        MOV AL,BLUE
 05C4  BA 0064		     3	        MOV DX,100
 05C7  B9 0050		     3	        MOV CX,80
 05CA			     3	        ??0031:
 05CA  B9 0050		     3	            MOV CX,80
 05CD  CD 10		     3	            ??0032:INT 10H
 05CF  41		     3	                INC CX
 05D0  83 F9 64		     3	                CMP CX,100
 05D3  72 F8		     3	                JB ??0032
 05D5  42		     3	            INC DX
 05D6  81 FA 00D2	     3	            CMP DX,210
 05DA  72 EE		     3	            JB ??0031
 05DC  33 DB		     3	        XOR BX,BX
 05DE  33 C9		     3	        XOR CX,CX
 05E0  33 D2		     3	        XOR DX,DX
 05E2  B4 0C		     3	        MOV AH,0CH
 05E4  A0 001E R	     3	        MOV AL,BLUE
 05E7  BA 0064		     3	        MOV DX,100
 05EA  B9 0050		     3	        MOV CX,80
 05ED			     3	        ??0033:
 05ED  B9 0050		     3	            MOV CX,80
 05F0  CD 10		     3	            ??0034:INT 10H
 05F2  41		     3	                INC CX
 05F3  81 F9 0096	     3	                CMP CX,150
 05F7  72 F7		     3	                JB ??0034
 05F9  42		     3	            INC DX
 05FA  83 FA 78		     3	            CMP DX,120
 05FD  72 EE		     3	            JB ??0033
 05FF  33 DB		     3	        XOR BX,BX
 0601  33 C9		     3	        XOR CX,CX
 0603  33 D2		     3	        XOR DX,DX
 0605  B4 0C		     3	        MOV AH,0CH
 0607  A0 001E R	     3	        MOV AL,BLUE
 060A  BA 006E		     3	        MOV DX,110
 060D  B9 008C		     3	        MOV CX,140
 0610			     3	        ??0035:
 0610  B9 008C		     3	            MOV CX,140
 0613  CD 10		     3	            ??0036:INT 10H
 0615  41		     3	                INC CX
 0616  81 F9 00A0	     3	                CMP CX,160
 061A  72 F7		     3	                JB ??0036
 061C  42		     3	            INC DX
 061D  81 FA 00D2	     3	            CMP DX,210
 0621  72 ED		     3	            JB ??0035
 0623  33 DB		     3	        XOR BX,BX
 0625  33 C9		     3	        XOR CX,CX
 0627  33 D2		     3	        XOR DX,DX
 0629  B4 0C		     3	        MOV AH,0CH
 062B  A0 001E R	     3	        MOV AL,BLUE
 062E  BA 00C8		     3	        MOV DX,200
 0631  B9 0050		     3	        MOV CX,80
 0634			     3	        ??0037:
 0634  B9 0050		     3	            MOV CX,80
 0637  CD 10		     3	            ??0038:INT 10H
 0639  41		     3	                INC CX
 063A  81 F9 0096	     3	                CMP CX,150
 063E  72 F7		     3	                JB ??0038
 0640  42		     3	            INC DX
 0641  81 FA 00DC	     3	            CMP DX,220
 0645  72 ED		     3	            JB ??0037
 0647  33 DB		     3	        XOR BX,BX
 0649  33 C9		     3	        XOR CX,CX
 064B  33 D2		     3	        XOR DX,DX
 064D  B4 0C		     3	        MOV AH,0CH
 064F  A0 001E R	     3	        MOV AL,BLUE
 0652  BA 0064		     3	        MOV DX,100
 0655  B9 00C8		     3	        MOV CX,200
 0658			     3	        ??0039:
 0658  B9 00C8		     3	            MOV CX,200
 065B  CD 10		     3	            ??003A:INT 10H
 065D  41		     3	                INC CX
 065E  81 F9 0118	     3	                CMP CX,280
 0662  72 F7		     3	                JB ??003A
 0664  42		     3	            INC DX
 0665  83 FA 78		     3	            CMP DX,120
 0668  72 EE		     3	            JB ??0039
 066A  33 DB		     3	        XOR BX,BX
 066C  33 C9		     3	        XOR CX,CX
 066E  33 D2		     3	        XOR DX,DX
 0670  B4 0C		     3	        MOV AH,0CH
 0672  A0 001E R	     3	        MOV AL,BLUE
 0675  BA 0096		     3	        MOV DX,150
 0678  B9 00C8		     3	        MOV CX,200
 067B			     3	        ??003B:
 067B  B9 00C8		     3	            MOV CX,200
 067E  CD 10		     3	            ??003C:INT 10H
 0680  41		     3	                INC CX
 0681  81 F9 0118	     3	                CMP CX,280
 0685  72 F7		     3	                JB ??003C
 0687  42		     3	            INC DX
 0688  81 FA 00AA	     3	            CMP DX,170
 068C  72 ED		     3	            JB ??003B
 068E  33 DB		     3	        XOR BX,BX
 0690  33 C9		     3	        XOR CX,CX
 0692  33 D2		     3	        XOR DX,DX
 0694  B4 0C		     3	        MOV AH,0CH
 0696  A0 001E R	     3	        MOV AL,BLUE
 0699  BA 00C8		     3	        MOV DX,200
 069C  B9 00C8		     3	        MOV CX,200
 069F			     3	        ??003D:
 069F  B9 00C8		     3	            MOV CX,200
 06A2  CD 10		     3	            ??003E:INT 10H
 06A4  41		     3	                INC CX
 06A5  81 F9 0118	     3	                CMP CX,280
 06A9  72 F7		     3	                JB ??003E
 06AB  42		     3	            INC DX
 06AC  81 FA 00DC	     3	            CMP DX,220
 06B0  72 ED		     3	            JB ??003D
 06B2  33 DB		     3	        XOR BX,BX
 06B4  33 C9		     3	        XOR CX,CX
 06B6  33 D2		     3	        XOR DX,DX
 06B8  B4 0C		     3	        MOV AH,0CH
 06BA  A0 001E R	     3	        MOV AL,BLUE
 06BD  BA 0064		     3	        MOV DX,100
 06C0  B9 00C8		     3	        MOV CX,200
 06C3			     3	        ??003F:
 06C3  B9 00C8		     3	            MOV CX,200
 06C6  CD 10		     3	            ??0040:INT 10H
 06C8  41		     3	                INC CX
 06C9  81 F9 00DC	     3	                CMP CX,220
 06CD  72 F7		     3	                JB ??0040
 06CF  42		     3	            INC DX
 06D0  81 FA 00DC	     3	            CMP DX,220
 06D4  72 ED		     3	            JB ??003F
 06D6  33 DB		     3	        XOR BX,BX
 06D8  33 C9		     3	        XOR CX,CX
 06DA  33 D2		     3	        XOR DX,DX
 06DC  B4 0C		     3	        MOV AH,0CH
 06DE  A0 001E R	     3	        MOV AL,BLUE
 06E1  BA 0064		     3	        MOV DX,100
 06E4  B9 014A		     3	        MOV CX,330
 06E7			     3	        ??0041:
 06E7  B9 014A		     3	            MOV CX,330
 06EA  CD 10		     3	            ??0042:INT 10H
 06EC  41		     3	                INC CX
 06ED  81 F9 01A4	     3	                CMP CX,420
 06F1  72 F7		     3	                JB ??0042
 06F3  42		     3	            INC DX
 06F4  83 FA 78		     3	            CMP DX,120
 06F7  72 EE		     3	            JB ??0041
 06F9  33 DB		     3	        XOR BX,BX
 06FB  33 C9		     3	        XOR CX,CX
 06FD  33 D2		     3	        XOR DX,DX
 06FF  B4 0C		     3	        MOV AH,0CH
 0701  A0 001E R	     3	        MOV AL,BLUE
 0704  BA 0096		     3	        MOV DX,150
 0707  B9 014A		     3	        MOV CX,330
 070A			     3	        ??0043:
 070A  B9 014A		     3	            MOV CX,330
 070D  CD 10		     3	            ??0044:INT 10H
 070F  41		     3	                INC CX
 0710  81 F9 01A4	     3	                CMP CX,420
 0714  72 F7		     3	                JB ??0044
 0716  42		     3	            INC DX
 0717  81 FA 00AA	     3	            CMP DX,170
 071B  72 ED		     3	            JB ??0043
 071D  33 DB		     3	        XOR BX,BX
 071F  33 C9		     3	        XOR CX,CX
 0721  33 D2		     3	        XOR DX,DX
 0723  B4 0C		     3	        MOV AH,0CH
 0725  A0 001E R	     3	        MOV AL,BLUE
 0728  BA 0064		     3	        MOV DX,100
 072B  B9 014A		     3	        MOV CX,330
 072E			     3	        ??0045:
 072E  B9 014A		     3	            MOV CX,330
 0731  CD 10		     3	            ??0046:INT 10H
 0733  41		     3	                INC CX
 0734  81 F9 015E	     3	                CMP CX,350
 0738  72 F7		     3	                JB ??0046
 073A  42		     3	            INC DX
 073B  81 FA 00DC	     3	            CMP DX,220
 073F  72 ED		     3	            JB ??0045
 0741  33 DB		     3	        XOR BX,BX
 0743  33 C9		     3	        XOR CX,CX
 0745  33 D2		     3	        XOR DX,DX
 0747  B4 0C		     3	        MOV AH,0CH
 0749  A0 001E R	     3	        MOV AL,BLUE
 074C  BA 0064		     3	        MOV DX,100
 074F  B9 0190		     3	        MOV CX,400
 0752			     3	        ??0047:
 0752  B9 0190		     3	            MOV CX,400
 0755  CD 10		     3	            ??0048:INT 10H
 0757  41		     3	                INC CX
 0758  81 F9 01A4	     3	                CMP CX,420
 075C  72 F7		     3	                JB ??0048
 075E  42		     3	            INC DX
 075F  81 FA 00DC	     3	            CMP DX,220
 0763  72 ED		     3	            JB ??0047
 0765  33 DB		     3	        XOR BX,BX
 0767  33 C9		     3	        XOR CX,CX
 0769  33 D2		     3	        XOR DX,DX
 076B  B4 0C		     3	        MOV AH,0CH
 076D  A0 001E R	     3	        MOV AL,BLUE
 0770  BA 0064		     3	        MOV DX,100
 0773  B9 01D6		     3	        MOV CX,470
 0776			     3	        ??0049:
 0776  B9 01D6		     3	            MOV CX,470
 0779  CD 10		     3	            ??004A:INT 10H
 077B  41		     3	                INC CX
 077C  81 F9 021C	     3	                CMP CX,540
 0780  72 F7		     3	                JB ??004A
 0782  42		     3	            INC DX
 0783  83 FA 78		     3	            CMP DX,120
 0786  72 EE		     3	            JB ??0049
 0788  33 DB		     3	        XOR BX,BX
 078A  33 C9		     3	        XOR CX,CX
 078C  33 D2		     3	        XOR DX,DX
 078E  B4 0C		     3	        MOV AH,0CH
 0790  A0 001E R	     3	        MOV AL,BLUE
 0793  BA 00C8		     3	        MOV DX,200
 0796  B9 01D6		     3	        MOV CX,470
 0799			     3	        ??004B:
 0799  B9 01D6		     3	            MOV CX,470
 079C  CD 10		     3	            ??004C:INT 10H
 079E  41		     3	                INC CX
 079F  81 F9 021C	     3	                CMP CX,540
 07A3  72 F7		     3	                JB ??004C
 07A5  42		     3	            INC DX
 07A6  81 FA 00DC	     3	            CMP DX,220
 07AA  72 ED		     3	            JB ??004B
 07AC  33 DB		     3	        XOR BX,BX
 07AE  33 C9		     3	        XOR CX,CX
 07B0  33 D2		     3	        XOR DX,DX
 07B2  B4 0C		     3	        MOV AH,0CH
 07B4  A0 001E R	     3	        MOV AL,BLUE
 07B7  BA 006E		     3	        MOV DX,110
 07BA  B9 0212		     3	        MOV CX,530
 07BD			     3	        ??004D:
 07BD  B9 0212		     3	            MOV CX,530
 07C0  CD 10		     3	            ??004E:INT 10H
 07C2  41		     3	                INC CX
 07C3  81 F9 0226	     3	                CMP CX,550
 07C7  72 F7		     3	                JB ??004E
 07C9  42		     3	            INC DX
 07CA  81 FA 00D2	     3	            CMP DX,210
 07CE  72 ED		     3	            JB ??004D
 07D0  33 DB		     3	        XOR BX,BX
 07D2  33 C9		     3	        XOR CX,CX
 07D4  33 D2		     3	        XOR DX,DX
 07D6  B4 0C		     3	        MOV AH,0CH
 07D8  A0 001E R	     3	        MOV AL,BLUE
 07DB  BA 0064		     3	        MOV DX,100
 07DE  B9 01D6		     3	        MOV CX,470
 07E1			     3	        ??004F:
 07E1  B9 01D6		     3	            MOV CX,470
 07E4  CD 10		     3	            ??0050:INT 10H
 07E6  41		     3	                INC CX
 07E7  81 F9 01EA	     3	                CMP CX,490
 07EB  72 F7		     3	                JB ??0050
 07ED  42		     3	            INC DX
 07EE  81 FA 00DC	     3	            CMP DX,220
 07F2  72 ED		     3	            JB ??004F
 07F4  33 DB		     2	        XOR BX,BX
 07F6  B6 16		     2	        MOV DH,22
 07F8  B2 19		     2	        MOV DL,25
 07FA  B4 02		     2	        MOV AH,2
 07FC  CD 10		     2	        INT 10H
 07FE  8B 0E 0073 R	     2	        MOV CX,LENCONSTR
 0802  33 F6		     2	        XOR SI,SI
 0804			     2	        ??0051:
 0804  B4 02		     2	        MOV AH,2
 0806  8A 94 005A R	     2	        MOV DL,CONSTR[SI]
 080A  CD 21		     2	        INT 21H
 080C  46		     2	        INC SI
 080D  E2 F5		     2	        LOOP ??0051
 080F  B4 07			    MOV AH,7
 0811  CD 21			    INT 21H
				    CLEAN
 0813  50		     2	        PUSH AX
 0814  53		     2	        PUSH BX
 0815  51		     2	        PUSH CX
 0816  52		     2	        PUSH DX
 0817  B0 00		     1	        MOV AL,0
 0819  33 C9		     1	        XOR CX,CX
 081B  B6 19		     1	        MOV DH,25
 081D  B2 4E		     1	        MOV DL,78
 081F  B7 00		     1	        MOV BH,0
 0821  B4 07		     1	        MOV AH,7
 0823  CD 10		     1	        INT 10H
 0825  58		     2	        POP AX
 0826  5B		     2	        POP BX
 0827  59		     2	        POP CX
 0828  5A		     2	        POP DX
 0829  E9 F7D9			    JMP STARTPAGE
				    
 082C				    EXITGAME:   
 082C  B4 4C			    MOV AH,4CH
 082E  CD 21			    INT 21H
				    
 0830				  INITLEVEL1 PROC
				  	CLEAN
 0830  50		     2	        PUSH AX
 0831  53		     2	        PUSH BX
 0832  51		     2	        PUSH CX
 0833  52		     2	        PUSH DX
 0834  B0 00		     1	        MOV AL,0
 0836  33 C9		     1	        XOR CX,CX
 0838  B6 19		     1	        MOV DH,25
 083A  B2 4E		     1	        MOV DL,78
 083C  B7 00		     1	        MOV BH,0
 083E  B4 07		     1	        MOV AH,7
 0840  CD 10		     1	        INT 10H
 0842  58		     2	        POP AX
 0843  5B		     2	        POP BX
 0844  59		     2	        POP CX
 0845  5A		     2	        POP DX
				  	SETPOSL1;方块位置放到第一关开始位置
 0846  B8 005F		     1	        MOV AX,95
 0849  A3 0052 R	     1	        MOV PLYX1,AX
 084C  B8 0055		     1	        MOV AX,85
 084F  A3 0054 R	     1	        MOV PLYY1,AX
 0852  B8 0073		     1	        MOV AX,115
 0855  A3 0056 R	     1	        MOV PLYX2,AX
 0858  B8 0069		     1	        MOV AX,105
 085B  A3 0058 R	     1	        MOV PLYY2,AX
				  	DRAWRECT PLYX1,PLYY1,PLYX2,PLYY2,WHITE  
 085E  33 DB		     1	        XOR BX,BX
 0860  33 C9		     1	        XOR CX,CX
 0862  33 D2		     1	        XOR DX,DX
 0864  B4 0C		     1	        MOV AH,0CH
 0866  A0 0020 R	     1	        MOV AL,WHITE
 0869  8B 16 0054 R	     1	        MOV DX,PLYY1
 086D  8B 0E 0052 R	     1	        MOV CX,PLYX1
 0871			     1	        ??0052:
 0871  8B 0E 0052 R	     1	            MOV CX,PLYX1
 0875  CD 10		     1	            ??0053:INT 10H
 0877  41		     1	                INC CX
 0878  3B 0E 0056 R	     1	                CMP CX,PLYX2
 087C  72 F7		     1	                JB ??0053
 087E  42		     1	            INC DX
 087F  3B 16 0058 R	     1	            CMP DX,PLYY2
 0883  72 EC		     1	            JB ??0052
				  	DRAWLEVEL1
 0885  33 DB		     2	        XOR BX,BX
 0887  33 C9		     2	        XOR CX,CX
 0889  33 D2		     2	        XOR DX,DX
 088B  B4 0C		     2	        MOV AH,0CH
 088D  A0 001E R	     2	        MOV AL,BLUE
 0890  BA 003C		     2	        MOV DX,60
 0893  B9 0064		     2	        MOV CX,100
 0896			     2	        ??0054:
 0896  B9 0064		     2	            MOV CX,100
 0899  CD 10		     2	            ??0055:INT 10H
 089B  41		     2	                INC CX
 089C  81 F9 01F4	     2	                CMP CX,500
 08A0  72 F7		     2	                JB ??0055
 08A2  42		     2	            INC DX
 08A3  83 FA 46		     2	            CMP DX,70
 08A6  72 EE		     2	            JB ??0054
 08A8  33 DB		     2	        XOR BX,BX
 08AA  33 C9		     2	        XOR CX,CX
 08AC  33 D2		     2	        XOR DX,DX
 08AE  B4 0C		     2	        MOV AH,0CH
 08B0  A0 001E R	     2	        MOV AL,BLUE
 08B3  BA 0078		     2	        MOV DX,120
 08B6  B9 0064		     2	        MOV CX,100
 08B9			     2	        ??0056:
 08B9  B9 0064		     2	            MOV CX,100
 08BC  CD 10		     2	            ??0057:INT 10H
 08BE  41		     2	                INC CX
 08BF  81 F9 01C2	     2	                CMP CX,450
 08C3  72 F7		     2	                JB ??0057
 08C5  42		     2	            INC DX
 08C6  81 FA 0082	     2	            CMP DX,130
 08CA  72 ED		     2	            JB ??0056
 08CC  33 DB		     2	        XOR BX,BX
 08CE  33 C9		     2	        XOR CX,CX
 08D0  33 D2		     2	        XOR DX,DX
 08D2  B4 0C		     2	        MOV AH,0CH
 08D4  A0 001E R	     2	        MOV AL,BLUE
 08D7  BA 0078		     2	        MOV DX,120
 08DA  B9 01C2		     2	        MOV CX,450
 08DD			     2	        ??0058:
 08DD  B9 01C2		     2	            MOV CX,450
 08E0  CD 10		     2	            ??0059:INT 10H
 08E2  41		     2	                INC CX
 08E3  81 F9 01CC	     2	                CMP CX,460
 08E7  72 F7		     2	                JB ??0059
 08E9  42		     2	            INC DX
 08EA  81 FA 00FA	     2	            CMP DX,250
 08EE  72 ED		     2	            JB ??0058
 08F0  33 DB		     2	        XOR BX,BX
 08F2  33 C9		     2	        XOR CX,CX
 08F4  33 D2		     2	        XOR DX,DX
 08F6  B4 0C		     2	        MOV AH,0CH
 08F8  A0 001E R	     2	        MOV AL,BLUE
 08FB  BA 003C		     2	        MOV DX,60
 08FE  B9 01F4		     2	        MOV CX,500
 0901			     2	        ??005A:
 0901  B9 01F4		     2	            MOV CX,500
 0904  CD 10		     2	            ??005B:INT 10H
 0906  41		     2	                INC CX
 0907  81 F9 01FE	     2	                CMP CX,510
 090B  72 F7		     2	                JB ??005B
 090D  42		     2	            INC DX
 090E  81 FA 00FA	     2	            CMP DX,250
 0912  72 ED		     2	            JB ??005A
 0914  33 DB		     2	        XOR BX,BX
 0916  33 C9		     2	        XOR CX,CX
 0918  33 D2		     2	        XOR DX,DX
 091A  B4 0C		     2	        MOV AH,0CH
 091C  A0 001F R	     2	        MOV AL,RED
 091F  BA 00F0		     2	        MOV DX,240
 0922  B9 01CC		     2	        MOV CX,460
 0925			     2	        ??005C:
 0925  B9 01CC		     2	            MOV CX,460
 0928  CD 10		     2	            ??005D:INT 10H
 092A  41		     2	                INC CX
 092B  81 F9 01F4	     2	                CMP CX,500
 092F  72 F7		     2	                JB ??005D
 0931  42		     2	            INC DX
 0932  81 FA 00FA	     2	            CMP DX,250
 0936  72 ED		     2	            JB ??005C
 0938  C3			  	RET
 0939				  INITLEVEL1 ENDP
				  
 0939				  INITLEVEL2 PROC
				   CLEAN
 0939  50		     2	        PUSH AX
 093A  53		     2	        PUSH BX
 093B  51		     2	        PUSH CX
 093C  52		     2	        PUSH DX
 093D  B0 00		     1	        MOV AL,0
 093F  33 C9		     1	        XOR CX,CX
 0941  B6 19		     1	        MOV DH,25
 0943  B2 4E		     1	        MOV DL,78
 0945  B7 00		     1	        MOV BH,0
 0947  B4 07		     1	        MOV AH,7
 0949  CD 10		     1	        INT 10H
 094B  58		     2	        POP AX
 094C  5B		     2	        POP BX
 094D  59		     2	        POP CX
 094E  5A		     2	        POP DX
				   SETPOSL2;方块位置放到第二关开始位置
 094F  B8 005F		     1	        MOV AX,95
 0952  A3 0052 R	     1	        MOV PLYX1,AX
 0955  B8 0055		     1	        MOV AX,85
 0958  A3 0054 R	     1	        MOV PLYY1,AX
 095B  B8 0073		     1	        MOV AX,115
 095E  A3 0056 R	     1	        MOV PLYX2,AX
 0961  B8 0069		     1	        MOV AX,105
 0964  A3 0058 R	     1	        MOV PLYY2,AX
				   DRAWRECT PLYX1,PLYY1,PLYX2,PLYY2,WHITE
 0967  33 DB		     1	        XOR BX,BX
 0969  33 C9		     1	        XOR CX,CX
 096B  33 D2		     1	        XOR DX,DX
 096D  B4 0C		     1	        MOV AH,0CH
 096F  A0 0020 R	     1	        MOV AL,WHITE
 0972  8B 16 0054 R	     1	        MOV DX,PLYY1
 0976  8B 0E 0052 R	     1	        MOV CX,PLYX1
 097A			     1	        ??005E:
 097A  8B 0E 0052 R	     1	            MOV CX,PLYX1
 097E  CD 10		     1	            ??005F:INT 10H
 0980  41		     1	                INC CX
 0981  3B 0E 0056 R	     1	                CMP CX,PLYX2
 0985  72 F7		     1	                JB ??005F
 0987  42		     1	            INC DX
 0988  3B 16 0058 R	     1	            CMP DX,PLYY2
 098C  72 EC		     1	            JB ??005E
				   DRAWLEVEL2
 098E  33 DB		     2	        XOR BX,BX
 0990  33 C9		     2	        XOR CX,CX
 0992  33 D2		     2	        XOR DX,DX
 0994  B4 0C		     2	        MOV AH,0CH
 0996  A0 001E R	     2	        MOV AL,BLUE
 0999  BA 003C		     2	        MOV DX,60
 099C  B9 0064		     2	        MOV CX,100
 099F			     2	        ??0060:
 099F  B9 0064		     2	            MOV CX,100
 09A2  CD 10		     2	            ??0061:INT 10H
 09A4  41		     2	                INC CX
 09A5  81 F9 01F4	     2	                CMP CX,500
 09A9  72 F7		     2	                JB ??0061
 09AB  42		     2	            INC DX
 09AC  83 FA 46		     2	            CMP DX,70
 09AF  72 EE		     2	            JB ??0060
 09B1  33 DB		     2	        XOR BX,BX
 09B3  33 C9		     2	        XOR CX,CX
 09B5  33 D2		     2	        XOR DX,DX
 09B7  B4 0C		     2	        MOV AH,0CH
 09B9  A0 001E R	     2	        MOV AL,BLUE
 09BC  BA 0078		     2	        MOV DX,120
 09BF  B9 0064		     2	        MOV CX,100
 09C2			     2	        ??0062:
 09C2  B9 0064		     2	            MOV CX,100
 09C5  CD 10		     2	            ??0063:INT 10H
 09C7  41		     2	                INC CX
 09C8  81 F9 01C2	     2	                CMP CX,450
 09CC  72 F7		     2	                JB ??0063
 09CE  42		     2	            INC DX
 09CF  81 FA 0082	     2	            CMP DX,130
 09D3  72 ED		     2	            JB ??0062
 09D5  33 DB		     2	        XOR BX,BX
 09D7  33 C9		     2	        XOR CX,CX
 09D9  33 D2		     2	        XOR DX,DX
 09DB  B4 0C		     2	        MOV AH,0CH
 09DD  A0 001E R	     2	        MOV AL,BLUE
 09E0  BA 0078		     2	        MOV DX,120
 09E3  B9 01C2		     2	        MOV CX,450
 09E6			     2	        ??0064:
 09E6  B9 01C2		     2	            MOV CX,450
 09E9  CD 10		     2	            ??0065:INT 10H
 09EB  41		     2	                INC CX
 09EC  81 F9 01CC	     2	                CMP CX,460
 09F0  72 F7		     2	                JB ??0065
 09F2  42		     2	            INC DX
 09F3  81 FA 00F0	     2	            CMP DX,240
 09F7  72 ED		     2	            JB ??0064
 09F9  33 DB		     2	        XOR BX,BX
 09FB  33 C9		     2	        XOR CX,CX
 09FD  33 D2		     2	        XOR DX,DX
 09FF  B4 0C		     2	        MOV AH,0CH
 0A01  A0 001E R	     2	        MOV AL,BLUE
 0A04  BA 003C		     2	        MOV DX,60
 0A07  B9 01F4		     2	        MOV CX,500
 0A0A			     2	        ??0066:
 0A0A  B9 01F4		     2	            MOV CX,500
 0A0D  CD 10		     2	            ??0067:INT 10H
 0A0F  41		     2	                INC CX
 0A10  81 F9 01FE	     2	                CMP CX,510
 0A14  72 F7		     2	                JB ??0067
 0A16  42		     2	            INC DX
 0A17  81 FA 0118	     2	            CMP DX,280
 0A1B  72 ED		     2	            JB ??0066
 0A1D  33 DB		     2	        XOR BX,BX
 0A1F  33 C9		     2	        XOR CX,CX
 0A21  33 D2		     2	        XOR DX,DX
 0A23  B4 0C		     2	        MOV AH,0CH
 0A25  A0 001E R	     2	        MOV AL,BLUE
 0A28  BA 00F0		     2	        MOV DX,240
 0A2B  B9 012C		     2	        MOV CX,300
 0A2E			     2	        ??0068:
 0A2E  B9 012C		     2	            MOV CX,300
 0A31  CD 10		     2	            ??0069:INT 10H
 0A33  41		     2	                INC CX
 0A34  81 F9 01CC	     2	                CMP CX,460
 0A38  72 F7		     2	                JB ??0069
 0A3A  42		     2	            INC DX
 0A3B  81 FA 00FA	     2	            CMP DX,250
 0A3F  72 ED		     2	            JB ??0068
 0A41  33 DB		     2	        XOR BX,BX
 0A43  33 C9		     2	        XOR CX,CX
 0A45  33 D2		     2	        XOR DX,DX
 0A47  B4 0C		     2	        MOV AH,0CH
 0A49  A0 001E R	     2	        MOV AL,BLUE
 0A4C  BA 0118		     2	        MOV DX,280
 0A4F  B9 012C		     2	        MOV CX,300
 0A52			     2	        ??006A:
 0A52  B9 012C		     2	            MOV CX,300
 0A55  CD 10		     2	            ??006B:INT 10H
 0A57  41		     2	                INC CX
 0A58  81 F9 01FE	     2	                CMP CX,510
 0A5C  72 F7		     2	                JB ??006B
 0A5E  42		     2	            INC DX
 0A5F  81 FA 0122	     2	            CMP DX,290
 0A63  72 ED		     2	            JB ??006A
 0A65  33 DB		     2	        XOR BX,BX
 0A67  33 C9		     2	        XOR CX,CX
 0A69  33 D2		     2	        XOR DX,DX
 0A6B  B4 0C		     2	        MOV AH,0CH
 0A6D  A0 001F R	     2	        MOV AL,RED
 0A70  BA 00FA		     2	        MOV DX,250
 0A73  B9 012C		     2	        MOV CX,300
 0A76			     2	        ??006C:
 0A76  B9 012C		     2	            MOV CX,300
 0A79  CD 10		     2	            ??006D:INT 10H
 0A7B  41		     2	                INC CX
 0A7C  81 F9 0136	     2	                CMP CX,310
 0A80  72 F7		     2	                JB ??006D
 0A82  42		     2	            INC DX
 0A83  81 FA 0118	     2	            CMP DX,280
 0A87  72 ED		     2	            JB ??006C
 0A89  C3			   RET
 0A8A				  INITLEVEL2 ENDP
				  
 0A8A				  INITLEVEL3 PROC
				   CLEAN
 0A8A  50		     2	        PUSH AX
 0A8B  53		     2	        PUSH BX
 0A8C  51		     2	        PUSH CX
 0A8D  52		     2	        PUSH DX
 0A8E  B0 00		     1	        MOV AL,0
 0A90  33 C9		     1	        XOR CX,CX
 0A92  B6 19		     1	        MOV DH,25
 0A94  B2 4E		     1	        MOV DL,78
 0A96  B7 00		     1	        MOV BH,0
 0A98  B4 07		     1	        MOV AH,7
 0A9A  CD 10		     1	        INT 10H
 0A9C  58		     2	        POP AX
 0A9D  5B		     2	        POP BX
 0A9E  59		     2	        POP CX
 0A9F  5A		     2	        POP DX
				   SETPOSL3;方块位置放到第三关开始位置
 0AA0  B8 0050		     1	        MOV AX,80
 0AA3  A3 0052 R	     1	        MOV PLYX1,AX
 0AA6  B8 00A0		     1	        MOV AX,160
 0AA9  A3 0054 R	     1	        MOV PLYY1,AX
 0AAC  B8 0064		     1	        MOV AX,100
 0AAF  A3 0056 R	     1	        MOV PLYX2,AX
 0AB2  B8 00B4		     1	        MOV AX,180
 0AB5  A3 0058 R	     1	        MOV PLYY2,AX
				   DRAWRECT PLYX1,PLYY1,PLYX2,PLYY2,WHITE
 0AB8  33 DB		     1	        XOR BX,BX
 0ABA  33 C9		     1	        XOR CX,CX
 0ABC  33 D2		     1	        XOR DX,DX
 0ABE  B4 0C		     1	        MOV AH,0CH
 0AC0  A0 0020 R	     1	        MOV AL,WHITE
 0AC3  8B 16 0054 R	     1	        MOV DX,PLYY1
 0AC7  8B 0E 0052 R	     1	        MOV CX,PLYX1
 0ACB			     1	        ??006E:
 0ACB  8B 0E 0052 R	     1	            MOV CX,PLYX1
 0ACF  CD 10		     1	            ??006F:INT 10H
 0AD1  41		     1	                INC CX
 0AD2  3B 0E 0056 R	     1	                CMP CX,PLYX2
 0AD6  72 F7		     1	                JB ??006F
 0AD8  42		     1	            INC DX
 0AD9  3B 16 0058 R	     1	            CMP DX,PLYY2
 0ADD  72 EC		     1	            JB ??006E
				   DRAWLEVEL3
 0ADF  33 DB		     2	        XOR BX,BX
 0AE1  33 C9		     2	        XOR CX,CX
 0AE3  33 D2		     2	        XOR DX,DX
 0AE5  B4 0C		     2	        MOV AH,0CH
 0AE7  A0 001E R	     2	        MOV AL,BLUE
 0AEA  BA 0064		     2	        MOV DX,100
 0AED  B9 0050		     2	        MOV CX,80
 0AF0			     2	        ??0070:
 0AF0  B9 0050		     2	            MOV CX,80
 0AF3  CD 10		     2	            ??0071:INT 10H
 0AF5  41		     2	                INC CX
 0AF6  81 F9 0258	     2	                CMP CX,600
 0AFA  72 F7		     2	                JB ??0071
 0AFC  42		     2	            INC DX
 0AFD  83 FA 6E		     2	            CMP DX,110
 0B00  72 EE		     2	            JB ??0070
 0B02  33 DB		     2	        XOR BX,BX
 0B04  33 C9		     2	        XOR CX,CX
 0B06  33 D2		     2	        XOR DX,DX
 0B08  B4 0C		     2	        MOV AH,0CH
 0B0A  A0 001E R	     2	        MOV AL,BLUE
 0B0D  BA 00DC		     2	        MOV DX,220
 0B10  B9 0050		     2	        MOV CX,80
 0B13			     2	        ??0072:
 0B13  B9 0050		     2	            MOV CX,80
 0B16  CD 10		     2	            ??0073:INT 10H
 0B18  41		     2	                INC CX
 0B19  81 F9 0258	     2	                CMP CX,600
 0B1D  72 F7		     2	                JB ??0073
 0B1F  42		     2	            INC DX
 0B20  81 FA 00E6	     2	            CMP DX,230
 0B24  72 ED		     2	            JB ??0072
 0B26  33 DB		     2	        XOR BX,BX
 0B28  33 C9		     2	        XOR CX,CX
 0B2A  33 D2		     2	        XOR DX,DX
 0B2C  B4 0C		     2	        MOV AH,0CH
 0B2E  A0 001F R	     2	        MOV AL,RED
 0B31  BA 006E		     2	        MOV DX,110
 0B34  B9 024E		     2	        MOV CX,590
 0B37			     2	        ??0074:
 0B37  B9 024E		     2	            MOV CX,590
 0B3A  CD 10		     2	            ??0075:INT 10H
 0B3C  41		     2	                INC CX
 0B3D  81 F9 0258	     2	                CMP CX,600
 0B41  72 F7		     2	                JB ??0075
 0B43  42		     2	            INC DX
 0B44  81 FA 00DC	     2	            CMP DX,220
 0B48  72 ED		     2	            JB ??0074
 0B4A  B4 00		     3	      MOV AH,0             ;读时钟计数器值
 0B4C  CD 1A		     3	      INT 1AH
 0B4E  8B C2		     3	      MOV AX,DX            
 0B50  80 E4 03		     3	      AND AH,3
 0B53  B2 15		     3	      MOV DL,21          ;做除法,余数为随机数
 0B55  F6 F2		     3	      DIV DL
 0B57  33 DB		     3	      XOR BX,BX
 0B59  8A DC		     3	      MOV BL,AH
 0B5B  89 1E 0022 R	     3	      MOV DELTX1,BX
 0B5F  B4 00		     3	      MOV AH,0             ;读时钟计数器值
 0B61  CD 1A		     3	      INT 1AH
 0B63  8B C2		     3	      MOV AX,DX            
 0B65  80 E4 03		     3	      AND AH,3
 0B68  B2 1A		     3	      MOV DL,26           ;做除法,余数为随机数
 0B6A  F6 F2		     3	      DIV DL
 0B6C  33 DB		     3	      XOR BX,BX
 0B6E  8A DC		     3	      MOV BL,AH
 0B70  89 1E 0026 R	     3	      MOV DELTX2,BX
 0B74  B4 00		     3	      MOV AH,0             ;读时钟计数器值
 0B76  CD 1A		     3	      INT 1AH
 0B78  8B C2		     3	      MOV AX,DX            
 0B7A  80 E4 03		     3	      AND AH,3
 0B7D  B2 0B		     3	      MOV DL,11          ;做除法,余数为随机数
 0B7F  F6 F2		     3	      DIV DL
 0B81  33 DB		     3	      XOR BX,BX
 0B83  8A DC		     3	      MOV BL,AH
 0B85  89 1E 0024 R	     3	      MOV DELTY1,BX   
 0B89  B4 00		     3	      MOV AH,0             ;读时钟计数器值
 0B8B  CD 1A		     3	      INT 1AH
 0B8D  8B C2		     3	      MOV AX,DX            
 0B8F  80 E4 03		     3	      AND AH,3
 0B92  B2 10		     3	      MOV DL,16           ;做除法,余数为随机数
 0B94  F6 F2		     3	      DIV DL
 0B96  33 DB		     3	      XOR BX,BX
 0B98  8A DC		     3	      MOV BL,AH
 0B9A  89 1E 0028 R	     3	      MOV DELTY2,BX                  
 0B9E  33 F6		     2	        XOR SI,SI
 0BA0			     2	        NEXTBARRIER:
 0BA0  A1 0022 R	     2	        MOV AX,DELTX1
 0BA3  03 84 002A R	     2	        ADD AX,POSX1[SI]
 0BA7  89 84 002A R	     2	        MOV POSX1[SI],AX
 0BAB  A1 0024 R	     2	        MOV AX,DELTY1
 0BAE  03 84 0034 R	     2	        ADD AX,POSY1[SI]
 0BB2  89 84 0034 R	     2	        MOV POSY1[SI],AX
 0BB6  A1 0026 R	     2	        MOV AX,DELTX2
 0BB9  03 84 003E R	     2	        ADD AX,POSX2[SI]
 0BBD  89 84 003E R	     2	        MOV POSX2[SI],AX
 0BC1  A1 0028 R	     2	        MOV AX,DELTY2
 0BC4  03 84 0048 R	     2	        ADD AX,POSY2[SI]
 0BC8  89 84 0048 R	     2	        MOV POSY2[SI],AX
 0BCC  33 DB		     3	        XOR BX,BX
 0BCE  33 C9		     3	        XOR CX,CX
 0BD0  33 D2		     3	        XOR DX,DX
 0BD2  B4 0C		     3	        MOV AH,0CH
 0BD4  A0 001E R	     3	        MOV AL,BLUE
 0BD7  8B 94 0034 R	     3	        MOV DX,POSY1[SI]
 0BDB  8B 8C 002A R	     3	        MOV CX,POSX1[SI]
 0BDF			     3	        ??0077:
 0BDF  8B 8C 002A R	     3	            MOV CX,POSX1[SI]
 0BE3  CD 10		     3	            ??0078:INT 10H
 0BE5  41		     3	                INC CX
 0BE6  3B 8C 003E R	     3	                CMP CX,POSX2[SI]
 0BEA  72 F7		     3	                JB ??0078
 0BEC  42		     3	            INC DX
 0BED  3B 94 0048 R	     3	            CMP DX,POSY2[SI]
 0BF1  72 EC		     3	            JB ??0077
 0BF3  46		     2	        INC SI
 0BF4  46		     2	        INC SI
 0BF5  83 FE 0A		     2	        CMP SI,10
 0BF8  72 A6		     2	        JB NEXTBARRIER 
 0BFA  C3			   RET
 0BFB				  INITLEVEL3 ENDP
				  
 0BFB				  PLYOPERATE PROC
				  	PLYMOVE PLYX1,PLYY1,PLYX2,PLYY2
 0BFB  B4 07		     1	        MOV AH,7
 0BFD  CD 21		     1	        INT 21H
 0BFF  50		     1	        PUSH AX     
 0C00  33 DB		     2	        XOR BX,BX
 0C02  33 C9		     2	        XOR CX,CX
 0C04  33 D2		     2	        XOR DX,DX
 0C06  B4 0C		     2	        MOV AH,0CH
 0C08  A0 0021 R	     2	        MOV AL,BLACK
 0C0B  8B 16 0054 R	     2	        MOV DX,PLYY1
 0C0F  8B 0E 0052 R	     2	        MOV CX,PLYX1
 0C13			     2	        ??007E:
 0C13  8B 0E 0052 R	     2	            MOV CX,PLYX1
 0C17  CD 10		     2	            ??007F:INT 10H
 0C19  41		     2	                INC CX
 0C1A  3B 0E 0056 R	     2	                CMP CX,PLYX2
 0C1E  72 F7		     2	                JB ??007F
 0C20  42		     2	            INC DX
 0C21  3B 16 0058 R	     2	            CMP DX,PLYY2
 0C25  72 EC		     2	            JB ??007E
 0C27  58		     1	        POP AX
 0C28  3C 77		     1	        CMP AL,'w'
 0C2A  74 0E		     1	        JZ ??0079
 0C2C  3C 61		     1	        CMP AL,'a'
 0C2E  74 3A		     1	        JZ ??007B
 0C30  3C 73		     1	        CMP AL,'s'
 0C32  74 1E		     1	        JZ ??007A
 0C34  3C 64		     1	        CMP AL,'d'
 0C36  74 4A		     1	        JZ ??007C
 0C38  EB 60		     1	        JMP ??007D
 0C3A			     1	        ??0079:
 0C3A  8B 0E 0054 R	     2	        MOV CX,PLYY1
 0C3E  8B 16 0058 R	     2	        MOV DX,PLYY2
 0C42  83 E9 05		     2	        SUB CX,5
 0C45  83 EA 05		     2	        SUB DX,5
 0C48  89 0E 0054 R	     2	        MOV PLYY1,CX
 0C4C  89 16 0058 R	     2	        MOV PLYY2,DX
 0C50  EB 48		     1	        JMP ??007D
 0C52			     1	        ??007A:
 0C52  8B 0E 0054 R	     2	        MOV CX,PLYY1
 0C56  8B 16 0058 R	     2	        MOV DX,PLYY2
 0C5A  83 C1 05		     2	        ADD CX,5
 0C5D  83 C2 05		     2	        ADD DX,5
 0C60  89 0E 0054 R	     2	        MOV PLYY1,CX
 0C64  89 16 0058 R	     2	        MOV PLYY2,DX
 0C68  EB 30		     1	        JMP ??007D
 0C6A			     1	        ??007B:
 0C6A  8B 0E 0052 R	     2	        MOV CX,PLYX1
 0C6E  8B 16 0056 R	     2	        MOV DX,PLYX2
 0C72  83 E9 05		     2	        SUB CX,5
 0C75  83 EA 05		     2	        SUB DX,5
 0C78  89 0E 0052 R	     2	        MOV PLYX1,CX
 0C7C  89 16 0056 R	     2	        MOV PLYX2,DX
 0C80  EB 18		     1	        JMP ??007D
 0C82			     1	        ??007C:
 0C82  8B 0E 0052 R	     2	        MOV CX,PLYX1
 0C86  8B 16 0056 R	     2	        MOV DX,PLYX2
 0C8A  83 C1 05		     2	        ADD CX,5
 0C8D  83 C2 05		     2	        ADD DX,5
 0C90  89 0E 0052 R	     2	        MOV PLYX1,CX
 0C94  89 16 0056 R	     2	        MOV PLYX2,DX
 0C98  EB 00		     1	        JMP ??007D
 0C9A			     1	        ??007D:
 0C9A  33 DB		     2	        XOR BX,BX
 0C9C  33 C9		     2	        XOR CX,CX
 0C9E  33 D2		     2	        XOR DX,DX
 0CA0  B4 0C		     2	        MOV AH,0CH
 0CA2  A0 0020 R	     2	        MOV AL,WHITE
 0CA5  8B 16 0054 R	     2	        MOV DX,PLYY1
 0CA9  8B 0E 0052 R	     2	        MOV CX,PLYX1
 0CAD			     2	        ??0080:
 0CAD  8B 0E 0052 R	     2	            MOV CX,PLYX1
 0CB1  CD 10		     2	            ??0081:INT 10H
 0CB3  41		     2	                INC CX
 0CB4  3B 0E 0056 R	     2	                CMP CX,PLYX2
 0CB8  72 F7		     2	                JB ??0081
 0CBA  42		     2	            INC DX
 0CBB  3B 16 0058 R	     2	            CMP DX,PLYY2
 0CBF  72 EC		     2	            JB ??0080
 0CC1  C3			  	RET
 0CC2				  PLYOPERATE ENDP
				    
 0CC2				CODES ENDS
				    END START








				  



Microsoft (R) Macro Assembler Version 6.11		    07/06/18 13:34:39
tempfile.asm						     Symbols 2 - 1




Macros:

                N a m e                 Type

CLEAN  . . . . . . . . . . . . .	Proc
COLORSHOW  . . . . . . . . . . .	Proc
DRAWBORDER . . . . . . . . . . .	Proc
DRAWDEADIMG  . . . . . . . . . .	Proc
DRAWDEADSCENCE . . . . . . . . .	Proc
DRAWLEVEL1 . . . . . . . . . . .	Proc
DRAWLEVEL2 . . . . . . . . . . .	Proc
DRAWLEVEL3 . . . . . . . . . . .	Proc
DRAWRECT . . . . . . . . . . . .	Proc
DRAWSTART  . . . . . . . . . . .	Proc
DRAWVICTORYIMG . . . . . . . . .	Proc
DRAWVICTORYSCENCE  . . . . . . .	Proc
JUDGE  . . . . . . . . . . . . .	Proc
LDRGI  . . . . . . . . . . . . .	Proc
LOADBARRIER  . . . . . . . . . .	Proc
MOVEDOWN . . . . . . . . . . . .	Proc
MOVELEFT . . . . . . . . . . . .	Proc
MOVERIGHT  . . . . . . . . . . .	Proc
MOVEUP . . . . . . . . . . . . .	Proc
PLYMOVE  . . . . . . . . . . . .	Proc
RANNUM . . . . . . . . . . . . .	Proc
SETPOSL1 . . . . . . . . . . . .	Proc
SETPOSL2 . . . . . . . . . . . .	Proc
SETPOSL3 . . . . . . . . . . . .	Proc
SVRGI  . . . . . . . . . . . . .	Proc
WORDSHOW . . . . . . . . . . . .	Proc
WRITECONWORD . . . . . . . . . .	Proc
WRITEFULL  . . . . . . . . . . .	Proc
WRITESIMPLE  . . . . . . . . . .	Proc
WRITESTARTOPTION . . . . . . . .	Proc


Segments and Groups:

                N a m e                 Size     Length   Align   Combine Class

CODES  . . . . . . . . . . . . .	16 Bit	 0CC2	  Para	  Private 
DATAS  . . . . . . . . . . . . .	16 Bit	 0075	  Para	  Private 
STACKS . . . . . . . . . . . . .	16 Bit	 0000	  Para	  Private 


Procedures,  parameters and locals:

                N a m e                 Type     Value    Attr

INITLEVEL1 . . . . . . . . . . .	P Near	 0830	  CODES	Length= 0109 Public
  ??0052 . . . . . . . . . . . .	L Near	 0871	  CODES	
  ??0053 . . . . . . . . . . . .	L Near	 0875	  CODES	
  ??0054 . . . . . . . . . . . .	L Near	 0896	  CODES	
  ??0055 . . . . . . . . . . . .	L Near	 0899	  CODES	
  ??0056 . . . . . . . . . . . .	L Near	 08B9	  CODES	
  ??0057 . . . . . . . . . . . .	L Near	 08BC	  CODES	
  ??0058 . . . . . . . . . . . .	L Near	 08DD	  CODES	
  ??0059 . . . . . . . . . . . .	L Near	 08E0	  CODES	
  ??005A . . . . . . . . . . . .	L Near	 0901	  CODES	
  ??005B . . . . . . . . . . . .	L Near	 0904	  CODES	
  ??005C . . . . . . . . . . . .	L Near	 0925	  CODES	
  ??005D . . . . . . . . . . . .	L Near	 0928	  CODES	
INITLEVEL2 . . . . . . . . . . .	P Near	 0939	  CODES	Length= 0151 Public
  ??005E . . . . . . . . . . . .	L Near	 097A	  CODES	
  ??005F . . . . . . . . . . . .	L Near	 097E	  CODES	
  ??0060 . . . . . . . . . . . .	L Near	 099F	  CODES	
  ??0061 . . . . . . . . . . . .	L Near	 09A2	  CODES	
  ??0062 . . . . . . . . . . . .	L Near	 09C2	  CODES	
  ??0063 . . . . . . . . . . . .	L Near	 09C5	  CODES	
  ??0064 . . . . . . . . . . . .	L Near	 09E6	  CODES	
  ??0065 . . . . . . . . . . . .	L Near	 09E9	  CODES	
  ??0066 . . . . . . . . . . . .	L Near	 0A0A	  CODES	
  ??0067 . . . . . . . . . . . .	L Near	 0A0D	  CODES	
  ??0068 . . . . . . . . . . . .	L Near	 0A2E	  CODES	
  ??0069 . . . . . . . . . . . .	L Near	 0A31	  CODES	
  ??006A . . . . . . . . . . . .	L Near	 0A52	  CODES	
  ??006B . . . . . . . . . . . .	L Near	 0A55	  CODES	
  ??006C . . . . . . . . . . . .	L Near	 0A76	  CODES	
  ??006D . . . . . . . . . . . .	L Near	 0A79	  CODES	
INITLEVEL3 . . . . . . . . . . .	P Near	 0A8A	  CODES	Length= 0171 Public
  ??006E . . . . . . . . . . . .	L Near	 0ACB	  CODES	
  ??006F . . . . . . . . . . . .	L Near	 0ACF	  CODES	
  ??0070 . . . . . . . . . . . .	L Near	 0AF0	  CODES	
  ??0071 . . . . . . . . . . . .	L Near	 0AF3	  CODES	
  ??0072 . . . . . . . . . . . .	L Near	 0B13	  CODES	
  ??0073 . . . . . . . . . . . .	L Near	 0B16	  CODES	
  ??0074 . . . . . . . . . . . .	L Near	 0B37	  CODES	
  ??0075 . . . . . . . . . . . .	L Near	 0B3A	  CODES	
  NEXTBARRIER  . . . . . . . . .	L Near	 0BA0	  CODES	
  ??0077 . . . . . . . . . . . .	L Near	 0BDF	  CODES	
  ??0078 . . . . . . . . . . . .	L Near	 0BE3	  CODES	
PLYOPERATE . . . . . . . . . . .	P Near	 0BFB	  CODES	Length= 00C7 Public
  ??007E . . . . . . . . . . . .	L Near	 0C13	  CODES	
  ??007F . . . . . . . . . . . .	L Near	 0C17	  CODES	
  ??0079 . . . . . . . . . . . .	L Near	 0C3A	  CODES	
  ??007A . . . . . . . . . . . .	L Near	 0C52	  CODES	
  ??007B . . . . . . . . . . . .	L Near	 0C6A	  CODES	
  ??007C . . . . . . . . . . . .	L Near	 0C82	  CODES	
  ??007D . . . . . . . . . . . .	L Near	 0C9A	  CODES	
  ??0080 . . . . . . . . . . . .	L Near	 0CAD	  CODES	
  ??0081 . . . . . . . . . . . .	L Near	 0CB1	  CODES	


Symbols:

                N a m e                 Type     Value    Attr

??0000 . . . . . . . . . . . . .	L Near	 000F	  CODES	
??0001 . . . . . . . . . . . . .	L Near	 0055	  CODES	
??0002 . . . . . . . . . . . . .	L Near	 0068	  CODES	
??0003 . . . . . . . . . . . . .	L Near	 011C	  CODES	
??0004 . . . . . . . . . . . . .	L Near	 0191	  CODES	
??0005 . . . . . . . . . . . . .	L Near	 01E2	  CODES	
??0006 . . . . . . . . . . . . .	L Near	 01FA	  CODES	
??0007 . . . . . . . . . . . . .	L Near	 0212	  CODES	
??0008 . . . . . . . . . . . . .	L Near	 022A	  CODES	
??0009 . . . . . . . . . . . . .	L Near	 0242	  CODES	
??000A . . . . . . . . . . . . .	L Near	 01BB	  CODES	
??000B . . . . . . . . . . . . .	L Near	 01BF	  CODES	
??000C . . . . . . . . . . . . .	L Near	 0255	  CODES	
??000D . . . . . . . . . . . . .	L Near	 0259	  CODES	
??000E . . . . . . . . . . . . .	L Near	 02CD	  CODES	
??000F . . . . . . . . . . . . .	L Near	 031E	  CODES	
??0010 . . . . . . . . . . . . .	L Near	 0336	  CODES	
??0011 . . . . . . . . . . . . .	L Near	 034E	  CODES	
??0012 . . . . . . . . . . . . .	L Near	 0366	  CODES	
??0013 . . . . . . . . . . . . .	L Near	 037E	  CODES	
??0014 . . . . . . . . . . . . .	L Near	 02F7	  CODES	
??0015 . . . . . . . . . . . . .	L Near	 02FB	  CODES	
??0016 . . . . . . . . . . . . .	L Near	 0391	  CODES	
??0017 . . . . . . . . . . . . .	L Near	 0395	  CODES	
??0018 . . . . . . . . . . . . .	L Near	 03CF	  CODES	
??0019 . . . . . . . . . . . . .	L Near	 03D2	  CODES	
??001A . . . . . . . . . . . . .	L Near	 03F2	  CODES	
??001B . . . . . . . . . . . . .	L Near	 03F5	  CODES	
??001C . . . . . . . . . . . . .	L Near	 0416	  CODES	
??001D . . . . . . . . . . . . .	L Near	 0419	  CODES	
??001E . . . . . . . . . . . . .	L Near	 043A	  CODES	
??001F . . . . . . . . . . . . .	L Near	 043D	  CODES	
??0020 . . . . . . . . . . . . .	L Near	 045E	  CODES	
??0021 . . . . . . . . . . . . .	L Near	 0461	  CODES	
??0022 . . . . . . . . . . . . .	L Near	 0481	  CODES	
??0023 . . . . . . . . . . . . .	L Near	 0484	  CODES	
??0024 . . . . . . . . . . . . .	L Near	 04A5	  CODES	
??0025 . . . . . . . . . . . . .	L Near	 04A8	  CODES	
??0026 . . . . . . . . . . . . .	L Near	 04C9	  CODES	
??0027 . . . . . . . . . . . . .	L Near	 04CC	  CODES	
??0028 . . . . . . . . . . . . .	L Near	 04ED	  CODES	
??0029 . . . . . . . . . . . . .	L Near	 04F0	  CODES	
??002A . . . . . . . . . . . . .	L Near	 0510	  CODES	
??002B . . . . . . . . . . . . .	L Near	 0513	  CODES	
??002C . . . . . . . . . . . . .	L Near	 0534	  CODES	
??002D . . . . . . . . . . . . .	L Near	 0537	  CODES	
??002E . . . . . . . . . . . . .	L Near	 0558	  CODES	
??002F . . . . . . . . . . . . .	L Near	 055B	  CODES	
??0030 . . . . . . . . . . . . .	L Near	 057B	  CODES	
??0031 . . . . . . . . . . . . .	L Near	 05CA	  CODES	
??0032 . . . . . . . . . . . . .	L Near	 05CD	  CODES	
??0033 . . . . . . . . . . . . .	L Near	 05ED	  CODES	
??0034 . . . . . . . . . . . . .	L Near	 05F0	  CODES	
??0035 . . . . . . . . . . . . .	L Near	 0610	  CODES	
??0036 . . . . . . . . . . . . .	L Near	 0613	  CODES	
??0037 . . . . . . . . . . . . .	L Near	 0634	  CODES	
??0038 . . . . . . . . . . . . .	L Near	 0637	  CODES	
??0039 . . . . . . . . . . . . .	L Near	 0658	  CODES	
??003A . . . . . . . . . . . . .	L Near	 065B	  CODES	
??003B . . . . . . . . . . . . .	L Near	 067B	  CODES	
??003C . . . . . . . . . . . . .	L Near	 067E	  CODES	
??003D . . . . . . . . . . . . .	L Near	 069F	  CODES	
??003E . . . . . . . . . . . . .	L Near	 06A2	  CODES	
??003F . . . . . . . . . . . . .	L Near	 06C3	  CODES	
??0040 . . . . . . . . . . . . .	L Near	 06C6	  CODES	
??0041 . . . . . . . . . . . . .	L Near	 06E7	  CODES	
??0042 . . . . . . . . . . . . .	L Near	 06EA	  CODES	
??0043 . . . . . . . . . . . . .	L Near	 070A	  CODES	
??0044 . . . . . . . . . . . . .	L Near	 070D	  CODES	
??0045 . . . . . . . . . . . . .	L Near	 072E	  CODES	
??0046 . . . . . . . . . . . . .	L Near	 0731	  CODES	
??0047 . . . . . . . . . . . . .	L Near	 0752	  CODES	
??0048 . . . . . . . . . . . . .	L Near	 0755	  CODES	
??0049 . . . . . . . . . . . . .	L Near	 0776	  CODES	
??004A . . . . . . . . . . . . .	L Near	 0779	  CODES	
??004B . . . . . . . . . . . . .	L Near	 0799	  CODES	
??004C . . . . . . . . . . . . .	L Near	 079C	  CODES	
??004D . . . . . . . . . . . . .	L Near	 07BD	  CODES	
??004E . . . . . . . . . . . . .	L Near	 07C0	  CODES	
??004F . . . . . . . . . . . . .	L Near	 07E1	  CODES	
??0050 . . . . . . . . . . . . .	L Near	 07E4	  CODES	
??0051 . . . . . . . . . . . . .	L Near	 0804	  CODES	
BLACK  . . . . . . . . . . . . .	Byte	 0021	  DATAS	
BLUE . . . . . . . . . . . . . .	Byte	 001E	  DATAS	
CONSTR . . . . . . . . . . . . .	Byte	 005A	  DATAS	
DEAD . . . . . . . . . . . . . .	L Near	 05A3	  CODES	
DELTX1 . . . . . . . . . . . . .	Word	 0022	  DATAS	
DELTX2 . . . . . . . . . . . . .	Word	 0026	  DATAS	
DELTY1 . . . . . . . . . . . . .	Word	 0024	  DATAS	
DELTY2 . . . . . . . . . . . . .	Word	 0028	  DATAS	
EGAME  . . . . . . . . . . . . .	Byte	 0017	  DATAS	
EXITGAME . . . . . . . . . . . .	L Near	 082C	  CODES	
LENCONSTR  . . . . . . . . . . .	Word	 0073	  DATAS	
LGAME  . . . . . . . . . . . . .	Byte	 000B	  DATAS	
NEXTSTEP_L1  . . . . . . . . . .	L Near	 00BE	  CODES	
NEXTSTEP_L2  . . . . . . . . . .	L Near	 0133	  CODES	
NEXTSTEP_L3  . . . . . . . . . .	L Near	 026F	  CODES	
NGAME  . . . . . . . . . . . . .	Byte	 0000	  DATAS	
PLAYLEVEL1 . . . . . . . . . . .	L Near	 00BB	  CODES	
PLAYLEVEL2 . . . . . . . . . . .	L Near	 0130	  CODES	
PLAYLEVEL3 . . . . . . . . . . .	L Near	 026C	  CODES	
PLYX1  . . . . . . . . . . . . .	Word	 0052	  DATAS	
PLYX2  . . . . . . . . . . . . .	Word	 0056	  DATAS	
PLYY1  . . . . . . . . . . . . .	Word	 0054	  DATAS	
PLYY2  . . . . . . . . . . . . .	Word	 0058	  DATAS	
POSX1  . . . . . . . . . . . . .	Word	 002A	  DATAS	
POSX2  . . . . . . . . . . . . .	Word	 003E	  DATAS	
POSY1  . . . . . . . . . . . . .	Word	 0034	  DATAS	
POSY2  . . . . . . . . . . . . .	Word	 0048	  DATAS	
RED  . . . . . . . . . . . . . .	Byte	 001F	  DATAS	
STARTGAME  . . . . . . . . . . .	L Near	 00B5	  CODES	
STARTPAGE  . . . . . . . . . . .	L Near	 0005	  CODES	
START  . . . . . . . . . . . . .	L Near	 0000	  CODES	
VICTORY  . . . . . . . . . . . .	L Near	 03A8	  CODES	
WHITE  . . . . . . . . . . . . .	Byte	 0020	  DATAS	

	   0 Warnings
	   0 Errors
