Microsoft (R) Macro Assembler Version 6.11		    07/04/18 08:45:25
tempfile.asm						     Page 1 - 1


 0000				DATA    SEGMENT
 0000 43 3A 5C 31 2E 54		    FILE   DB  'C:\1.TXT', 0
       58 54 00
 0009  0100 [			    BUF    DB  256   DUP(0)
        00
       ]
 0109 0000			   HANDLE  DW  ?
				 
 010B 0A 45 52 52 4F 52		    ERROR_MESSAGE  DB  0AH, 'ERROR ! $' 
       20 21 20 24
 0115				DATA    ENDS
				 
 0000				CODE    SEGMENT
				    ASSUME    CS:CODE, DS:DATA
 0000				START:
 0000  B8 ---- R		    MOV   AX, DATA
 0003  8E D8			    MOV   DS, AX
 0005  BA 0000 R		    MOV   DX, OFFSET   FILE
 0008  B0 00			    MOV   AL, 0
 000A  B4 3D			    MOV   AH, 3DH           ;打开文件
 000C  CD 21			    INT   21H 
 000E  72 29			    JC    ERROR 
				 
 0010  A3 0109 R		    MOV   HANDLE, AX      
				 
 0013  8B D8			    MOV   BX, AX
 0015  B9 00FF			    MOV   CX, 255
 0018  BA 0009 R		    MOV   DX, OFFSET  BUF
 001B  B4 3F			    MOV   AH, 3FH          ;从文件中读255字节→buf
 001D  CD 21			    INT   21H
 001F  72 18			    JC    ERROR
				 
 0021  8B D8			    MOV   BX, AX 
 0023  C6 87 0009 R 24		    MOV   BUF[BX], '$'
 0028  BA 0009 R		    MOV   DX, OFFSET   BUF  ;显示文件内容
 002B  B4 09			    MOV   AH, 9
 002D  CD 21			    INT   21H
				  
 002F  8B 1E 0109 R		    MOV   BX, HANDLE
 0033  B4 3E			    MOV   AH, 3EH           ;关闭文件
 0035  CD 21			    INT   21H    ;    
 0037  73 07			    JNC   END1
				 
 0039				ERROR:
 0039  BA 010B R		    MOV   DX, OFFSET   ERROR_MESSAGE
 003C  B4 09			    MOV   AH, 9
 003E  CD 21			    INT   21H
 0040				END1:
 0040  B4 4C			    MOV   AH, 4CH
 0042  CD 21			    INT   21H
 0044				CODE    ENDS
				    END    START

Microsoft (R) Macro Assembler Version 6.11		    07/04/18 08:45:25
tempfile.asm						     Symbols 2 - 1




Segments and Groups:

                N a m e                 Size     Length   Align   Combine Class

CODE . . . . . . . . . . . . . .	16 Bit	 0044	  Para	  Private 
DATA . . . . . . . . . . . . . .	16 Bit	 0115	  Para	  Private 


Symbols:

                N a m e                 Type     Value    Attr

BUF  . . . . . . . . . . . . . .	Byte	 0009	  DATA	
END1 . . . . . . . . . . . . . .	L Near	 0040	  CODE	
ERROR_MESSAGE  . . . . . . . . .	Byte	 010B	  DATA	
ERROR  . . . . . . . . . . . . .	L Near	 0039	  CODE	
FILE . . . . . . . . . . . . . .	Byte	 0000	  DATA	
HANDLE . . . . . . . . . . . . .	Word	 0109	  DATA	
START  . . . . . . . . . . . . .	L Near	 0000	  CODE	

	   0 Warnings
	   0 Errors
