Microsoft (R) Macro Assembler Version 6.11		    07/06/18 16:11:30
tempfile.asm						     Page 1 - 1


 0000				DATAS SEGMENT
				    ;此处输入数据段代码
 0000 4C 2E 54 58 54 00		    FILENAME DB 'L.TXT',0
 0006 00			    BUF DB ?
 0007 4F 4B 24			    STT DB 'OK$'
 000A				DATAS ENDS

 0000				STACKS SEGMENT
				    ;此处输入堆栈段代码
 0000				STACKS ENDS

 0000				CODES SEGMENT
				    ASSUME CS:CODES,DS:DATAS,SS:STACKS
 0000				START:
 0000  B8 ---- R		    MOV AX,DATAS
 0003  8E D8			    MOV DS,AX
				    ;此处输入代码段代码
				    
 0005  8D 16 0000 R		    LEA DX,FILENAME
 0009  B0 00			    MOV AL,0
 000B  B9 0000			    MOV CX,0
 000E  B4 3C			    MOV AH,3CH
 0010  CD 21			    INT 21H
				    
 0012  8D 16 0006 R		    LEA DX,BUF
 0016  8B D8			    MOV BX,AX
 0018  B9 0001			    MOV CX,1
 001B  B4 3F			    MOV AH,3FH
 001D  CD 21			    INT 21H
				    
 001F  83 FA 35			    CMP DX,'5'
 0022  74 0C			    JZ OKK
				    
 0024				    FIN:
 0024  B4 3E			    MOV AH,3EH
 0026  CD 21			    INT 21H
				    
 0028  B4 01			    MOV AH,1
 002A  CD 21			    INT 21H
				    
 002C  B4 4C			    MOV AH,4CH
 002E  CD 21			    INT 21H
				    
 0030				    OKK:
 0030  8D 16 0007 R			LEA DX,STT
 0034  B4 09			    MOV AH,9
 0036  CD 21			    INT 21H
 0038  EB EA			    JMP FIN
				    
 003A				CODES ENDS
				    END START
Microsoft (R) Macro Assembler Version 6.11		    07/06/18 16:11:30
tempfile.asm						     Symbols 2 - 1




Segments and Groups:

                N a m e                 Size     Length   Align   Combine Class

CODES  . . . . . . . . . . . . .	16 Bit	 003A	  Para	  Private 
DATAS  . . . . . . . . . . . . .	16 Bit	 000A	  Para	  Private 
STACKS . . . . . . . . . . . . .	16 Bit	 0000	  Para	  Private 


Symbols:

                N a m e                 Type     Value    Attr

BUF  . . . . . . . . . . . . . .	Byte	 0006	  DATAS	
FILENAME . . . . . . . . . . . .	Byte	 0000	  DATAS	
FIN  . . . . . . . . . . . . . .	L Near	 0024	  CODES	
OKK  . . . . . . . . . . . . . .	L Near	 0030	  CODES	
START  . . . . . . . . . . . . .	L Near	 0000	  CODES	
STT  . . . . . . . . . . . . . .	Byte	 0007	  DATAS	

	   0 Warnings
	   0 Errors
