Microsoft (R) Macro Assembler Version 6.11		    07/06/18 19:16:34
tempfile.asm						     Page 1 - 1


 0000				DATAS SEGMENT
				    ;此处输入数据段代码
				    ;开始界面信息
 0000 31 2E 4E 45 57 20		     NGAME DB '1.NEW GAME$'
       47 41 4D 45 24
 000B 32 2E 4C 4F 41 44		     LGAME DB '2.LOAD GAME$'
       20 47 41 4D 45 24
 0017 33 2E 45 58 49 54		     EGAME DB '3.EXIT$'
       24
				     ;颜色变量
 001E 0B			     BLUE DB 0BH
 001F 0C			     RED DB 0CH
 0020 0F			     WHITE DB 0FH
 0021 00			     BLACK DB 0 
				     ;第三关生成随机数用
 0022 0000			     DELTX1 DW ?
 0024 0000			     DELTY1 DW ?
 0026 0000			     DELTX2 DW ?
 0028 0000			     DELTY2 DW ?
 002A 0050 00DC 012C 01B8	     POSX1 DW 80,220,300,440,520
       0208
 0034 006E 0096 00B4 008C	     POSY1 DW 110,150,180,140,155
       009B
 003E 0064 00F5 0145 01CC	     POSX2 DW 100,245,325,460,550
       0226
 0048 0082 00AA 00C3 00A0	     POSY2 DW 130,170,195,160,165
       00A5
				     ;玩家位置控制,第1,2关
 0052 005F			     PLYX1 DW 95
 0054 0055			     PLYY1 DW 85
 0056 0073			     PLYX2 DW 115
 0058 0069			     PLYY2 DW 105
				     ;死亡场景用变量
 005A 50 72 65 73 73 20		     CONSTR DB 'P','r','e','s','s',' ','a','n','y',' ','k','e','y',' ','t','o',' ','c','o','n','t','i','n','u','e'
       61 6E 79 20 6B 65
       79 20 74 6F 20 63
       6F 6E 74 69 6E 75
       65
 0073 0019				 LENCONSTR dw $-CONSTR
					 ;关卡读写
 0075 0000				 HANDLE DW ?
 0077 00 00				 LEVEL DB ?,0
 0079 4C 45 56 45 4C 2E			 FILENAME DB 'LEVEL.TXT'  
       54 58 54
 0082				DATAS ENDS

 0000				STACKS SEGMENT
				    ;此处输入堆栈段代码
 0000				STACKS ENDS

 0000				CODES SEGMENT
				    ASSUME CS:CODES,DS:DATAS,SS:STACKS
 0000				START:
 0000  B8 ---- R		    MOV AX,DATAS
 0003  8E D8			    MOV DS,AX
				    ;此处输入代码段代码
				    
				    SVRGI MACRO
				        PUSH AX
				        PUSH BX
				        PUSH CX
				        PUSH DX
				    ENDM
				    
				    LDRGI MACRO
				        POP AX
				        POP BX
				        POP CX
				        POP DX
				    ENDM
				    
				    WRITESTARTOPTION MACRO STR,RW   
				        MOV BH,0
				        MOV DH,RW
				        MOV DL,28
				        MOV AH,2
				        INT 10H
				        LEA DX,STR
				        MOV AH,9
				        INT 21H
				    ENDM
				    
				    ;画开始页面
				    DRAWSTART MACRO
				        SVRGI
				        WRITESTARTOPTION NGAME,8
				        WRITESTARTOPTION LGAME,11
				        WRITESTARTOPTION EGAME,14
				        LDRGI
				    ENDM
				    
				    ;绘制边框
				    ;只写首尾的行
				    WRITESIMPLE MACRO
				        ;只写首尾
				        MOV CX,1
				        ;光标移动
				        MOV DL,0;首
				        MOV AH,2
				        INT 10H
				        ;写'*'
				        MOV AL,'*'
				        MOV AH,0AH
				        INT 10H
				        MOV DL,1;首
				        MOV AH,2
				        INT 10H
				        ;写'*'
				        MOV AL,'*'
				        MOV AH,0AH
				        INT 10H
				        ;光标移动
				        MOV DL,79;尾
				        MOV AH,2
				        INT 10H
				        ;写'*'
				        MOV AL,'*'
				        MOV AH,0AH
				        INT 10H
				         MOV DL,78;尾
				        MOV AH,2
				        INT 10H
				        ;写'*'
				        MOV AL,'*'
				        MOV AH,0AH
				        INT 10H
				        INC DH
				    ENDM
				      
				    ;写满一行  
				    WRITEFULL MACRO
				        MOV CX,80
				        ;光标移动
				        MOV DL,0
				        MOV AH,2
				        INT 10H
				        MOV AL,'*'
				        MOV AH,0AH
				        INT 10H
				        INC DH
				   ENDM
				    ;绘制边框
				     DRAWBORDER MACRO
				        LOCAL NEXTLINE,FULL,FIN
				        XOR DX,DX
				        XOR BX,BX
				        NEXTLINE:
				            CMP DH,0
				            JZ FULL
				            CMP DH,24
				            JZ FULL
				            CMP DH,25
				            JAE FIN
				            WRITESIMPLE
				            JMP NEXTLINE
				        ;写满一行
				        FULL:
				            WRITEFULL
				            JMP NEXTLINE
				        FIN:
				    ENDM
				    
				    
				     ;绘制矩形,来拼出场景
				     ;参数分别为第一个点的坐标,第二个点的坐标,颜色
				     DRAWRECT MACRO X1,Y1,X2,Y2,COLOR
				        LOCAL ROW,COL
				        XOR BX,BX
				        XOR CX,CX
				        XOR DX,DX
				        MOV AH,0CH
				        MOV AL,COLOR
				        MOV DX,Y1
				        MOV CX,X1
				        ROW:
				            MOV CX,X1
				            COL:INT 10H
				                INC CX
				                CMP CX,X2
				                JB COL
				            INC DX
				            CMP DX,Y2
				            JB ROW
				    ENDM


				    ;彩色绘图模式
				    COLORSHOW MACRO
				        MOV AH,0
				        MOV AL,10H
				        INT 10H
				    ENDM
				    
				    ;文字显示模式
				    WORDSHOW MACRO
				        MOV AH,0
				        MOV AL,2
				        INT 10H
				    ENDM


				    ;绘制第一关
				    DRAWLEVEL1 MACRO
				        DRAWRECT 100,60,500,70,BLUE
				        DRAWRECT 100,120,450,130,BLUE
				        DRAWRECT 450,120,460,250,BLUE
				        DRAWRECT 500,60,510,250,BLUE
				        DRAWRECT 460,240,500,250,RED
				    ENDM

				    ;绘制第二关
				    DRAWLEVEL2 MACRO
				        DRAWRECT 100,60,500,70,BLUE
				        DRAWRECT 100,120,450,130,BLUE
				        DRAWRECT 450,120,460,240,BLUE
				        DRAWRECT 500,60,510,280,BLUE
				        DRAWRECT 300,240,460,250,BLUE
				        DRAWRECT 300,280,510,290,BLUE
				        DRAWRECT 300,250,310,280,RED
				    ENDM


				;随机数
				    RANNUM MACRO RAN1,RAN2,RAN3,RAN4
				      ;第一次
				      MOV AH,0             ;读时钟计数器值
				      INT 1AH
				      MOV AX,DX            
				      AND AH,3
				      MOV DL,21          ;做除法,余数为随机数
				      DIV DL
				      XOR BX,BX
				      MOV BL,AH
				      MOV RAN1,BX
				      ;第二次
				      MOV AH,0             ;读时钟计数器值
				      INT 1AH
				      MOV AX,DX            
				      AND AH,3
				      MOV DL,26           ;做除法,余数为随机数
				      DIV DL
				      XOR BX,BX
				      MOV BL,AH
				      MOV RAN2,BX
				      ;第三次
				      MOV AH,0             ;读时钟计数器值
				      INT 1AH
				      MOV AX,DX            
				      AND AH,3
				      MOV DL,11          ;做除法,余数为随机数
				      DIV DL
				      XOR BX,BX
				      MOV BL,AH
				      MOV RAN3,BX   
				      ;第四次
				      MOV AH,0             ;读时钟计数器值
				      INT 1AH
				      MOV AX,DX            
				      AND AH,3
				      MOV DL,16           ;做除法,余数为随机数
				      DIV DL
				      XOR BX,BX
				      MOV BL,AH
				      MOV RAN4,BX                  
				    ENDM
				   
				    ;加载随机障碍,算法为获取随机数种子
				    ;产生四个随机数,作为障碍物的偏移
				    ;偏移施加到点的原始值
				    LOADBARRIER MACRO
				        LOCAL NEXTPOINT
				        RANNUM DELTX1,DELTX2,DELTY1,DELTY2
				        XOR SI,SI
				        
				        NEXTBARRIER:
				        MOV AX,DELTX1
				        ADD AX,POSX1[SI]
				        MOV POSX1[SI],AX
				        MOV AX,DELTY1
				        ADD AX,POSY1[SI]
				        MOV POSY1[SI],AX
				        MOV AX,DELTX2
				        ADD AX,POSX2[SI]
				        MOV POSX2[SI],AX
				        MOV AX,DELTY2
				        ADD AX,POSY2[SI]
				        MOV POSY2[SI],AX
				        
				        
				        DRAWRECT POSX1[SI],POSY1[SI],POSX2[SI],POSY2[SI],BLUE
				        INC SI
				        INC SI
				        CMP SI,10
				        JB NEXTBARRIER 
				    ENDM
				    
				    ;第三关,平行线内随机生成障碍
				    DRAWLEVEL3 MACRO
				        ;先绘制边框,后生成随机障碍物
				        DRAWRECT 80,100,600,110,BLUE
				        DRAWRECT 80,220,600,230,BLUE
				        DRAWRECT 590,110,600,220,RED
				        LOADBARRIER
				    ENDM
				    
				      ;玩家移动,小写wasd控制 
				    PLYMOVE MACRO X1,Y1,X2,Y2
				        LOCAL MUP,MDOWN,MLEFT,MRIGHT,FINSTEP
				        MOV AH,7
				        INT 21H
				        PUSH AX     
				        DRAWRECT PLYX1,PLYY1,PLYX2,PLYY2,BLACK
				        POP AX
				        CMP AL,'w'
				        JZ MUP
				        CMP AL,'a'
				        JZ MLEFT
				        CMP AL,'s'
				        JZ MDOWN
				        CMP AL,'d'
				        JZ MRIGHT
				        JMP FINSTEP
				        ;上
				        MUP:
				        MOVEUP Y1,Y2
				        JMP FINSTEP
				        ;下
				        MDOWN:
				        MOVEDOWN Y1,Y2
				        JMP FINSTEP
				        ;左
				        MLEFT:
				        MOVELEFT X1,X2
				        JMP FINSTEP
				        ;右
				        MRIGHT:
				        MOVERIGHT X1,X2
				        JMP FINSTEP
				        ;移动结束,重新画图
				        FINSTEP:
				        DRAWRECT PLYX1,PLYY1,PLYX2,PLYY2,WHITE
				    ENDM
				    
				    MOVEUP MACRO Y1,Y2
				        MOV CX,Y1
				        MOV DX,Y2
				        SUB CX,5
				        SUB DX,5
				        MOV Y1,CX
				        MOV Y2,DX
				    ENDM
				    
				    MOVEDOWN MACRO Y1,Y2
				        MOV CX,Y1
				        MOV DX,Y2
				        ADD CX,5
				        ADD DX,5
				        MOV Y1,CX
				        MOV Y2,DX
				    ENDM
				    
				    MOVELEFT MACRO X1,X2
				        MOV CX,X1
				        MOV DX,X2
				        SUB CX,5
				        SUB DX,5
				        MOV X1,CX
				        MOV X2,DX
				    ENDM
				    
				    MOVERIGHT MACRO X1,X2
				        MOV CX,X1
				        MOV DX,X2
				        ADD CX,5
				        ADD DX,5
				        MOV X1,CX
				        MOV X2,DX
				    ENDM
				    
				     JUDGE MACRO X,Y
				        LOCAL FINJUD
				        MOV CX,X
				        MOV DX,Y
				        XOR BX,BX
				        
				        ;POINT1
				        MOV AH,0DH
				        INT 10H
				        CMP AL,BLUE
				        JZ FINJUD
				        CMP AL,RED
				        JZ FINJUD
				            
				        ;POINT2
				        PUSH CX
				        ADD CX,20
				        MOV AH,0DH
				        INT 10H
				        CMP AL,BLUE
				        JZ FINJUD
				        CMP AL,RED
				        JZ FINJUD
				        POP CX
				        
				        ;POINT3
				        PUSH CX
				        PUSH DX
				        ADC CX,20
				        ADC DX,20
				        MOV AH,0DH
				        INT 10H
				        CMP AL,BLUE
				        JZ FINJUD
				        CMP AL,RED
				        JZ FINJUD
				        POP DX
				        POP CX
				        
				        ;POINT4
				        PUSH DX
				        ADC DX,20
				        MOV AH,0DH
				        INT 10H
				        CMP AL,BLUE
				        JZ FINJUD
				        CMP AL,RED
				        JZ FINJUD
				        POP DX
				        
				        FINJUD:
				    ENDM
				    
				    ;第一关初始化方块
				    SETPOSL1 MACRO
				        MOV AX,95
				        MOV PLYX1,AX
				        MOV AX,85
				        MOV PLYY1,AX
				        MOV AX,115
				        MOV PLYX2,AX
				        MOV AX,105
				        MOV PLYY2,AX
				    ENDM 
				    
				    ;第二关初始化方块
				    SETPOSL2 MACRO
				        MOV AX,95
				        MOV PLYX1,AX
				        MOV AX,85
				        MOV PLYY1,AX
				        MOV AX,115
				        MOV PLYX2,AX
				        MOV AX,105
				        MOV PLYY2,AX
				    ENDM
				    
				     ;第三关初始化方块
				    SETPOSL3 MACRO
				        MOV AX,80
				        MOV PLYX1,AX
				        MOV AX,160
				        MOV PLYY1,AX
				        MOV AX,100
				        MOV PLYX2,AX
				        MOV AX,180
				        MOV PLYY2,AX
				    ENDM
				    
				    
				    ;图形
				    DRAWDEADIMG MACRO
				    	;字母D,1号
				     	DRAWRECT 80,100,100,210,BLUE
				        DRAWRECT 80,100,150,120,BLUE
				        DRAWRECT 140,110,160,210,BLUE
				        DRAWRECT 80,200,150,220,BLUE
				        ;字母E
				        DRAWRECT 200,100,280,120,BLUE
				        DRAWRECT 200,150,280,170,BLUE
				        DRAWRECT 200,200,280,220,BLUE
				        DRAWRECT 200,100,220,220,BLUE
				        ;字母A
				        DRAWRECT 330,100,420,120,BLUE
				        DRAWRECT 330,150,420,170,BLUE
				        DRAWRECT 330,100,350,220,BLUE
				        DRAWRECT 400,100,420,220,BLUE
				        ;字母D,2号
				     	DRAWRECT 470,100,540,120,BLUE
				        DRAWRECT 470,200,540,220,BLUE
				        DRAWRECT 530,110,550,210,BLUE
				        DRAWRECT 470,100,490,220,BLUE
				    ENDM
				    ;文字
				    WRITECONWORD MACRO
				    	LOCAL WRITENEXT
				        XOR BX,BX
				        MOV DH,22
				        MOV DL,25
				        MOV AH,2
				        INT 10H
				        
				        MOV CX,LENCONSTR
				        XOR SI,SI
				        WRITENEXT:
				        MOV AH,2
				        MOV DL,CONSTR[SI]
				        INT 21H
				        INC SI
				        LOOP WRITENEXT
				    ENDM
				    
				  
				    
				    DRAWVICTORYIMG MACRO
				    	;W
				    	DRAWRECT 100,80,120,220,BLUE
				    	DRAWRECT 140,80,160,220,BLUE
				    	DRAWRECT 180,80,200,220,BLUE
				    	DRAWRECT 100,200,200,220,BLUE
				    	;I
				    	DRAWRECT 250,80,330,100,BLUE
				    	DRAWRECT 280,80,300,220,BLUE
				    	DRAWRECT 250,200,330,220,BLUE
				    	;N
				    	DRAWRECT 380,80,400,220,BLUE
				    	DRAWRECT 380,80,430,100,BLUE
				    	DRAWRECT 430,80,450,220,BLUE
				    	DRAWRECT 450,200,480,220,BLUE
				    	DRAWRECT 480,80,500,220,BLUE
				    ENDM
				    
				    ;加载到特定关卡
				    LOADLEVEL MACRO
				    MOV AL,'1'
				    CMP AL,LEVEL
				    JZ PLAYLEVEL1
				    MOV AL,'2'
				    CMP AL,LEVEL
				    JZ PLAYLEVEL2
				    MOV AL,'3'
				    CMP AL,LEVEL
				    JZ PLAYLEVEL3
				    ENDM
				    ;------------------------------
				    ;开始界面
 0005				    STARTPAGE:
 0005  E8 035D			    CALL INITSTARTPAGE
				    ;选项1,新游戏
 0008  B4 07			    MOV AH,7
 000A  CD 21			    INT 21H
				    ;1.开始游戏
 000C  3C 31			    CMP AL,'1'
 000E  74 0E			    JZ PLAYLEVEL1
				    ;2.继续游戏
 0010  3C 32			    CMP AL,'2'
 0012  75 03 E9 0326		   	JZ LOADGAEM
				    ;3.退出游戏
 0017  3C 33			    CMP AL,'3'
 0019  75 03 E9 0343		    JZ EXITGAME   
				    
				    ;第一关
 001E				    PLAYLEVEL1:
 001E  B0 31			    MOV AL,'1'
 0020  A2 0077 R		    MOV LEVEL,AL
 0023  E8 0CAD			    CALL WRITEFILE
 0026  E8 03DE			   	CALL INITLEVEL1
 0029				    NEXTSTEP_L1:
				    JUDGE PLYX1,PLYY1
 0029  8B 0E 0052 R	     1	        MOV CX,PLYX1
 002D  8B 16 0054 R	     1	        MOV DX,PLYY1
 0031  33 DB		     1	        XOR BX,BX
 0033  B4 0D		     1	        MOV AH,0DH
 0035  CD 10		     1	        INT 10H
 0037  3A 06 001E R	     1	        CMP AL,BLUE
 003B  74 4A		     1	        JZ ??0000
 003D  3A 06 001F R	     1	        CMP AL,RED
 0041  74 44		     1	        JZ ??0000
 0043  51		     1	        PUSH CX
 0044  83 C1 14		     1	        ADD CX,20
 0047  B4 0D		     1	        MOV AH,0DH
 0049  CD 10		     1	        INT 10H
 004B  3A 06 001E R	     1	        CMP AL,BLUE
 004F  74 36		     1	        JZ ??0000
 0051  3A 06 001F R	     1	        CMP AL,RED
 0055  74 30		     1	        JZ ??0000
 0057  59		     1	        POP CX
 0058  51		     1	        PUSH CX
 0059  52		     1	        PUSH DX
 005A  83 D1 14		     1	        ADC CX,20
 005D  83 D2 14		     1	        ADC DX,20
 0060  B4 0D		     1	        MOV AH,0DH
 0062  CD 10		     1	        INT 10H
 0064  3A 06 001E R	     1	        CMP AL,BLUE
 0068  74 1D		     1	        JZ ??0000
 006A  3A 06 001F R	     1	        CMP AL,RED
 006E  74 17		     1	        JZ ??0000
 0070  5A		     1	        POP DX
 0071  59		     1	        POP CX
 0072  52		     1	        PUSH DX
 0073  83 D2 14		     1	        ADC DX,20
 0076  B4 0D		     1	        MOV AH,0DH
 0078  CD 10		     1	        INT 10H
 007A  3A 06 001E R	     1	        CMP AL,BLUE
 007E  74 07		     1	        JZ ??0000
 0080  3A 06 001F R	     1	        CMP AL,RED
 0084  74 01		     1	        JZ ??0000
 0086  5A		     1	        POP DX
 0087			     1	        ??0000:
 0087  3A 06 001E R		    CMP AL,BLUE
 008B  75 03 E9 02A0		    JZ DEAD
 0090  3A 06 001F R		    CMP AL,RED
 0094  74 05			    JZ PLAYLEVEL2
				    ;不死则移动
 0096  E8 0712			    CALL PLYOPERATE
 0099  EB 8E			    JMP NEXTSTEP_L1    
				    ;第二关
 009B				    PLAYLEVEL2:
 009B  B0 32			    MOV AL,'2'
 009D  A2 0077 R		    MOV LEVEL,AL
 00A0  E8 0C30			    CALL WRITEFILE
 00A3  E8 045D			   	CALL INITLEVEL2
 00A6				    NEXTSTEP_L2:
				    JUDGE PLYX1,PLYY1
 00A6  8B 0E 0052 R	     1	        MOV CX,PLYX1
 00AA  8B 16 0054 R	     1	        MOV DX,PLYY1
 00AE  33 DB		     1	        XOR BX,BX
 00B0  B4 0D		     1	        MOV AH,0DH
 00B2  CD 10		     1	        INT 10H
 00B4  3A 06 001E R	     1	        CMP AL,BLUE
 00B8  74 4A		     1	        JZ ??0001
 00BA  3A 06 001F R	     1	        CMP AL,RED
 00BE  74 44		     1	        JZ ??0001
 00C0  51		     1	        PUSH CX
 00C1  83 C1 14		     1	        ADD CX,20
 00C4  B4 0D		     1	        MOV AH,0DH
 00C6  CD 10		     1	        INT 10H
 00C8  3A 06 001E R	     1	        CMP AL,BLUE
 00CC  74 36		     1	        JZ ??0001
 00CE  3A 06 001F R	     1	        CMP AL,RED
 00D2  74 30		     1	        JZ ??0001
 00D4  59		     1	        POP CX
 00D5  51		     1	        PUSH CX
 00D6  52		     1	        PUSH DX
 00D7  83 D1 14		     1	        ADC CX,20
 00DA  83 D2 14		     1	        ADC DX,20
 00DD  B4 0D		     1	        MOV AH,0DH
 00DF  CD 10		     1	        INT 10H
 00E1  3A 06 001E R	     1	        CMP AL,BLUE
 00E5  74 1D		     1	        JZ ??0001
 00E7  3A 06 001F R	     1	        CMP AL,RED
 00EB  74 17		     1	        JZ ??0001
 00ED  5A		     1	        POP DX
 00EE  59		     1	        POP CX
 00EF  52		     1	        PUSH DX
 00F0  83 D2 14		     1	        ADC DX,20
 00F3  B4 0D		     1	        MOV AH,0DH
 00F5  CD 10		     1	        INT 10H
 00F7  3A 06 001E R	     1	        CMP AL,BLUE
 00FB  74 07		     1	        JZ ??0001
 00FD  3A 06 001F R	     1	        CMP AL,RED
 0101  74 01		     1	        JZ ??0001
 0103  5A		     1	        POP DX
 0104			     1	        ??0001:
 0104  3A 06 001E R		    CMP AL,BLUE
 0108  75 03 E9 0223		    JZ DEAD
 010D  3A 06 001F R		    CMP AL,RED
 0111  75 03 E9 00C9		    JZ PLAYLEVEL3
				    ;不死则移动
				    PLYMOVE PLYX1,PLYY1,PLYX2,PLYY2
 0116  B4 07		     1	        MOV AH,7
 0118  CD 21		     1	        INT 21H
 011A  50		     1	        PUSH AX     
 011B  33 DB		     2	        XOR BX,BX
 011D  33 C9		     2	        XOR CX,CX
 011F  33 D2		     2	        XOR DX,DX
 0121  B4 0C		     2	        MOV AH,0CH
 0123  A0 0021 R	     2	        MOV AL,BLACK
 0126  8B 16 0054 R	     2	        MOV DX,PLYY1
 012A  8B 0E 0052 R	     2	        MOV CX,PLYX1
 012E			     2	        ??0007:
 012E  8B 0E 0052 R	     2	            MOV CX,PLYX1
 0132  CD 10		     2	            ??0008:INT 10H
 0134  41		     2	                INC CX
 0135  3B 0E 0056 R	     2	                CMP CX,PLYX2
 0139  72 F7		     2	                JB ??0008
 013B  42		     2	            INC DX
 013C  3B 16 0058 R	     2	            CMP DX,PLYY2
 0140  72 EC		     2	            JB ??0007
 0142  58		     1	        POP AX
 0143  3C 77		     1	        CMP AL,'w'
 0145  74 0E		     1	        JZ ??0002
 0147  3C 61		     1	        CMP AL,'a'
 0149  74 3A		     1	        JZ ??0004
 014B  3C 73		     1	        CMP AL,'s'
 014D  74 1E		     1	        JZ ??0003
 014F  3C 64		     1	        CMP AL,'d'
 0151  74 4A		     1	        JZ ??0005
 0153  EB 60		     1	        JMP ??0006
 0155			     1	        ??0002:
 0155  8B 0E 0054 R	     2	        MOV CX,PLYY1
 0159  8B 16 0058 R	     2	        MOV DX,PLYY2
 015D  83 E9 05		     2	        SUB CX,5
 0160  83 EA 05		     2	        SUB DX,5
 0163  89 0E 0054 R	     2	        MOV PLYY1,CX
 0167  89 16 0058 R	     2	        MOV PLYY2,DX
 016B  EB 48		     1	        JMP ??0006
 016D			     1	        ??0003:
 016D  8B 0E 0054 R	     2	        MOV CX,PLYY1
 0171  8B 16 0058 R	     2	        MOV DX,PLYY2
 0175  83 C1 05		     2	        ADD CX,5
 0178  83 C2 05		     2	        ADD DX,5
 017B  89 0E 0054 R	     2	        MOV PLYY1,CX
 017F  89 16 0058 R	     2	        MOV PLYY2,DX
 0183  EB 30		     1	        JMP ??0006
 0185			     1	        ??0004:
 0185  8B 0E 0052 R	     2	        MOV CX,PLYX1
 0189  8B 16 0056 R	     2	        MOV DX,PLYX2
 018D  83 E9 05		     2	        SUB CX,5
 0190  83 EA 05		     2	        SUB DX,5
 0193  89 0E 0052 R	     2	        MOV PLYX1,CX
 0197  89 16 0056 R	     2	        MOV PLYX2,DX
 019B  EB 18		     1	        JMP ??0006
 019D			     1	        ??0005:
 019D  8B 0E 0052 R	     2	        MOV CX,PLYX1
 01A1  8B 16 0056 R	     2	        MOV DX,PLYX2
 01A5  83 C1 05		     2	        ADD CX,5
 01A8  83 C2 05		     2	        ADD DX,5
 01AB  89 0E 0052 R	     2	        MOV PLYX1,CX
 01AF  89 16 0056 R	     2	        MOV PLYX2,DX
 01B3  EB 00		     1	        JMP ??0006
 01B5			     1	        ??0006:
 01B5  33 DB		     2	        XOR BX,BX
 01B7  33 C9		     2	        XOR CX,CX
 01B9  33 D2		     2	        XOR DX,DX
 01BB  B4 0C		     2	        MOV AH,0CH
 01BD  A0 0020 R	     2	        MOV AL,WHITE
 01C0  8B 16 0054 R	     2	        MOV DX,PLYY1
 01C4  8B 0E 0052 R	     2	        MOV CX,PLYX1
 01C8			     2	        ??0009:
 01C8  8B 0E 0052 R	     2	            MOV CX,PLYX1
 01CC  CD 10		     2	            ??000A:INT 10H
 01CE  41		     2	                INC CX
 01CF  3B 0E 0056 R	     2	                CMP CX,PLYX2
 01D3  72 F7		     2	                JB ??000A
 01D5  42		     2	            INC DX
 01D6  3B 16 0058 R	     2	            CMP DX,PLYY2
 01DA  72 EC		     2	            JB ??0009
 01DC  E9 FEC7			    JMP NEXTSTEP_L2    
				    ;第三关
 01DF				    PLAYLEVEL3:
 01DF  B0 33			    MOV AL,'3'
 01E1  A2 0077 R		    MOV LEVEL,AL
 01E4  E8 0AEC			    CALL WRITEFILE
 01E7  E8 045D			   	CALL INITLEVEL3
 01EA				    NEXTSTEP_L3:
				    JUDGE PLYX1,PLYY1
 01EA  8B 0E 0052 R	     1	        MOV CX,PLYX1
 01EE  8B 16 0054 R	     1	        MOV DX,PLYY1
 01F2  33 DB		     1	        XOR BX,BX
 01F4  B4 0D		     1	        MOV AH,0DH
 01F6  CD 10		     1	        INT 10H
 01F8  3A 06 001E R	     1	        CMP AL,BLUE
 01FC  74 4A		     1	        JZ ??000B
 01FE  3A 06 001F R	     1	        CMP AL,RED
 0202  74 44		     1	        JZ ??000B
 0204  51		     1	        PUSH CX
 0205  83 C1 14		     1	        ADD CX,20
 0208  B4 0D		     1	        MOV AH,0DH
 020A  CD 10		     1	        INT 10H
 020C  3A 06 001E R	     1	        CMP AL,BLUE
 0210  74 36		     1	        JZ ??000B
 0212  3A 06 001F R	     1	        CMP AL,RED
 0216  74 30		     1	        JZ ??000B
 0218  59		     1	        POP CX
 0219  51		     1	        PUSH CX
 021A  52		     1	        PUSH DX
 021B  83 D1 14		     1	        ADC CX,20
 021E  83 D2 14		     1	        ADC DX,20
 0221  B4 0D		     1	        MOV AH,0DH
 0223  CD 10		     1	        INT 10H
 0225  3A 06 001E R	     1	        CMP AL,BLUE
 0229  74 1D		     1	        JZ ??000B
 022B  3A 06 001F R	     1	        CMP AL,RED
 022F  74 17		     1	        JZ ??000B
 0231  5A		     1	        POP DX
 0232  59		     1	        POP CX
 0233  52		     1	        PUSH DX
 0234  83 D2 14		     1	        ADC DX,20
 0237  B4 0D		     1	        MOV AH,0DH
 0239  CD 10		     1	        INT 10H
 023B  3A 06 001E R	     1	        CMP AL,BLUE
 023F  74 07		     1	        JZ ??000B
 0241  3A 06 001F R	     1	        CMP AL,RED
 0245  74 01		     1	        JZ ??000B
 0247  5A		     1	        POP DX
 0248			     1	        ??000B:
 0248  3A 06 001E R		    CMP AL,BLUE
 024C  75 03 E9 00DF		    JZ DEAD
 0251  3A 06 001F R		    CMP AL,RED
 0255  75 03 E9 00C9		    JZ VICTORY
				    ;不死则移动
				    PLYMOVE PLYX1,PLYY1,PLYX2,PLYY2
 025A  B4 07		     1	        MOV AH,7
 025C  CD 21		     1	        INT 21H
 025E  50		     1	        PUSH AX     
 025F  33 DB		     2	        XOR BX,BX
 0261  33 C9		     2	        XOR CX,CX
 0263  33 D2		     2	        XOR DX,DX
 0265  B4 0C		     2	        MOV AH,0CH
 0267  A0 0021 R	     2	        MOV AL,BLACK
 026A  8B 16 0054 R	     2	        MOV DX,PLYY1
 026E  8B 0E 0052 R	     2	        MOV CX,PLYX1
 0272			     2	        ??0011:
 0272  8B 0E 0052 R	     2	            MOV CX,PLYX1
 0276  CD 10		     2	            ??0012:INT 10H
 0278  41		     2	                INC CX
 0279  3B 0E 0056 R	     2	                CMP CX,PLYX2
 027D  72 F7		     2	                JB ??0012
 027F  42		     2	            INC DX
 0280  3B 16 0058 R	     2	            CMP DX,PLYY2
 0284  72 EC		     2	            JB ??0011
 0286  58		     1	        POP AX
 0287  3C 77		     1	        CMP AL,'w'
 0289  74 0E		     1	        JZ ??000C
 028B  3C 61		     1	        CMP AL,'a'
 028D  74 3A		     1	        JZ ??000E
 028F  3C 73		     1	        CMP AL,'s'
 0291  74 1E		     1	        JZ ??000D
 0293  3C 64		     1	        CMP AL,'d'
 0295  74 4A		     1	        JZ ??000F
 0297  EB 60		     1	        JMP ??0010
 0299			     1	        ??000C:
 0299  8B 0E 0054 R	     2	        MOV CX,PLYY1
 029D  8B 16 0058 R	     2	        MOV DX,PLYY2
 02A1  83 E9 05		     2	        SUB CX,5
 02A4  83 EA 05		     2	        SUB DX,5
 02A7  89 0E 0054 R	     2	        MOV PLYY1,CX
 02AB  89 16 0058 R	     2	        MOV PLYY2,DX
 02AF  EB 48		     1	        JMP ??0010
 02B1			     1	        ??000D:
 02B1  8B 0E 0054 R	     2	        MOV CX,PLYY1
 02B5  8B 16 0058 R	     2	        MOV DX,PLYY2
 02B9  83 C1 05		     2	        ADD CX,5
 02BC  83 C2 05		     2	        ADD DX,5
 02BF  89 0E 0054 R	     2	        MOV PLYY1,CX
 02C3  89 16 0058 R	     2	        MOV PLYY2,DX
 02C7  EB 30		     1	        JMP ??0010
 02C9			     1	        ??000E:
 02C9  8B 0E 0052 R	     2	        MOV CX,PLYX1
 02CD  8B 16 0056 R	     2	        MOV DX,PLYX2
 02D1  83 E9 05		     2	        SUB CX,5
 02D4  83 EA 05		     2	        SUB DX,5
 02D7  89 0E 0052 R	     2	        MOV PLYX1,CX
 02DB  89 16 0056 R	     2	        MOV PLYX2,DX
 02DF  EB 18		     1	        JMP ??0010
 02E1			     1	        ??000F:
 02E1  8B 0E 0052 R	     2	        MOV CX,PLYX1
 02E5  8B 16 0056 R	     2	        MOV DX,PLYX2
 02E9  83 C1 05		     2	        ADD CX,5
 02EC  83 C2 05		     2	        ADD DX,5
 02EF  89 0E 0052 R	     2	        MOV PLYX1,CX
 02F3  89 16 0056 R	     2	        MOV PLYX2,DX
 02F7  EB 00		     1	        JMP ??0010
 02F9			     1	        ??0010:
 02F9  33 DB		     2	        XOR BX,BX
 02FB  33 C9		     2	        XOR CX,CX
 02FD  33 D2		     2	        XOR DX,DX
 02FF  B4 0C		     2	        MOV AH,0CH
 0301  A0 0020 R	     2	        MOV AL,WHITE
 0304  8B 16 0054 R	     2	        MOV DX,PLYY1
 0308  8B 0E 0052 R	     2	        MOV CX,PLYX1
 030C			     2	        ??0013:
 030C  8B 0E 0052 R	     2	            MOV CX,PLYX1
 0310  CD 10		     2	            ??0014:INT 10H
 0312  41		     2	                INC CX
 0313  3B 0E 0056 R	     2	                CMP CX,PLYX2
 0317  72 F7		     2	                JB ??0014
 0319  42		     2	            INC DX
 031A  3B 16 0058 R	     2	            CMP DX,PLYY2
 031E  72 EC		     2	            JB ??0013
 0320  E9 FEC7			    JMP NEXTSTEP_L3   
				    ;胜利结束
 0323				    VICTORY:
 0323  E8 07A6			    CALL DRAWVICTORYSCENCE 
 0326  B4 07			    MOV AH,7
 0328  CD 21			    INT 21H
 032A  E8 096B			    CALL CLEAN
 032D  E9 FCD5			    JMP STARTPAGE    
				    ;死亡结束
 0330				    DEAD:
 0330  E8 053F			    CALL DRAWDEADSCENCE
 0333  B4 07			    MOV AH,7
 0335  CD 21			    INT 21H
 0337  E8 095E			    CALL CLEAN
 033A  E9 FCC8			    JMP STARTPAGE
				    
 033D				    LOADGAEM:
 033D  E8 096F			    CALL READFILE
				    LOADLEVEL
 0340  B0 31		     1	    MOV AL,'1'
 0342  3A 06 0077 R	     1	    CMP AL,LEVEL
 0346  75 03 E9 FCD3	     1	    JZ PLAYLEVEL1
 034B  B0 32		     1	    MOV AL,'2'
 034D  3A 06 0077 R	     1	    CMP AL,LEVEL
 0351  75 03 E9 FD45	     1	    JZ PLAYLEVEL2
 0356  B0 33		     1	    MOV AL,'3'
 0358  3A 06 0077 R	     1	    CMP AL,LEVEL
 035C  75 03 E9 FE7E	     1	    JZ PLAYLEVEL3
				       
 0361				    EXITGAME:   
 0361  B4 4C			    MOV AH,4CH
 0363  CD 21			    INT 21H
				  ;-------------------------------
				  ;画开始界面  
 0365				  INITSTARTPAGE PROC
				  	WORDSHOW
 0365  B4 00		     1	        MOV AH,0
 0367  B0 02		     1	        MOV AL,2
 0369  CD 10		     1	        INT 10H
				    DRAWBORDER
 036B  33 D2		     1	        XOR DX,DX
 036D  33 DB		     1	        XOR BX,BX
 036F			     1	        ??0015:
 036F  80 FE 00		     1	            CMP DH,0
 0372  74 41		     1	            JZ ??0016
 0374  80 FE 18		     1	            CMP DH,24
 0377  74 3C		     1	            JZ ??0016
 0379  80 FE 19		     1	            CMP DH,25
 037C  73 4A		     1	            JAE ??0017
 037E  B9 0001		     2	        MOV CX,1
 0381  B2 00		     2	        MOV DL,0;首
 0383  B4 02		     2	        MOV AH,2
 0385  CD 10		     2	        INT 10H
 0387  B0 2A		     2	        MOV AL,'*'
 0389  B4 0A		     2	        MOV AH,0AH
 038B  CD 10		     2	        INT 10H
 038D  B2 01		     2	        MOV DL,1;首
 038F  B4 02		     2	        MOV AH,2
 0391  CD 10		     2	        INT 10H
 0393  B0 2A		     2	        MOV AL,'*'
 0395  B4 0A		     2	        MOV AH,0AH
 0397  CD 10		     2	        INT 10H
 0399  B2 4F		     2	        MOV DL,79;尾
 039B  B4 02		     2	        MOV AH,2
 039D  CD 10		     2	        INT 10H
 039F  B0 2A		     2	        MOV AL,'*'
 03A1  B4 0A		     2	        MOV AH,0AH
 03A3  CD 10		     2	        INT 10H
 03A5  B2 4E		     2	         MOV DL,78;尾
 03A7  B4 02		     2	        MOV AH,2
 03A9  CD 10		     2	        INT 10H
 03AB  B0 2A		     2	        MOV AL,'*'
 03AD  B4 0A		     2	        MOV AH,0AH
 03AF  CD 10		     2	        INT 10H
 03B1  FE C6		     2	        INC DH
 03B3  EB BA		     1	            JMP ??0015
 03B5			     1	        ??0016:
 03B5  B9 0050		     2	        MOV CX,80
 03B8  B2 00		     2	        MOV DL,0
 03BA  B4 02		     2	        MOV AH,2
 03BC  CD 10		     2	        INT 10H
 03BE  B0 2A		     2	        MOV AL,'*'
 03C0  B4 0A		     2	        MOV AH,0AH
 03C2  CD 10		     2	        INT 10H
 03C4  FE C6		     2	        INC DH
 03C6  EB A7		     1	            JMP ??0015
 03C8			     1	        ??0017:
				    DRAWSTART
 03C8  50		     2	        PUSH AX
 03C9  53		     2	        PUSH BX
 03CA  51		     2	        PUSH CX
 03CB  52		     2	        PUSH DX
 03CC  B7 00		     2	        MOV BH,0
 03CE  B6 08		     2	        MOV DH,8
 03D0  B2 1C		     2	        MOV DL,28
 03D2  B4 02		     2	        MOV AH,2
 03D4  CD 10		     2	        INT 10H
 03D6  8D 16 0000 R	     2	        LEA DX,NGAME
 03DA  B4 09		     2	        MOV AH,9
 03DC  CD 21		     2	        INT 21H
 03DE  B7 00		     2	        MOV BH,0
 03E0  B6 0B		     2	        MOV DH,11
 03E2  B2 1C		     2	        MOV DL,28
 03E4  B4 02		     2	        MOV AH,2
 03E6  CD 10		     2	        INT 10H
 03E8  8D 16 000B R	     2	        LEA DX,LGAME
 03EC  B4 09		     2	        MOV AH,9
 03EE  CD 21		     2	        INT 21H
 03F0  B7 00		     2	        MOV BH,0
 03F2  B6 0E		     2	        MOV DH,14
 03F4  B2 1C		     2	        MOV DL,28
 03F6  B4 02		     2	        MOV AH,2
 03F8  CD 10		     2	        INT 10H
 03FA  8D 16 0017 R	     2	        LEA DX,EGAME
 03FE  B4 09		     2	        MOV AH,9
 0400  CD 21		     2	        INT 21H
 0402  58		     2	        POP AX
 0403  5B		     2	        POP BX
 0404  59		     2	        POP CX
 0405  5A		     2	        POP DX
 0406  C3			    RET
 0407				  INITSTARTPAGE ENDP
				    
 0407				  INITLEVEL1 PROC
				  	COLORSHOW
 0407  B4 00		     1	        MOV AH,0
 0409  B0 10		     1	        MOV AL,10H
 040B  CD 10		     1	        INT 10H
 040D  E8 0888			  	CALL CLEAN
				  	SETPOSL1;方块位置放到第一关开始位置
 0410  B8 005F		     1	        MOV AX,95
 0413  A3 0052 R	     1	        MOV PLYX1,AX
 0416  B8 0055		     1	        MOV AX,85
 0419  A3 0054 R	     1	        MOV PLYY1,AX
 041C  B8 0073		     1	        MOV AX,115
 041F  A3 0056 R	     1	        MOV PLYX2,AX
 0422  B8 0069		     1	        MOV AX,105
 0425  A3 0058 R	     1	        MOV PLYY2,AX
				  	DRAWRECT PLYX1,PLYY1,PLYX2,PLYY2,WHITE  
 0428  33 DB		     1	        XOR BX,BX
 042A  33 C9		     1	        XOR CX,CX
 042C  33 D2		     1	        XOR DX,DX
 042E  B4 0C		     1	        MOV AH,0CH
 0430  A0 0020 R	     1	        MOV AL,WHITE
 0433  8B 16 0054 R	     1	        MOV DX,PLYY1
 0437  8B 0E 0052 R	     1	        MOV CX,PLYX1
 043B			     1	        ??0018:
 043B  8B 0E 0052 R	     1	            MOV CX,PLYX1
 043F  CD 10		     1	            ??0019:INT 10H
 0441  41		     1	                INC CX
 0442  3B 0E 0056 R	     1	                CMP CX,PLYX2
 0446  72 F7		     1	                JB ??0019
 0448  42		     1	            INC DX
 0449  3B 16 0058 R	     1	            CMP DX,PLYY2
 044D  72 EC		     1	            JB ??0018
				  	DRAWLEVEL1
 044F  33 DB		     2	        XOR BX,BX
 0451  33 C9		     2	        XOR CX,CX
 0453  33 D2		     2	        XOR DX,DX
 0455  B4 0C		     2	        MOV AH,0CH
 0457  A0 001E R	     2	        MOV AL,BLUE
 045A  BA 003C		     2	        MOV DX,60
 045D  B9 0064		     2	        MOV CX,100
 0460			     2	        ??001A:
 0460  B9 0064		     2	            MOV CX,100
 0463  CD 10		     2	            ??001B:INT 10H
 0465  41		     2	                INC CX
 0466  81 F9 01F4	     2	                CMP CX,500
 046A  72 F7		     2	                JB ??001B
 046C  42		     2	            INC DX
 046D  83 FA 46		     2	            CMP DX,70
 0470  72 EE		     2	            JB ??001A
 0472  33 DB		     2	        XOR BX,BX
 0474  33 C9		     2	        XOR CX,CX
 0476  33 D2		     2	        XOR DX,DX
 0478  B4 0C		     2	        MOV AH,0CH
 047A  A0 001E R	     2	        MOV AL,BLUE
 047D  BA 0078		     2	        MOV DX,120
 0480  B9 0064		     2	        MOV CX,100
 0483			     2	        ??001C:
 0483  B9 0064		     2	            MOV CX,100
 0486  CD 10		     2	            ??001D:INT 10H
 0488  41		     2	                INC CX
 0489  81 F9 01C2	     2	                CMP CX,450
 048D  72 F7		     2	                JB ??001D
 048F  42		     2	            INC DX
 0490  81 FA 0082	     2	            CMP DX,130
 0494  72 ED		     2	            JB ??001C
 0496  33 DB		     2	        XOR BX,BX
 0498  33 C9		     2	        XOR CX,CX
 049A  33 D2		     2	        XOR DX,DX
 049C  B4 0C		     2	        MOV AH,0CH
 049E  A0 001E R	     2	        MOV AL,BLUE
 04A1  BA 0078		     2	        MOV DX,120
 04A4  B9 01C2		     2	        MOV CX,450
 04A7			     2	        ??001E:
 04A7  B9 01C2		     2	            MOV CX,450
 04AA  CD 10		     2	            ??001F:INT 10H
 04AC  41		     2	                INC CX
 04AD  81 F9 01CC	     2	                CMP CX,460
 04B1  72 F7		     2	                JB ??001F
 04B3  42		     2	            INC DX
 04B4  81 FA 00FA	     2	            CMP DX,250
 04B8  72 ED		     2	            JB ??001E
 04BA  33 DB		     2	        XOR BX,BX
 04BC  33 C9		     2	        XOR CX,CX
 04BE  33 D2		     2	        XOR DX,DX
 04C0  B4 0C		     2	        MOV AH,0CH
 04C2  A0 001E R	     2	        MOV AL,BLUE
 04C5  BA 003C		     2	        MOV DX,60
 04C8  B9 01F4		     2	        MOV CX,500
 04CB			     2	        ??0020:
 04CB  B9 01F4		     2	            MOV CX,500
 04CE  CD 10		     2	            ??0021:INT 10H
 04D0  41		     2	                INC CX
 04D1  81 F9 01FE	     2	                CMP CX,510
 04D5  72 F7		     2	                JB ??0021
 04D7  42		     2	            INC DX
 04D8  81 FA 00FA	     2	            CMP DX,250
 04DC  72 ED		     2	            JB ??0020
 04DE  33 DB		     2	        XOR BX,BX
 04E0  33 C9		     2	        XOR CX,CX
 04E2  33 D2		     2	        XOR DX,DX
 04E4  B4 0C		     2	        MOV AH,0CH
 04E6  A0 001F R	     2	        MOV AL,RED
 04E9  BA 00F0		     2	        MOV DX,240
 04EC  B9 01CC		     2	        MOV CX,460
 04EF			     2	        ??0022:
 04EF  B9 01CC		     2	            MOV CX,460
 04F2  CD 10		     2	            ??0023:INT 10H
 04F4  41		     2	                INC CX
 04F5  81 F9 01F4	     2	                CMP CX,500
 04F9  72 F7		     2	                JB ??0023
 04FB  42		     2	            INC DX
 04FC  81 FA 00FA	     2	            CMP DX,250
 0500  72 ED		     2	            JB ??0022
 0502  C3			  	RET
 0503				  INITLEVEL1 ENDP
				      
 0503				  INITLEVEL2 PROC
				   COLORSHOW
 0503  B4 00		     1	        MOV AH,0
 0505  B0 10		     1	        MOV AL,10H
 0507  CD 10		     1	        INT 10H
 0509  E8 078C			   CALL CLEAN
				   SETPOSL2;方块位置放到第二关开始位置
 050C  B8 005F		     1	        MOV AX,95
 050F  A3 0052 R	     1	        MOV PLYX1,AX
 0512  B8 0055		     1	        MOV AX,85
 0515  A3 0054 R	     1	        MOV PLYY1,AX
 0518  B8 0073		     1	        MOV AX,115
 051B  A3 0056 R	     1	        MOV PLYX2,AX
 051E  B8 0069		     1	        MOV AX,105
 0521  A3 0058 R	     1	        MOV PLYY2,AX
				   DRAWRECT PLYX1,PLYY1,PLYX2,PLYY2,WHITE
 0524  33 DB		     1	        XOR BX,BX
 0526  33 C9		     1	        XOR CX,CX
 0528  33 D2		     1	        XOR DX,DX
 052A  B4 0C		     1	        MOV AH,0CH
 052C  A0 0020 R	     1	        MOV AL,WHITE
 052F  8B 16 0054 R	     1	        MOV DX,PLYY1
 0533  8B 0E 0052 R	     1	        MOV CX,PLYX1
 0537			     1	        ??0024:
 0537  8B 0E 0052 R	     1	            MOV CX,PLYX1
 053B  CD 10		     1	            ??0025:INT 10H
 053D  41		     1	                INC CX
 053E  3B 0E 0056 R	     1	                CMP CX,PLYX2
 0542  72 F7		     1	                JB ??0025
 0544  42		     1	            INC DX
 0545  3B 16 0058 R	     1	            CMP DX,PLYY2
 0549  72 EC		     1	            JB ??0024
				   DRAWLEVEL2
 054B  33 DB		     2	        XOR BX,BX
 054D  33 C9		     2	        XOR CX,CX
 054F  33 D2		     2	        XOR DX,DX
 0551  B4 0C		     2	        MOV AH,0CH
 0553  A0 001E R	     2	        MOV AL,BLUE
 0556  BA 003C		     2	        MOV DX,60
 0559  B9 0064		     2	        MOV CX,100
 055C			     2	        ??0026:
 055C  B9 0064		     2	            MOV CX,100
 055F  CD 10		     2	            ??0027:INT 10H
 0561  41		     2	                INC CX
 0562  81 F9 01F4	     2	                CMP CX,500
 0566  72 F7		     2	                JB ??0027
 0568  42		     2	            INC DX
 0569  83 FA 46		     2	            CMP DX,70
 056C  72 EE		     2	            JB ??0026
 056E  33 DB		     2	        XOR BX,BX
 0570  33 C9		     2	        XOR CX,CX
 0572  33 D2		     2	        XOR DX,DX
 0574  B4 0C		     2	        MOV AH,0CH
 0576  A0 001E R	     2	        MOV AL,BLUE
 0579  BA 0078		     2	        MOV DX,120
 057C  B9 0064		     2	        MOV CX,100
 057F			     2	        ??0028:
 057F  B9 0064		     2	            MOV CX,100
 0582  CD 10		     2	            ??0029:INT 10H
 0584  41		     2	                INC CX
 0585  81 F9 01C2	     2	                CMP CX,450
 0589  72 F7		     2	                JB ??0029
 058B  42		     2	            INC DX
 058C  81 FA 0082	     2	            CMP DX,130
 0590  72 ED		     2	            JB ??0028
 0592  33 DB		     2	        XOR BX,BX
 0594  33 C9		     2	        XOR CX,CX
 0596  33 D2		     2	        XOR DX,DX
 0598  B4 0C		     2	        MOV AH,0CH
 059A  A0 001E R	     2	        MOV AL,BLUE
 059D  BA 0078		     2	        MOV DX,120
 05A0  B9 01C2		     2	        MOV CX,450
 05A3			     2	        ??002A:
 05A3  B9 01C2		     2	            MOV CX,450
 05A6  CD 10		     2	            ??002B:INT 10H
 05A8  41		     2	                INC CX
 05A9  81 F9 01CC	     2	                CMP CX,460
 05AD  72 F7		     2	                JB ??002B
 05AF  42		     2	            INC DX
 05B0  81 FA 00F0	     2	            CMP DX,240
 05B4  72 ED		     2	            JB ??002A
 05B6  33 DB		     2	        XOR BX,BX
 05B8  33 C9		     2	        XOR CX,CX
 05BA  33 D2		     2	        XOR DX,DX
 05BC  B4 0C		     2	        MOV AH,0CH
 05BE  A0 001E R	     2	        MOV AL,BLUE
 05C1  BA 003C		     2	        MOV DX,60
 05C4  B9 01F4		     2	        MOV CX,500
 05C7			     2	        ??002C:
 05C7  B9 01F4		     2	            MOV CX,500
 05CA  CD 10		     2	            ??002D:INT 10H
 05CC  41		     2	                INC CX
 05CD  81 F9 01FE	     2	                CMP CX,510
 05D1  72 F7		     2	                JB ??002D
 05D3  42		     2	            INC DX
 05D4  81 FA 0118	     2	            CMP DX,280
 05D8  72 ED		     2	            JB ??002C
 05DA  33 DB		     2	        XOR BX,BX
 05DC  33 C9		     2	        XOR CX,CX
 05DE  33 D2		     2	        XOR DX,DX
 05E0  B4 0C		     2	        MOV AH,0CH
 05E2  A0 001E R	     2	        MOV AL,BLUE
 05E5  BA 00F0		     2	        MOV DX,240
 05E8  B9 012C		     2	        MOV CX,300
 05EB			     2	        ??002E:
 05EB  B9 012C		     2	            MOV CX,300
 05EE  CD 10		     2	            ??002F:INT 10H
 05F0  41		     2	                INC CX
 05F1  81 F9 01CC	     2	                CMP CX,460
 05F5  72 F7		     2	                JB ??002F
 05F7  42		     2	            INC DX
 05F8  81 FA 00FA	     2	            CMP DX,250
 05FC  72 ED		     2	            JB ??002E
 05FE  33 DB		     2	        XOR BX,BX
 0600  33 C9		     2	        XOR CX,CX
 0602  33 D2		     2	        XOR DX,DX
 0604  B4 0C		     2	        MOV AH,0CH
 0606  A0 001E R	     2	        MOV AL,BLUE
 0609  BA 0118		     2	        MOV DX,280
 060C  B9 012C		     2	        MOV CX,300
 060F			     2	        ??0030:
 060F  B9 012C		     2	            MOV CX,300
 0612  CD 10		     2	            ??0031:INT 10H
 0614  41		     2	                INC CX
 0615  81 F9 01FE	     2	                CMP CX,510
 0619  72 F7		     2	                JB ??0031
 061B  42		     2	            INC DX
 061C  81 FA 0122	     2	            CMP DX,290
 0620  72 ED		     2	            JB ??0030
 0622  33 DB		     2	        XOR BX,BX
 0624  33 C9		     2	        XOR CX,CX
 0626  33 D2		     2	        XOR DX,DX
 0628  B4 0C		     2	        MOV AH,0CH
 062A  A0 001F R	     2	        MOV AL,RED
 062D  BA 00FA		     2	        MOV DX,250
 0630  B9 012C		     2	        MOV CX,300
 0633			     2	        ??0032:
 0633  B9 012C		     2	            MOV CX,300
 0636  CD 10		     2	            ??0033:INT 10H
 0638  41		     2	                INC CX
 0639  81 F9 0136	     2	                CMP CX,310
 063D  72 F7		     2	                JB ??0033
 063F  42		     2	            INC DX
 0640  81 FA 0118	     2	            CMP DX,280
 0644  72 ED		     2	            JB ??0032
 0646  C3			   RET
 0647				  INITLEVEL2 ENDP
				  
 0647				  INITLEVEL3 PROC
				   COLORSHOW
 0647  B4 00		     1	        MOV AH,0
 0649  B0 10		     1	        MOV AL,10H
 064B  CD 10		     1	        INT 10H
 064D  E8 0648			   CALL CLEAN
				   SETPOSL3;方块位置放到第三关开始位置
 0650  B8 0050		     1	        MOV AX,80
 0653  A3 0052 R	     1	        MOV PLYX1,AX
 0656  B8 00A0		     1	        MOV AX,160
 0659  A3 0054 R	     1	        MOV PLYY1,AX
 065C  B8 0064		     1	        MOV AX,100
 065F  A3 0056 R	     1	        MOV PLYX2,AX
 0662  B8 00B4		     1	        MOV AX,180
 0665  A3 0058 R	     1	        MOV PLYY2,AX
				   DRAWRECT PLYX1,PLYY1,PLYX2,PLYY2,WHITE
 0668  33 DB		     1	        XOR BX,BX
 066A  33 C9		     1	        XOR CX,CX
 066C  33 D2		     1	        XOR DX,DX
 066E  B4 0C		     1	        MOV AH,0CH
 0670  A0 0020 R	     1	        MOV AL,WHITE
 0673  8B 16 0054 R	     1	        MOV DX,PLYY1
 0677  8B 0E 0052 R	     1	        MOV CX,PLYX1
 067B			     1	        ??0034:
 067B  8B 0E 0052 R	     1	            MOV CX,PLYX1
 067F  CD 10		     1	            ??0035:INT 10H
 0681  41		     1	                INC CX
 0682  3B 0E 0056 R	     1	                CMP CX,PLYX2
 0686  72 F7		     1	                JB ??0035
 0688  42		     1	            INC DX
 0689  3B 16 0058 R	     1	            CMP DX,PLYY2
 068D  72 EC		     1	            JB ??0034
				   DRAWLEVEL3
 068F  33 DB		     2	        XOR BX,BX
 0691  33 C9		     2	        XOR CX,CX
 0693  33 D2		     2	        XOR DX,DX
 0695  B4 0C		     2	        MOV AH,0CH
 0697  A0 001E R	     2	        MOV AL,BLUE
 069A  BA 0064		     2	        MOV DX,100
 069D  B9 0050		     2	        MOV CX,80
 06A0			     2	        ??0036:
 06A0  B9 0050		     2	            MOV CX,80
 06A3  CD 10		     2	            ??0037:INT 10H
 06A5  41		     2	                INC CX
 06A6  81 F9 0258	     2	                CMP CX,600
 06AA  72 F7		     2	                JB ??0037
 06AC  42		     2	            INC DX
 06AD  83 FA 6E		     2	            CMP DX,110
 06B0  72 EE		     2	            JB ??0036
 06B2  33 DB		     2	        XOR BX,BX
 06B4  33 C9		     2	        XOR CX,CX
 06B6  33 D2		     2	        XOR DX,DX
 06B8  B4 0C		     2	        MOV AH,0CH
 06BA  A0 001E R	     2	        MOV AL,BLUE
 06BD  BA 00DC		     2	        MOV DX,220
 06C0  B9 0050		     2	        MOV CX,80
 06C3			     2	        ??0038:
 06C3  B9 0050		     2	            MOV CX,80
 06C6  CD 10		     2	            ??0039:INT 10H
 06C8  41		     2	                INC CX
 06C9  81 F9 0258	     2	                CMP CX,600
 06CD  72 F7		     2	                JB ??0039
 06CF  42		     2	            INC DX
 06D0  81 FA 00E6	     2	            CMP DX,230
 06D4  72 ED		     2	            JB ??0038
 06D6  33 DB		     2	        XOR BX,BX
 06D8  33 C9		     2	        XOR CX,CX
 06DA  33 D2		     2	        XOR DX,DX
 06DC  B4 0C		     2	        MOV AH,0CH
 06DE  A0 001F R	     2	        MOV AL,RED
 06E1  BA 006E		     2	        MOV DX,110
 06E4  B9 024E		     2	        MOV CX,590
 06E7			     2	        ??003A:
 06E7  B9 024E		     2	            MOV CX,590
 06EA  CD 10		     2	            ??003B:INT 10H
 06EC  41		     2	                INC CX
 06ED  81 F9 0258	     2	                CMP CX,600
 06F1  72 F7		     2	                JB ??003B
 06F3  42		     2	            INC DX
 06F4  81 FA 00DC	     2	            CMP DX,220
 06F8  72 ED		     2	            JB ??003A
 06FA  B4 00		     3	      MOV AH,0             ;读时钟计数器值
 06FC  CD 1A		     3	      INT 1AH
 06FE  8B C2		     3	      MOV AX,DX            
 0700  80 E4 03		     3	      AND AH,3
 0703  B2 15		     3	      MOV DL,21          ;做除法,余数为随机数
 0705  F6 F2		     3	      DIV DL
 0707  33 DB		     3	      XOR BX,BX
 0709  8A DC		     3	      MOV BL,AH
 070B  89 1E 0022 R	     3	      MOV DELTX1,BX
 070F  B4 00		     3	      MOV AH,0             ;读时钟计数器值
 0711  CD 1A		     3	      INT 1AH
 0713  8B C2		     3	      MOV AX,DX            
 0715  80 E4 03		     3	      AND AH,3
 0718  B2 1A		     3	      MOV DL,26           ;做除法,余数为随机数
 071A  F6 F2		     3	      DIV DL
 071C  33 DB		     3	      XOR BX,BX
 071E  8A DC		     3	      MOV BL,AH
 0720  89 1E 0026 R	     3	      MOV DELTX2,BX
 0724  B4 00		     3	      MOV AH,0             ;读时钟计数器值
 0726  CD 1A		     3	      INT 1AH
 0728  8B C2		     3	      MOV AX,DX            
 072A  80 E4 03		     3	      AND AH,3
 072D  B2 0B		     3	      MOV DL,11          ;做除法,余数为随机数
 072F  F6 F2		     3	      DIV DL
 0731  33 DB		     3	      XOR BX,BX
 0733  8A DC		     3	      MOV BL,AH
 0735  89 1E 0024 R	     3	      MOV DELTY1,BX   
 0739  B4 00		     3	      MOV AH,0             ;读时钟计数器值
 073B  CD 1A		     3	      INT 1AH
 073D  8B C2		     3	      MOV AX,DX            
 073F  80 E4 03		     3	      AND AH,3
 0742  B2 10		     3	      MOV DL,16           ;做除法,余数为随机数
 0744  F6 F2		     3	      DIV DL
 0746  33 DB		     3	      XOR BX,BX
 0748  8A DC		     3	      MOV BL,AH
 074A  89 1E 0028 R	     3	      MOV DELTY2,BX                  
 074E  33 F6		     2	        XOR SI,SI
 0750			     2	        NEXTBARRIER:
 0750  A1 0022 R	     2	        MOV AX,DELTX1
 0753  03 84 002A R	     2	        ADD AX,POSX1[SI]
 0757  89 84 002A R	     2	        MOV POSX1[SI],AX
 075B  A1 0024 R	     2	        MOV AX,DELTY1
 075E  03 84 0034 R	     2	        ADD AX,POSY1[SI]
 0762  89 84 0034 R	     2	        MOV POSY1[SI],AX
 0766  A1 0026 R	     2	        MOV AX,DELTX2
 0769  03 84 003E R	     2	        ADD AX,POSX2[SI]
 076D  89 84 003E R	     2	        MOV POSX2[SI],AX
 0771  A1 0028 R	     2	        MOV AX,DELTY2
 0774  03 84 0048 R	     2	        ADD AX,POSY2[SI]
 0778  89 84 0048 R	     2	        MOV POSY2[SI],AX
 077C  33 DB		     3	        XOR BX,BX
 077E  33 C9		     3	        XOR CX,CX
 0780  33 D2		     3	        XOR DX,DX
 0782  B4 0C		     3	        MOV AH,0CH
 0784  A0 001E R	     3	        MOV AL,BLUE
 0787  8B 94 0034 R	     3	        MOV DX,POSY1[SI]
 078B  8B 8C 002A R	     3	        MOV CX,POSX1[SI]
 078F			     3	        ??003D:
 078F  8B 8C 002A R	     3	            MOV CX,POSX1[SI]
 0793  CD 10		     3	            ??003E:INT 10H
 0795  41		     3	                INC CX
 0796  3B 8C 003E R	     3	                CMP CX,POSX2[SI]
 079A  72 F7		     3	                JB ??003E
 079C  42		     3	            INC DX
 079D  3B 94 0048 R	     3	            CMP DX,POSY2[SI]
 07A1  72 EC		     3	            JB ??003D
 07A3  46		     2	        INC SI
 07A4  46		     2	        INC SI
 07A5  83 FE 0A		     2	        CMP SI,10
 07A8  72 A6		     2	        JB NEXTBARRIER 
 07AA  C3			   RET
 07AB				  INITLEVEL3 ENDP
				  
 07AB				  PLYOPERATE PROC
				  	PLYMOVE PLYX1,PLYY1,PLYX2,PLYY2
 07AB  B4 07		     1	        MOV AH,7
 07AD  CD 21		     1	        INT 21H
 07AF  50		     1	        PUSH AX     
 07B0  33 DB		     2	        XOR BX,BX
 07B2  33 C9		     2	        XOR CX,CX
 07B4  33 D2		     2	        XOR DX,DX
 07B6  B4 0C		     2	        MOV AH,0CH
 07B8  A0 0021 R	     2	        MOV AL,BLACK
 07BB  8B 16 0054 R	     2	        MOV DX,PLYY1
 07BF  8B 0E 0052 R	     2	        MOV CX,PLYX1
 07C3			     2	        ??0044:
 07C3  8B 0E 0052 R	     2	            MOV CX,PLYX1
 07C7  CD 10		     2	            ??0045:INT 10H
 07C9  41		     2	                INC CX
 07CA  3B 0E 0056 R	     2	                CMP CX,PLYX2
 07CE  72 F7		     2	                JB ??0045
 07D0  42		     2	            INC DX
 07D1  3B 16 0058 R	     2	            CMP DX,PLYY2
 07D5  72 EC		     2	            JB ??0044
 07D7  58		     1	        POP AX
 07D8  3C 77		     1	        CMP AL,'w'
 07DA  74 0E		     1	        JZ ??003F
 07DC  3C 61		     1	        CMP AL,'a'
 07DE  74 3A		     1	        JZ ??0041
 07E0  3C 73		     1	        CMP AL,'s'
 07E2  74 1E		     1	        JZ ??0040
 07E4  3C 64		     1	        CMP AL,'d'
 07E6  74 4A		     1	        JZ ??0042
 07E8  EB 60		     1	        JMP ??0043
 07EA			     1	        ??003F:
 07EA  8B 0E 0054 R	     2	        MOV CX,PLYY1
 07EE  8B 16 0058 R	     2	        MOV DX,PLYY2
 07F2  83 E9 05		     2	        SUB CX,5
 07F5  83 EA 05		     2	        SUB DX,5
 07F8  89 0E 0054 R	     2	        MOV PLYY1,CX
 07FC  89 16 0058 R	     2	        MOV PLYY2,DX
 0800  EB 48		     1	        JMP ??0043
 0802			     1	        ??0040:
 0802  8B 0E 0054 R	     2	        MOV CX,PLYY1
 0806  8B 16 0058 R	     2	        MOV DX,PLYY2
 080A  83 C1 05		     2	        ADD CX,5
 080D  83 C2 05		     2	        ADD DX,5
 0810  89 0E 0054 R	     2	        MOV PLYY1,CX
 0814  89 16 0058 R	     2	        MOV PLYY2,DX
 0818  EB 30		     1	        JMP ??0043
 081A			     1	        ??0041:
 081A  8B 0E 0052 R	     2	        MOV CX,PLYX1
 081E  8B 16 0056 R	     2	        MOV DX,PLYX2
 0822  83 E9 05		     2	        SUB CX,5
 0825  83 EA 05		     2	        SUB DX,5
 0828  89 0E 0052 R	     2	        MOV PLYX1,CX
 082C  89 16 0056 R	     2	        MOV PLYX2,DX
 0830  EB 18		     1	        JMP ??0043
 0832			     1	        ??0042:
 0832  8B 0E 0052 R	     2	        MOV CX,PLYX1
 0836  8B 16 0056 R	     2	        MOV DX,PLYX2
 083A  83 C1 05		     2	        ADD CX,5
 083D  83 C2 05		     2	        ADD DX,5
 0840  89 0E 0052 R	     2	        MOV PLYX1,CX
 0844  89 16 0056 R	     2	        MOV PLYX2,DX
 0848  EB 00		     1	        JMP ??0043
 084A			     1	        ??0043:
 084A  33 DB		     2	        XOR BX,BX
 084C  33 C9		     2	        XOR CX,CX
 084E  33 D2		     2	        XOR DX,DX
 0850  B4 0C		     2	        MOV AH,0CH
 0852  A0 0020 R	     2	        MOV AL,WHITE
 0855  8B 16 0054 R	     2	        MOV DX,PLYY1
 0859  8B 0E 0052 R	     2	        MOV CX,PLYX1
 085D			     2	        ??0046:
 085D  8B 0E 0052 R	     2	            MOV CX,PLYX1
 0861  CD 10		     2	            ??0047:INT 10H
 0863  41		     2	                INC CX
 0864  3B 0E 0056 R	     2	                CMP CX,PLYX2
 0868  72 F7		     2	                JB ??0047
 086A  42		     2	            INC DX
 086B  3B 16 0058 R	     2	            CMP DX,PLYY2
 086F  72 EC		     2	            JB ??0046
 0871  C3			  	RET
 0872				  PLYOPERATE ENDP
				  
					;死亡场景
 0872					DRAWDEADSCENCE PROC
						;清屏
 0872  E8 0423					CALL CLEAN
						;图形
						DRAWDEADIMG
 0875  33 DB		     2	        XOR BX,BX
 0877  33 C9		     2	        XOR CX,CX
 0879  33 D2		     2	        XOR DX,DX
 087B  B4 0C		     2	        MOV AH,0CH
 087D  A0 001E R	     2	        MOV AL,BLUE
 0880  BA 0064		     2	        MOV DX,100
 0883  B9 0050		     2	        MOV CX,80
 0886			     2	        ??0048:
 0886  B9 0050		     2	            MOV CX,80
 0889  CD 10		     2	            ??0049:INT 10H
 088B  41		     2	                INC CX
 088C  83 F9 64		     2	                CMP CX,100
 088F  72 F8		     2	                JB ??0049
 0891  42		     2	            INC DX
 0892  81 FA 00D2	     2	            CMP DX,210
 0896  72 EE		     2	            JB ??0048
 0898  33 DB		     2	        XOR BX,BX
 089A  33 C9		     2	        XOR CX,CX
 089C  33 D2		     2	        XOR DX,DX
 089E  B4 0C		     2	        MOV AH,0CH
 08A0  A0 001E R	     2	        MOV AL,BLUE
 08A3  BA 0064		     2	        MOV DX,100
 08A6  B9 0050		     2	        MOV CX,80
 08A9			     2	        ??004A:
 08A9  B9 0050		     2	            MOV CX,80
 08AC  CD 10		     2	            ??004B:INT 10H
 08AE  41		     2	                INC CX
 08AF  81 F9 0096	     2	                CMP CX,150
 08B3  72 F7		     2	                JB ??004B
 08B5  42		     2	            INC DX
 08B6  83 FA 78		     2	            CMP DX,120
 08B9  72 EE		     2	            JB ??004A
 08BB  33 DB		     2	        XOR BX,BX
 08BD  33 C9		     2	        XOR CX,CX
 08BF  33 D2		     2	        XOR DX,DX
 08C1  B4 0C		     2	        MOV AH,0CH
 08C3  A0 001E R	     2	        MOV AL,BLUE
 08C6  BA 006E		     2	        MOV DX,110
 08C9  B9 008C		     2	        MOV CX,140
 08CC			     2	        ??004C:
 08CC  B9 008C		     2	            MOV CX,140
 08CF  CD 10		     2	            ??004D:INT 10H
 08D1  41		     2	                INC CX
 08D2  81 F9 00A0	     2	                CMP CX,160
 08D6  72 F7		     2	                JB ??004D
 08D8  42		     2	            INC DX
 08D9  81 FA 00D2	     2	            CMP DX,210
 08DD  72 ED		     2	            JB ??004C
 08DF  33 DB		     2	        XOR BX,BX
 08E1  33 C9		     2	        XOR CX,CX
 08E3  33 D2		     2	        XOR DX,DX
 08E5  B4 0C		     2	        MOV AH,0CH
 08E7  A0 001E R	     2	        MOV AL,BLUE
 08EA  BA 00C8		     2	        MOV DX,200
 08ED  B9 0050		     2	        MOV CX,80
 08F0			     2	        ??004E:
 08F0  B9 0050		     2	            MOV CX,80
 08F3  CD 10		     2	            ??004F:INT 10H
 08F5  41		     2	                INC CX
 08F6  81 F9 0096	     2	                CMP CX,150
 08FA  72 F7		     2	                JB ??004F
 08FC  42		     2	            INC DX
 08FD  81 FA 00DC	     2	            CMP DX,220
 0901  72 ED		     2	            JB ??004E
 0903  33 DB		     2	        XOR BX,BX
 0905  33 C9		     2	        XOR CX,CX
 0907  33 D2		     2	        XOR DX,DX
 0909  B4 0C		     2	        MOV AH,0CH
 090B  A0 001E R	     2	        MOV AL,BLUE
 090E  BA 0064		     2	        MOV DX,100
 0911  B9 00C8		     2	        MOV CX,200
 0914			     2	        ??0050:
 0914  B9 00C8		     2	            MOV CX,200
 0917  CD 10		     2	            ??0051:INT 10H
 0919  41		     2	                INC CX
 091A  81 F9 0118	     2	                CMP CX,280
 091E  72 F7		     2	                JB ??0051
 0920  42		     2	            INC DX
 0921  83 FA 78		     2	            CMP DX,120
 0924  72 EE		     2	            JB ??0050
 0926  33 DB		     2	        XOR BX,BX
 0928  33 C9		     2	        XOR CX,CX
 092A  33 D2		     2	        XOR DX,DX
 092C  B4 0C		     2	        MOV AH,0CH
 092E  A0 001E R	     2	        MOV AL,BLUE
 0931  BA 0096		     2	        MOV DX,150
 0934  B9 00C8		     2	        MOV CX,200
 0937			     2	        ??0052:
 0937  B9 00C8		     2	            MOV CX,200
 093A  CD 10		     2	            ??0053:INT 10H
 093C  41		     2	                INC CX
 093D  81 F9 0118	     2	                CMP CX,280
 0941  72 F7		     2	                JB ??0053
 0943  42		     2	            INC DX
 0944  81 FA 00AA	     2	            CMP DX,170
 0948  72 ED		     2	            JB ??0052
 094A  33 DB		     2	        XOR BX,BX
 094C  33 C9		     2	        XOR CX,CX
 094E  33 D2		     2	        XOR DX,DX
 0950  B4 0C		     2	        MOV AH,0CH
 0952  A0 001E R	     2	        MOV AL,BLUE
 0955  BA 00C8		     2	        MOV DX,200
 0958  B9 00C8		     2	        MOV CX,200
 095B			     2	        ??0054:
 095B  B9 00C8		     2	            MOV CX,200
 095E  CD 10		     2	            ??0055:INT 10H
 0960  41		     2	                INC CX
 0961  81 F9 0118	     2	                CMP CX,280
 0965  72 F7		     2	                JB ??0055
 0967  42		     2	            INC DX
 0968  81 FA 00DC	     2	            CMP DX,220
 096C  72 ED		     2	            JB ??0054
 096E  33 DB		     2	        XOR BX,BX
 0970  33 C9		     2	        XOR CX,CX
 0972  33 D2		     2	        XOR DX,DX
 0974  B4 0C		     2	        MOV AH,0CH
 0976  A0 001E R	     2	        MOV AL,BLUE
 0979  BA 0064		     2	        MOV DX,100
 097C  B9 00C8		     2	        MOV CX,200
 097F			     2	        ??0056:
 097F  B9 00C8		     2	            MOV CX,200
 0982  CD 10		     2	            ??0057:INT 10H
 0984  41		     2	                INC CX
 0985  81 F9 00DC	     2	                CMP CX,220
 0989  72 F7		     2	                JB ??0057
 098B  42		     2	            INC DX
 098C  81 FA 00DC	     2	            CMP DX,220
 0990  72 ED		     2	            JB ??0056
 0992  33 DB		     2	        XOR BX,BX
 0994  33 C9		     2	        XOR CX,CX
 0996  33 D2		     2	        XOR DX,DX
 0998  B4 0C		     2	        MOV AH,0CH
 099A  A0 001E R	     2	        MOV AL,BLUE
 099D  BA 0064		     2	        MOV DX,100
 09A0  B9 014A		     2	        MOV CX,330
 09A3			     2	        ??0058:
 09A3  B9 014A		     2	            MOV CX,330
 09A6  CD 10		     2	            ??0059:INT 10H
 09A8  41		     2	                INC CX
 09A9  81 F9 01A4	     2	                CMP CX,420
 09AD  72 F7		     2	                JB ??0059
 09AF  42		     2	            INC DX
 09B0  83 FA 78		     2	            CMP DX,120
 09B3  72 EE		     2	            JB ??0058
 09B5  33 DB		     2	        XOR BX,BX
 09B7  33 C9		     2	        XOR CX,CX
 09B9  33 D2		     2	        XOR DX,DX
 09BB  B4 0C		     2	        MOV AH,0CH
 09BD  A0 001E R	     2	        MOV AL,BLUE
 09C0  BA 0096		     2	        MOV DX,150
 09C3  B9 014A		     2	        MOV CX,330
 09C6			     2	        ??005A:
 09C6  B9 014A		     2	            MOV CX,330
 09C9  CD 10		     2	            ??005B:INT 10H
 09CB  41		     2	                INC CX
 09CC  81 F9 01A4	     2	                CMP CX,420
 09D0  72 F7		     2	                JB ??005B
 09D2  42		     2	            INC DX
 09D3  81 FA 00AA	     2	            CMP DX,170
 09D7  72 ED		     2	            JB ??005A
 09D9  33 DB		     2	        XOR BX,BX
 09DB  33 C9		     2	        XOR CX,CX
 09DD  33 D2		     2	        XOR DX,DX
 09DF  B4 0C		     2	        MOV AH,0CH
 09E1  A0 001E R	     2	        MOV AL,BLUE
 09E4  BA 0064		     2	        MOV DX,100
 09E7  B9 014A		     2	        MOV CX,330
 09EA			     2	        ??005C:
 09EA  B9 014A		     2	            MOV CX,330
 09ED  CD 10		     2	            ??005D:INT 10H
 09EF  41		     2	                INC CX
 09F0  81 F9 015E	     2	                CMP CX,350
 09F4  72 F7		     2	                JB ??005D
 09F6  42		     2	            INC DX
 09F7  81 FA 00DC	     2	            CMP DX,220
 09FB  72 ED		     2	            JB ??005C
 09FD  33 DB		     2	        XOR BX,BX
 09FF  33 C9		     2	        XOR CX,CX
 0A01  33 D2		     2	        XOR DX,DX
 0A03  B4 0C		     2	        MOV AH,0CH
 0A05  A0 001E R	     2	        MOV AL,BLUE
 0A08  BA 0064		     2	        MOV DX,100
 0A0B  B9 0190		     2	        MOV CX,400
 0A0E			     2	        ??005E:
 0A0E  B9 0190		     2	            MOV CX,400
 0A11  CD 10		     2	            ??005F:INT 10H
 0A13  41		     2	                INC CX
 0A14  81 F9 01A4	     2	                CMP CX,420
 0A18  72 F7		     2	                JB ??005F
 0A1A  42		     2	            INC DX
 0A1B  81 FA 00DC	     2	            CMP DX,220
 0A1F  72 ED		     2	            JB ??005E
 0A21  33 DB		     2	        XOR BX,BX
 0A23  33 C9		     2	        XOR CX,CX
 0A25  33 D2		     2	        XOR DX,DX
 0A27  B4 0C		     2	        MOV AH,0CH
 0A29  A0 001E R	     2	        MOV AL,BLUE
 0A2C  BA 0064		     2	        MOV DX,100
 0A2F  B9 01D6		     2	        MOV CX,470
 0A32			     2	        ??0060:
 0A32  B9 01D6		     2	            MOV CX,470
 0A35  CD 10		     2	            ??0061:INT 10H
 0A37  41		     2	                INC CX
 0A38  81 F9 021C	     2	                CMP CX,540
 0A3C  72 F7		     2	                JB ??0061
 0A3E  42		     2	            INC DX
 0A3F  83 FA 78		     2	            CMP DX,120
 0A42  72 EE		     2	            JB ??0060
 0A44  33 DB		     2	        XOR BX,BX
 0A46  33 C9		     2	        XOR CX,CX
 0A48  33 D2		     2	        XOR DX,DX
 0A4A  B4 0C		     2	        MOV AH,0CH
 0A4C  A0 001E R	     2	        MOV AL,BLUE
 0A4F  BA 00C8		     2	        MOV DX,200
 0A52  B9 01D6		     2	        MOV CX,470
 0A55			     2	        ??0062:
 0A55  B9 01D6		     2	            MOV CX,470
 0A58  CD 10		     2	            ??0063:INT 10H
 0A5A  41		     2	                INC CX
 0A5B  81 F9 021C	     2	                CMP CX,540
 0A5F  72 F7		     2	                JB ??0063
 0A61  42		     2	            INC DX
 0A62  81 FA 00DC	     2	            CMP DX,220
 0A66  72 ED		     2	            JB ??0062
 0A68  33 DB		     2	        XOR BX,BX
 0A6A  33 C9		     2	        XOR CX,CX
 0A6C  33 D2		     2	        XOR DX,DX
 0A6E  B4 0C		     2	        MOV AH,0CH
 0A70  A0 001E R	     2	        MOV AL,BLUE
 0A73  BA 006E		     2	        MOV DX,110
 0A76  B9 0212		     2	        MOV CX,530
 0A79			     2	        ??0064:
 0A79  B9 0212		     2	            MOV CX,530
 0A7C  CD 10		     2	            ??0065:INT 10H
 0A7E  41		     2	                INC CX
 0A7F  81 F9 0226	     2	                CMP CX,550
 0A83  72 F7		     2	                JB ??0065
 0A85  42		     2	            INC DX
 0A86  81 FA 00D2	     2	            CMP DX,210
 0A8A  72 ED		     2	            JB ??0064
 0A8C  33 DB		     2	        XOR BX,BX
 0A8E  33 C9		     2	        XOR CX,CX
 0A90  33 D2		     2	        XOR DX,DX
 0A92  B4 0C		     2	        MOV AH,0CH
 0A94  A0 001E R	     2	        MOV AL,BLUE
 0A97  BA 0064		     2	        MOV DX,100
 0A9A  B9 01D6		     2	        MOV CX,470
 0A9D			     2	        ??0066:
 0A9D  B9 01D6		     2	            MOV CX,470
 0AA0  CD 10		     2	            ??0067:INT 10H
 0AA2  41		     2	                INC CX
 0AA3  81 F9 01EA	     2	                CMP CX,490
 0AA7  72 F7		     2	                JB ??0067
 0AA9  42		     2	            INC DX
 0AAA  81 FA 00DC	     2	            CMP DX,220
 0AAE  72 ED		     2	            JB ??0066
						;文字
						WRITECONWORD
 0AB0  33 DB		     1	        XOR BX,BX
 0AB2  B6 16		     1	        MOV DH,22
 0AB4  B2 19		     1	        MOV DL,25
 0AB6  B4 02		     1	        MOV AH,2
 0AB8  CD 10		     1	        INT 10H
 0ABA  8B 0E 0073 R	     1	        MOV CX,LENCONSTR
 0ABE  33 F6		     1	        XOR SI,SI
 0AC0			     1	        ??0068:
 0AC0  B4 02		     1	        MOV AH,2
 0AC2  8A 94 005A R	     1	        MOV DL,CONSTR[SI]
 0AC6  CD 21		     1	        INT 21H
 0AC8  46		     1	        INC SI
 0AC9  E2 F5		     1	        LOOP ??0068
 0ACB  C3					RET
 0ACC					DRAWDEADSCENCE ENDP

					;胜利场景
 0ACC					DRAWVICTORYSCENCE PROC
						;清屏
 0ACC  E8 01C9					CALL CLEAN	
						;图形
						DRAWVICTORYIMG
 0ACF  33 DB		     2	        XOR BX,BX
 0AD1  33 C9		     2	        XOR CX,CX
 0AD3  33 D2		     2	        XOR DX,DX
 0AD5  B4 0C		     2	        MOV AH,0CH
 0AD7  A0 001E R	     2	        MOV AL,BLUE
 0ADA  BA 0050		     2	        MOV DX,80
 0ADD  B9 0064		     2	        MOV CX,100
 0AE0			     2	        ??0069:
 0AE0  B9 0064		     2	            MOV CX,100
 0AE3  CD 10		     2	            ??006A:INT 10H
 0AE5  41		     2	                INC CX
 0AE6  83 F9 78		     2	                CMP CX,120
 0AE9  72 F8		     2	                JB ??006A
 0AEB  42		     2	            INC DX
 0AEC  81 FA 00DC	     2	            CMP DX,220
 0AF0  72 EE		     2	            JB ??0069
 0AF2  33 DB		     2	        XOR BX,BX
 0AF4  33 C9		     2	        XOR CX,CX
 0AF6  33 D2		     2	        XOR DX,DX
 0AF8  B4 0C		     2	        MOV AH,0CH
 0AFA  A0 001E R	     2	        MOV AL,BLUE
 0AFD  BA 0050		     2	        MOV DX,80
 0B00  B9 008C		     2	        MOV CX,140
 0B03			     2	        ??006B:
 0B03  B9 008C		     2	            MOV CX,140
 0B06  CD 10		     2	            ??006C:INT 10H
 0B08  41		     2	                INC CX
 0B09  81 F9 00A0	     2	                CMP CX,160
 0B0D  72 F7		     2	                JB ??006C
 0B0F  42		     2	            INC DX
 0B10  81 FA 00DC	     2	            CMP DX,220
 0B14  72 ED		     2	            JB ??006B
 0B16  33 DB		     2	        XOR BX,BX
 0B18  33 C9		     2	        XOR CX,CX
 0B1A  33 D2		     2	        XOR DX,DX
 0B1C  B4 0C		     2	        MOV AH,0CH
 0B1E  A0 001E R	     2	        MOV AL,BLUE
 0B21  BA 0050		     2	        MOV DX,80
 0B24  B9 00B4		     2	        MOV CX,180
 0B27			     2	        ??006D:
 0B27  B9 00B4		     2	            MOV CX,180
 0B2A  CD 10		     2	            ??006E:INT 10H
 0B2C  41		     2	                INC CX
 0B2D  81 F9 00C8	     2	                CMP CX,200
 0B31  72 F7		     2	                JB ??006E
 0B33  42		     2	            INC DX
 0B34  81 FA 00DC	     2	            CMP DX,220
 0B38  72 ED		     2	            JB ??006D
 0B3A  33 DB		     2	        XOR BX,BX
 0B3C  33 C9		     2	        XOR CX,CX
 0B3E  33 D2		     2	        XOR DX,DX
 0B40  B4 0C		     2	        MOV AH,0CH
 0B42  A0 001E R	     2	        MOV AL,BLUE
 0B45  BA 00C8		     2	        MOV DX,200
 0B48  B9 0064		     2	        MOV CX,100
 0B4B			     2	        ??006F:
 0B4B  B9 0064		     2	            MOV CX,100
 0B4E  CD 10		     2	            ??0070:INT 10H
 0B50  41		     2	                INC CX
 0B51  81 F9 00C8	     2	                CMP CX,200
 0B55  72 F7		     2	                JB ??0070
 0B57  42		     2	            INC DX
 0B58  81 FA 00DC	     2	            CMP DX,220
 0B5C  72 ED		     2	            JB ??006F
 0B5E  33 DB		     2	        XOR BX,BX
 0B60  33 C9		     2	        XOR CX,CX
 0B62  33 D2		     2	        XOR DX,DX
 0B64  B4 0C		     2	        MOV AH,0CH
 0B66  A0 001E R	     2	        MOV AL,BLUE
 0B69  BA 0050		     2	        MOV DX,80
 0B6C  B9 00FA		     2	        MOV CX,250
 0B6F			     2	        ??0071:
 0B6F  B9 00FA		     2	            MOV CX,250
 0B72  CD 10		     2	            ??0072:INT 10H
 0B74  41		     2	                INC CX
 0B75  81 F9 014A	     2	                CMP CX,330
 0B79  72 F7		     2	                JB ??0072
 0B7B  42		     2	            INC DX
 0B7C  83 FA 64		     2	            CMP DX,100
 0B7F  72 EE		     2	            JB ??0071
 0B81  33 DB		     2	        XOR BX,BX
 0B83  33 C9		     2	        XOR CX,CX
 0B85  33 D2		     2	        XOR DX,DX
 0B87  B4 0C		     2	        MOV AH,0CH
 0B89  A0 001E R	     2	        MOV AL,BLUE
 0B8C  BA 0050		     2	        MOV DX,80
 0B8F  B9 0118		     2	        MOV CX,280
 0B92			     2	        ??0073:
 0B92  B9 0118		     2	            MOV CX,280
 0B95  CD 10		     2	            ??0074:INT 10H
 0B97  41		     2	                INC CX
 0B98  81 F9 012C	     2	                CMP CX,300
 0B9C  72 F7		     2	                JB ??0074
 0B9E  42		     2	            INC DX
 0B9F  81 FA 00DC	     2	            CMP DX,220
 0BA3  72 ED		     2	            JB ??0073
 0BA5  33 DB		     2	        XOR BX,BX
 0BA7  33 C9		     2	        XOR CX,CX
 0BA9  33 D2		     2	        XOR DX,DX
 0BAB  B4 0C		     2	        MOV AH,0CH
 0BAD  A0 001E R	     2	        MOV AL,BLUE
 0BB0  BA 00C8		     2	        MOV DX,200
 0BB3  B9 00FA		     2	        MOV CX,250
 0BB6			     2	        ??0075:
 0BB6  B9 00FA		     2	            MOV CX,250
 0BB9  CD 10		     2	            ??0076:INT 10H
 0BBB  41		     2	                INC CX
 0BBC  81 F9 014A	     2	                CMP CX,330
 0BC0  72 F7		     2	                JB ??0076
 0BC2  42		     2	            INC DX
 0BC3  81 FA 00DC	     2	            CMP DX,220
 0BC7  72 ED		     2	            JB ??0075
 0BC9  33 DB		     2	        XOR BX,BX
 0BCB  33 C9		     2	        XOR CX,CX
 0BCD  33 D2		     2	        XOR DX,DX
 0BCF  B4 0C		     2	        MOV AH,0CH
 0BD1  A0 001E R	     2	        MOV AL,BLUE
 0BD4  BA 0050		     2	        MOV DX,80
 0BD7  B9 017C		     2	        MOV CX,380
 0BDA			     2	        ??0077:
 0BDA  B9 017C		     2	            MOV CX,380
 0BDD  CD 10		     2	            ??0078:INT 10H
 0BDF  41		     2	                INC CX
 0BE0  81 F9 0190	     2	                CMP CX,400
 0BE4  72 F7		     2	                JB ??0078
 0BE6  42		     2	            INC DX
 0BE7  81 FA 00DC	     2	            CMP DX,220
 0BEB  72 ED		     2	            JB ??0077
 0BED  33 DB		     2	        XOR BX,BX
 0BEF  33 C9		     2	        XOR CX,CX
 0BF1  33 D2		     2	        XOR DX,DX
 0BF3  B4 0C		     2	        MOV AH,0CH
 0BF5  A0 001E R	     2	        MOV AL,BLUE
 0BF8  BA 0050		     2	        MOV DX,80
 0BFB  B9 017C		     2	        MOV CX,380
 0BFE			     2	        ??0079:
 0BFE  B9 017C		     2	            MOV CX,380
 0C01  CD 10		     2	            ??007A:INT 10H
 0C03  41		     2	                INC CX
 0C04  81 F9 01AE	     2	                CMP CX,430
 0C08  72 F7		     2	                JB ??007A
 0C0A  42		     2	            INC DX
 0C0B  83 FA 64		     2	            CMP DX,100
 0C0E  72 EE		     2	            JB ??0079
 0C10  33 DB		     2	        XOR BX,BX
 0C12  33 C9		     2	        XOR CX,CX
 0C14  33 D2		     2	        XOR DX,DX
 0C16  B4 0C		     2	        MOV AH,0CH
 0C18  A0 001E R	     2	        MOV AL,BLUE
 0C1B  BA 0050		     2	        MOV DX,80
 0C1E  B9 01AE		     2	        MOV CX,430
 0C21			     2	        ??007B:
 0C21  B9 01AE		     2	            MOV CX,430
 0C24  CD 10		     2	            ??007C:INT 10H
 0C26  41		     2	                INC CX
 0C27  81 F9 01C2	     2	                CMP CX,450
 0C2B  72 F7		     2	                JB ??007C
 0C2D  42		     2	            INC DX
 0C2E  81 FA 00DC	     2	            CMP DX,220
 0C32  72 ED		     2	            JB ??007B
 0C34  33 DB		     2	        XOR BX,BX
 0C36  33 C9		     2	        XOR CX,CX
 0C38  33 D2		     2	        XOR DX,DX
 0C3A  B4 0C		     2	        MOV AH,0CH
 0C3C  A0 001E R	     2	        MOV AL,BLUE
 0C3F  BA 00C8		     2	        MOV DX,200
 0C42  B9 01C2		     2	        MOV CX,450
 0C45			     2	        ??007D:
 0C45  B9 01C2		     2	            MOV CX,450
 0C48  CD 10		     2	            ??007E:INT 10H
 0C4A  41		     2	                INC CX
 0C4B  81 F9 01E0	     2	                CMP CX,480
 0C4F  72 F7		     2	                JB ??007E
 0C51  42		     2	            INC DX
 0C52  81 FA 00DC	     2	            CMP DX,220
 0C56  72 ED		     2	            JB ??007D
 0C58  33 DB		     2	        XOR BX,BX
 0C5A  33 C9		     2	        XOR CX,CX
 0C5C  33 D2		     2	        XOR DX,DX
 0C5E  B4 0C		     2	        MOV AH,0CH
 0C60  A0 001E R	     2	        MOV AL,BLUE
 0C63  BA 0050		     2	        MOV DX,80
 0C66  B9 01E0		     2	        MOV CX,480
 0C69			     2	        ??007F:
 0C69  B9 01E0		     2	            MOV CX,480
 0C6C  CD 10		     2	            ??0080:INT 10H
 0C6E  41		     2	                INC CX
 0C6F  81 F9 01F4	     2	                CMP CX,500
 0C73  72 F7		     2	                JB ??0080
 0C75  42		     2	            INC DX
 0C76  81 FA 00DC	     2	            CMP DX,220
 0C7A  72 ED		     2	            JB ??007F
						;文字
						WRITECONWORD
 0C7C  33 DB		     1	        XOR BX,BX
 0C7E  B6 16		     1	        MOV DH,22
 0C80  B2 19		     1	        MOV DL,25
 0C82  B4 02		     1	        MOV AH,2
 0C84  CD 10		     1	        INT 10H
 0C86  8B 0E 0073 R	     1	        MOV CX,LENCONSTR
 0C8A  33 F6		     1	        XOR SI,SI
 0C8C			     1	        ??0081:
 0C8C  B4 02		     1	        MOV AH,2
 0C8E  8A 94 005A R	     1	        MOV DL,CONSTR[SI]
 0C92  CD 21		     1	        INT 21H
 0C94  46		     1	        INC SI
 0C95  E2 F5		     1	        LOOP ??0081
 0C97  C3					RET
 0C98					DRAWVICTORYSCENCE ENDP
					
					  ;清屏
 0C98				    CLEAN PROC
				        SVRGI
 0C98  50		     1	        PUSH AX
 0C99  53		     1	        PUSH BX
 0C9A  51		     1	        PUSH CX
 0C9B  52		     1	        PUSH DX
 0C9C  B0 00			        MOV AL,0
 0C9E  33 C9			        XOR CX,CX
 0CA0  B6 19			        MOV DH,25
 0CA2  B2 4E			        MOV DL,78
 0CA4  B7 00			        MOV BH,0
 0CA6  B4 07			        MOV AH,7
 0CA8  CD 10			        INT 10H
				        LDRGI
 0CAA  58		     1	        POP AX
 0CAB  5B		     1	        POP BX
 0CAC  59		     1	        POP CX
 0CAD  5A		     1	        POP DX
 0CAE  C3			        RET
 0CAF				    CLEAN ENDP
				    
 0CAF				    READFILE PROC
 0CAF  8D 16 0079 R		    	LEA DX,FILENAME
 0CB3  B0 02			    	MOV AL,2
 0CB5  B9 0000			   		MOV CX,0
 0CB8  B4 3D			    	MOV AH,3DH
 0CBA  CD 21			    	INT 21H
				    	
 0CBC  A3 0075 R		    	MOV HANDLE,AX
 0CBF  8D 16 0077 R		   		LEA DX,LEVEL
 0CC3  8B 1E 0075 R		    	MOV BX,HANDLE
 0CC7  B9 0001			    	MOV CX,1
 0CCA  B4 3F			    	MOV AH,3FH
 0CCC  CD 21			    	INT 21H

 0CCE  B4 3E			    	MOV AH,3EH
 0CD0  CD 21			    	INT 21H
 0CD2  C3			    	RET
 0CD3				    READFILE ENDP
				   
 0CD3				   	WRITEFILE PROC
 0CD3  B4 3D			 		MOV AH, 3DH
 0CD5  B0 01					MOV AL, 1
 0CD7  8D 16 0079 R				LEA DX, FILENAME
 0CDB  CD 21					INT 21H
 0CDD  A3 0075 R				MOV HANDLE,ax
				    
 0CE0  B4 40			    	MOV AH,40H
 0CE2  8B 1E 0075 R		    	MOV BX,HANDLE
 0CE6  8D 16 0077 R		    	LEA DX,LEVEL
 0CEA  B9 0001			    	MOV CX,1
 0CED  CD 21			    	INT 21H
				   
 0CEF  B4 3E			    	MOV AH,3EH
 0CF1  8B 1E 0075 R		    	MOV BX,HANDLE
 0CF5  CD 21			    	INT 21H
 0CF7  C3			   		RET
 0CF8				   	WRITEFILE ENDP
				    
 0CF8				CODES ENDS
				    END START








				  










Microsoft (R) Macro Assembler Version 6.11		    07/06/18 19:16:34
tempfile.asm						     Symbols 2 - 1




Macros:

                N a m e                 Type

COLORSHOW  . . . . . . . . . . .	Proc
DRAWBORDER . . . . . . . . . . .	Proc
DRAWDEADIMG  . . . . . . . . . .	Proc
DRAWLEVEL1 . . . . . . . . . . .	Proc
DRAWLEVEL2 . . . . . . . . . . .	Proc
DRAWLEVEL3 . . . . . . . . . . .	Proc
DRAWRECT . . . . . . . . . . . .	Proc
DRAWSTART  . . . . . . . . . . .	Proc
DRAWVICTORYIMG . . . . . . . . .	Proc
JUDGE  . . . . . . . . . . . . .	Proc
LDRGI  . . . . . . . . . . . . .	Proc
LOADBARRIER  . . . . . . . . . .	Proc
LOADLEVEL  . . . . . . . . . . .	Proc
MOVEDOWN . . . . . . . . . . . .	Proc
MOVELEFT . . . . . . . . . . . .	Proc
MOVERIGHT  . . . . . . . . . . .	Proc
MOVEUP . . . . . . . . . . . . .	Proc
PLYMOVE  . . . . . . . . . . . .	Proc
RANNUM . . . . . . . . . . . . .	Proc
SETPOSL1 . . . . . . . . . . . .	Proc
SETPOSL2 . . . . . . . . . . . .	Proc
SETPOSL3 . . . . . . . . . . . .	Proc
SVRGI  . . . . . . . . . . . . .	Proc
WORDSHOW . . . . . . . . . . . .	Proc
WRITECONWORD . . . . . . . . . .	Proc
WRITEFULL  . . . . . . . . . . .	Proc
WRITESIMPLE  . . . . . . . . . .	Proc
WRITESTARTOPTION . . . . . . . .	Proc


Segments and Groups:

                N a m e                 Size     Length   Align   Combine Class

CODES  . . . . . . . . . . . . .	16 Bit	 0CF8	  Para	  Private 
DATAS  . . . . . . . . . . . . .	16 Bit	 0082	  Para	  Private 
STACKS . . . . . . . . . . . . .	16 Bit	 0000	  Para	  Private 


Procedures,  parameters and locals:

                N a m e                 Type     Value    Attr

CLEAN  . . . . . . . . . . . . .	P Near	 0C98	  CODES	Length= 0017 Public
DRAWDEADSCENCE . . . . . . . . .	P Near	 0872	  CODES	Length= 025A Public
  ??0048 . . . . . . . . . . . .	L Near	 0886	  CODES	
  ??0049 . . . . . . . . . . . .	L Near	 0889	  CODES	
  ??004A . . . . . . . . . . . .	L Near	 08A9	  CODES	
  ??004B . . . . . . . . . . . .	L Near	 08AC	  CODES	
  ??004C . . . . . . . . . . . .	L Near	 08CC	  CODES	
  ??004D . . . . . . . . . . . .	L Near	 08CF	  CODES	
  ??004E . . . . . . . . . . . .	L Near	 08F0	  CODES	
  ??004F . . . . . . . . . . . .	L Near	 08F3	  CODES	
  ??0050 . . . . . . . . . . . .	L Near	 0914	  CODES	
  ??0051 . . . . . . . . . . . .	L Near	 0917	  CODES	
  ??0052 . . . . . . . . . . . .	L Near	 0937	  CODES	
  ??0053 . . . . . . . . . . . .	L Near	 093A	  CODES	
  ??0054 . . . . . . . . . . . .	L Near	 095B	  CODES	
  ??0055 . . . . . . . . . . . .	L Near	 095E	  CODES	
  ??0056 . . . . . . . . . . . .	L Near	 097F	  CODES	
  ??0057 . . . . . . . . . . . .	L Near	 0982	  CODES	
  ??0058 . . . . . . . . . . . .	L Near	 09A3	  CODES	
  ??0059 . . . . . . . . . . . .	L Near	 09A6	  CODES	
  ??005A . . . . . . . . . . . .	L Near	 09C6	  CODES	
  ??005B . . . . . . . . . . . .	L Near	 09C9	  CODES	
  ??005C . . . . . . . . . . . .	L Near	 09EA	  CODES	
  ??005D . . . . . . . . . . . .	L Near	 09ED	  CODES	
  ??005E . . . . . . . . . . . .	L Near	 0A0E	  CODES	
  ??005F . . . . . . . . . . . .	L Near	 0A11	  CODES	
  ??0060 . . . . . . . . . . . .	L Near	 0A32	  CODES	
  ??0061 . . . . . . . . . . . .	L Near	 0A35	  CODES	
  ??0062 . . . . . . . . . . . .	L Near	 0A55	  CODES	
  ??0063 . . . . . . . . . . . .	L Near	 0A58	  CODES	
  ??0064 . . . . . . . . . . . .	L Near	 0A79	  CODES	
  ??0065 . . . . . . . . . . . .	L Near	 0A7C	  CODES	
  ??0066 . . . . . . . . . . . .	L Near	 0A9D	  CODES	
  ??0067 . . . . . . . . . . . .	L Near	 0AA0	  CODES	
  ??0068 . . . . . . . . . . . .	L Near	 0AC0	  CODES	
DRAWVICTORYSCENCE  . . . . . . .	P Near	 0ACC	  CODES	Length= 01CC Public
  ??0069 . . . . . . . . . . . .	L Near	 0AE0	  CODES	
  ??006A . . . . . . . . . . . .	L Near	 0AE3	  CODES	
  ??006B . . . . . . . . . . . .	L Near	 0B03	  CODES	
  ??006C . . . . . . . . . . . .	L Near	 0B06	  CODES	
  ??006D . . . . . . . . . . . .	L Near	 0B27	  CODES	
  ??006E . . . . . . . . . . . .	L Near	 0B2A	  CODES	
  ??006F . . . . . . . . . . . .	L Near	 0B4B	  CODES	
  ??0070 . . . . . . . . . . . .	L Near	 0B4E	  CODES	
  ??0071 . . . . . . . . . . . .	L Near	 0B6F	  CODES	
  ??0072 . . . . . . . . . . . .	L Near	 0B72	  CODES	
  ??0073 . . . . . . . . . . . .	L Near	 0B92	  CODES	
  ??0074 . . . . . . . . . . . .	L Near	 0B95	  CODES	
  ??0075 . . . . . . . . . . . .	L Near	 0BB6	  CODES	
  ??0076 . . . . . . . . . . . .	L Near	 0BB9	  CODES	
  ??0077 . . . . . . . . . . . .	L Near	 0BDA	  CODES	
  ??0078 . . . . . . . . . . . .	L Near	 0BDD	  CODES	
  ??0079 . . . . . . . . . . . .	L Near	 0BFE	  CODES	
  ??007A . . . . . . . . . . . .	L Near	 0C01	  CODES	
  ??007B . . . . . . . . . . . .	L Near	 0C21	  CODES	
  ??007C . . . . . . . . . . . .	L Near	 0C24	  CODES	
  ??007D . . . . . . . . . . . .	L Near	 0C45	  CODES	
  ??007E . . . . . . . . . . . .	L Near	 0C48	  CODES	
  ??007F . . . . . . . . . . . .	L Near	 0C69	  CODES	
  ??0080 . . . . . . . . . . . .	L Near	 0C6C	  CODES	
  ??0081 . . . . . . . . . . . .	L Near	 0C8C	  CODES	
INITLEVEL1 . . . . . . . . . . .	P Near	 0407	  CODES	Length= 00FC Public
  ??0018 . . . . . . . . . . . .	L Near	 043B	  CODES	
  ??0019 . . . . . . . . . . . .	L Near	 043F	  CODES	
  ??001A . . . . . . . . . . . .	L Near	 0460	  CODES	
  ??001B . . . . . . . . . . . .	L Near	 0463	  CODES	
  ??001C . . . . . . . . . . . .	L Near	 0483	  CODES	
  ??001D . . . . . . . . . . . .	L Near	 0486	  CODES	
  ??001E . . . . . . . . . . . .	L Near	 04A7	  CODES	
  ??001F . . . . . . . . . . . .	L Near	 04AA	  CODES	
  ??0020 . . . . . . . . . . . .	L Near	 04CB	  CODES	
  ??0021 . . . . . . . . . . . .	L Near	 04CE	  CODES	
  ??0022 . . . . . . . . . . . .	L Near	 04EF	  CODES	
  ??0023 . . . . . . . . . . . .	L Near	 04F2	  CODES	
INITLEVEL2 . . . . . . . . . . .	P Near	 0503	  CODES	Length= 0144 Public
  ??0024 . . . . . . . . . . . .	L Near	 0537	  CODES	
  ??0025 . . . . . . . . . . . .	L Near	 053B	  CODES	
  ??0026 . . . . . . . . . . . .	L Near	 055C	  CODES	
  ??0027 . . . . . . . . . . . .	L Near	 055F	  CODES	
  ??0028 . . . . . . . . . . . .	L Near	 057F	  CODES	
  ??0029 . . . . . . . . . . . .	L Near	 0582	  CODES	
  ??002A . . . . . . . . . . . .	L Near	 05A3	  CODES	
  ??002B . . . . . . . . . . . .	L Near	 05A6	  CODES	
  ??002C . . . . . . . . . . . .	L Near	 05C7	  CODES	
  ??002D . . . . . . . . . . . .	L Near	 05CA	  CODES	
  ??002E . . . . . . . . . . . .	L Near	 05EB	  CODES	
  ??002F . . . . . . . . . . . .	L Near	 05EE	  CODES	
  ??0030 . . . . . . . . . . . .	L Near	 060F	  CODES	
  ??0031 . . . . . . . . . . . .	L Near	 0612	  CODES	
  ??0032 . . . . . . . . . . . .	L Near	 0633	  CODES	
  ??0033 . . . . . . . . . . . .	L Near	 0636	  CODES	
INITLEVEL3 . . . . . . . . . . .	P Near	 0647	  CODES	Length= 0164 Public
  ??0034 . . . . . . . . . . . .	L Near	 067B	  CODES	
  ??0035 . . . . . . . . . . . .	L Near	 067F	  CODES	
  ??0036 . . . . . . . . . . . .	L Near	 06A0	  CODES	
  ??0037 . . . . . . . . . . . .	L Near	 06A3	  CODES	
  ??0038 . . . . . . . . . . . .	L Near	 06C3	  CODES	
  ??0039 . . . . . . . . . . . .	L Near	 06C6	  CODES	
  ??003A . . . . . . . . . . . .	L Near	 06E7	  CODES	
  ??003B . . . . . . . . . . . .	L Near	 06EA	  CODES	
  NEXTBARRIER  . . . . . . . . .	L Near	 0750	  CODES	
  ??003D . . . . . . . . . . . .	L Near	 078F	  CODES	
  ??003E . . . . . . . . . . . .	L Near	 0793	  CODES	
INITSTARTPAGE  . . . . . . . . .	P Near	 0365	  CODES	Length= 00A2 Public
  ??0015 . . . . . . . . . . . .	L Near	 036F	  CODES	
  ??0016 . . . . . . . . . . . .	L Near	 03B5	  CODES	
  ??0017 . . . . . . . . . . . .	L Near	 03C8	  CODES	
PLYOPERATE . . . . . . . . . . .	P Near	 07AB	  CODES	Length= 00C7 Public
  ??0044 . . . . . . . . . . . .	L Near	 07C3	  CODES	
  ??0045 . . . . . . . . . . . .	L Near	 07C7	  CODES	
  ??003F . . . . . . . . . . . .	L Near	 07EA	  CODES	
  ??0040 . . . . . . . . . . . .	L Near	 0802	  CODES	
  ??0041 . . . . . . . . . . . .	L Near	 081A	  CODES	
  ??0042 . . . . . . . . . . . .	L Near	 0832	  CODES	
  ??0043 . . . . . . . . . . . .	L Near	 084A	  CODES	
  ??0046 . . . . . . . . . . . .	L Near	 085D	  CODES	
  ??0047 . . . . . . . . . . . .	L Near	 0861	  CODES	
READFILE . . . . . . . . . . . .	P Near	 0CAF	  CODES	Length= 0024 Public
WRITEFILE  . . . . . . . . . . .	P Near	 0CD3	  CODES	Length= 0025 Public


Symbols:

                N a m e                 Type     Value    Attr

??0000 . . . . . . . . . . . . .	L Near	 0087	  CODES	
??0001 . . . . . . . . . . . . .	L Near	 0104	  CODES	
??0002 . . . . . . . . . . . . .	L Near	 0155	  CODES	
??0003 . . . . . . . . . . . . .	L Near	 016D	  CODES	
??0004 . . . . . . . . . . . . .	L Near	 0185	  CODES	
??0005 . . . . . . . . . . . . .	L Near	 019D	  CODES	
??0006 . . . . . . . . . . . . .	L Near	 01B5	  CODES	
??0007 . . . . . . . . . . . . .	L Near	 012E	  CODES	
??0008 . . . . . . . . . . . . .	L Near	 0132	  CODES	
??0009 . . . . . . . . . . . . .	L Near	 01C8	  CODES	
??000A . . . . . . . . . . . . .	L Near	 01CC	  CODES	
??000B . . . . . . . . . . . . .	L Near	 0248	  CODES	
??000C . . . . . . . . . . . . .	L Near	 0299	  CODES	
??000D . . . . . . . . . . . . .	L Near	 02B1	  CODES	
??000E . . . . . . . . . . . . .	L Near	 02C9	  CODES	
??000F . . . . . . . . . . . . .	L Near	 02E1	  CODES	
??0010 . . . . . . . . . . . . .	L Near	 02F9	  CODES	
??0011 . . . . . . . . . . . . .	L Near	 0272	  CODES	
??0012 . . . . . . . . . . . . .	L Near	 0276	  CODES	
??0013 . . . . . . . . . . . . .	L Near	 030C	  CODES	
??0014 . . . . . . . . . . . . .	L Near	 0310	  CODES	
BLACK  . . . . . . . . . . . . .	Byte	 0021	  DATAS	
BLUE . . . . . . . . . . . . . .	Byte	 001E	  DATAS	
CONSTR . . . . . . . . . . . . .	Byte	 005A	  DATAS	
DEAD . . . . . . . . . . . . . .	L Near	 0330	  CODES	
DELTX1 . . . . . . . . . . . . .	Word	 0022	  DATAS	
DELTX2 . . . . . . . . . . . . .	Word	 0026	  DATAS	
DELTY1 . . . . . . . . . . . . .	Word	 0024	  DATAS	
DELTY2 . . . . . . . . . . . . .	Word	 0028	  DATAS	
EGAME  . . . . . . . . . . . . .	Byte	 0017	  DATAS	
EXITGAME . . . . . . . . . . . .	L Near	 0361	  CODES	
FILENAME . . . . . . . . . . . .	Byte	 0079	  DATAS	
HANDLE . . . . . . . . . . . . .	Word	 0075	  DATAS	
LENCONSTR  . . . . . . . . . . .	Word	 0073	  DATAS	
LEVEL  . . . . . . . . . . . . .	Byte	 0077	  DATAS	
LGAME  . . . . . . . . . . . . .	Byte	 000B	  DATAS	
LOADGAEM . . . . . . . . . . . .	L Near	 033D	  CODES	
NEXTSTEP_L1  . . . . . . . . . .	L Near	 0029	  CODES	
NEXTSTEP_L2  . . . . . . . . . .	L Near	 00A6	  CODES	
NEXTSTEP_L3  . . . . . . . . . .	L Near	 01EA	  CODES	
NGAME  . . . . . . . . . . . . .	Byte	 0000	  DATAS	
PLAYLEVEL1 . . . . . . . . . . .	L Near	 001E	  CODES	
PLAYLEVEL2 . . . . . . . . . . .	L Near	 009B	  CODES	
PLAYLEVEL3 . . . . . . . . . . .	L Near	 01DF	  CODES	
PLYX1  . . . . . . . . . . . . .	Word	 0052	  DATAS	
PLYX2  . . . . . . . . . . . . .	Word	 0056	  DATAS	
PLYY1  . . . . . . . . . . . . .	Word	 0054	  DATAS	
PLYY2  . . . . . . . . . . . . .	Word	 0058	  DATAS	
POSX1  . . . . . . . . . . . . .	Word	 002A	  DATAS	
POSX2  . . . . . . . . . . . . .	Word	 003E	  DATAS	
POSY1  . . . . . . . . . . . . .	Word	 0034	  DATAS	
POSY2  . . . . . . . . . . . . .	Word	 0048	  DATAS	
RED  . . . . . . . . . . . . . .	Byte	 001F	  DATAS	
STARTPAGE  . . . . . . . . . . .	L Near	 0005	  CODES	
START  . . . . . . . . . . . . .	L Near	 0000	  CODES	
VICTORY  . . . . . . . . . . . .	L Near	 0323	  CODES	
WHITE  . . . . . . . . . . . . .	Byte	 0020	  DATAS	

	   0 Warnings
	   0 Errors
