Microsoft (R) Macro Assembler Version 6.11		    07/05/18 16:01:01
tempfile.asm						     Page 1 - 1


 0000				DATAS SEGMENT
				    ;此处输入数据段代码
 0000 0B			    BLUE DB 0BH
 0001 0C			    RED DB 0CH
 0002 0F			    WHITE DB 0FH
 0003 00			    BLACK DB 0
 0004 50 72 65 73 73 20		    CONSTR DB 'P','r','e','s','s',' ','a','n','y',' ','k','e','y',' ','t','o',' ','c','o','n','t','i','n','u','e'
       61 6E 79 20 6B 65
       79 20 74 6F 20 63
       6F 6E 74 69 6E 75
       65
 001D 0019				LENCONSTR dw $-CONSTR  
 001F				DATAS ENDS

 0000				STACKS SEGMENT
				    ;此处输入堆栈段代码
 0000				STACKS ENDS

 0000				CODES SEGMENT
				    ASSUME CS:CODES,DS:DATAS,SS:STACKS
 0000				START:
 0000  B8 ---- R		    MOV AX,DATAS
 0003  8E D8			    MOV DS,AX
				    
				        ;彩色绘图模式
				    COLORSHOW MACRO
					    MOV AH,0
					    MOV AL,10H
					    INT 10H
				    ENDM
				    
				    ;文字显示模式
				    WORDSHOW MACRO
					    MOV AH,0
					    MOV AL,2
					    INT 10H
				    ENDM

				    ;绘制矩形,来拼出场景
				    ;参数分别为第一个点的坐标,第二个点的坐标,颜色
				     DRAWRECT MACRO X1,Y1,X2,Y2,COLOR
				    	LOCAL ROW,COL
				    	XOR BX,BX
				    	XOR CX,CX
				    	XOR DX,DX
				    	MOV AH,0CH
				    	MOV AL,COLOR
				    	MOV DX,Y1
				    	MOV CX,X1
				    	ROW:
				    		MOV CX,X1
				    		COL:INT 10H
				    			INC CX
				    			CMP CX,X2
				    			JB COL
				    		INC DX
				    		CMP DX,Y2
				    		JB ROW
				    ENDM
				    
				    ;此处输入代码段代码
				    DRAWVICTORYSCENCE MACRO
				    	;图形
				    	DRAWVICTORYIMG
				    	;文字
				    	WRITECONWORD
				    ENDM
				    
				    DRAWVICTORYIMG MACRO
				    	;W
				    	DRAWRECT 100,80,120,220,BLUE
				    	DRAWRECT 140,80,160,220,BLUE
				    	DRAWRECT 180,80,200,220,BLUE
				    	DRAWRECT 100,200,200,220,BLUE
				    	;I
				    	DRAWRECT 250,80,330,100,BLUE
				    	DRAWRECT 280,80,300,220,BLUE
				    	DRAWRECT 250,200,330,220,BLUE
				    	;N
				    	DRAWRECT 380,80,400,220,BLUE
				    	DRAWRECT 380,80,430,100,BLUE
				    	DRAWRECT 430,80,450,220,BLUE
				    	DRAWRECT 450,200,480,220,BLUE
				    	DRAWRECT 480,80,500,220,BLUE
				    ENDM
				    
				    WRITECONWORD MACRO
				    	LOCAL WRITENEXT
				        XOR BX,BX
				        MOV DH,22
				        MOV DL,25
				        MOV AH,2
				        INT 10H
				        
				        MOV CX,LENCONSTR
				        XOR SI,SI
				        WRITENEXT:
				        MOV AH,2
				        MOV DL,CONSTR[SI]
				        INT 21H
				        INC SI
				        LOOP WRITENEXT
				    ENDM
				    
				    COLORSHOW
 0005  B4 00		     1		    MOV AH,0
 0007  B0 10		     1		    MOV AL,10H
 0009  CD 10		     1		    INT 10H
				    DRAWVICTORYSCENCE
 000B  33 DB		     3	    	XOR BX,BX
 000D  33 C9		     3	    	XOR CX,CX
 000F  33 D2		     3	    	XOR DX,DX
 0011  B4 0C		     3	    	MOV AH,0CH
 0013  A0 0000 R	     3	    	MOV AL,BLUE
 0016  BA 0050		     3	    	MOV DX,80
 0019  B9 0064		     3	    	MOV CX,100
 001C			     3	    	??0000:
 001C  B9 0064		     3	    		MOV CX,100
 001F  CD 10		     3	    		??0001:INT 10H
 0021  41		     3	    			INC CX
 0022  83 F9 78		     3	    			CMP CX,120
 0025  72 F8		     3	    			JB ??0001
 0027  42		     3	    		INC DX
 0028  81 FA 00DC	     3	    		CMP DX,220
 002C  72 EE		     3	    		JB ??0000
 002E  33 DB		     3	    	XOR BX,BX
 0030  33 C9		     3	    	XOR CX,CX
 0032  33 D2		     3	    	XOR DX,DX
 0034  B4 0C		     3	    	MOV AH,0CH
 0036  A0 0000 R	     3	    	MOV AL,BLUE
 0039  BA 0050		     3	    	MOV DX,80
 003C  B9 008C		     3	    	MOV CX,140
 003F			     3	    	??0002:
 003F  B9 008C		     3	    		MOV CX,140
 0042  CD 10		     3	    		??0003:INT 10H
 0044  41		     3	    			INC CX
 0045  81 F9 00A0	     3	    			CMP CX,160
 0049  72 F7		     3	    			JB ??0003
 004B  42		     3	    		INC DX
 004C  81 FA 00DC	     3	    		CMP DX,220
 0050  72 ED		     3	    		JB ??0002
 0052  33 DB		     3	    	XOR BX,BX
 0054  33 C9		     3	    	XOR CX,CX
 0056  33 D2		     3	    	XOR DX,DX
 0058  B4 0C		     3	    	MOV AH,0CH
 005A  A0 0000 R	     3	    	MOV AL,BLUE
 005D  BA 0050		     3	    	MOV DX,80
 0060  B9 00B4		     3	    	MOV CX,180
 0063			     3	    	??0004:
 0063  B9 00B4		     3	    		MOV CX,180
 0066  CD 10		     3	    		??0005:INT 10H
 0068  41		     3	    			INC CX
 0069  81 F9 00C8	     3	    			CMP CX,200
 006D  72 F7		     3	    			JB ??0005
 006F  42		     3	    		INC DX
 0070  81 FA 00DC	     3	    		CMP DX,220
 0074  72 ED		     3	    		JB ??0004
 0076  33 DB		     3	    	XOR BX,BX
 0078  33 C9		     3	    	XOR CX,CX
 007A  33 D2		     3	    	XOR DX,DX
 007C  B4 0C		     3	    	MOV AH,0CH
 007E  A0 0000 R	     3	    	MOV AL,BLUE
 0081  BA 00C8		     3	    	MOV DX,200
 0084  B9 0064		     3	    	MOV CX,100
 0087			     3	    	??0006:
 0087  B9 0064		     3	    		MOV CX,100
 008A  CD 10		     3	    		??0007:INT 10H
 008C  41		     3	    			INC CX
 008D  81 F9 00C8	     3	    			CMP CX,200
 0091  72 F7		     3	    			JB ??0007
 0093  42		     3	    		INC DX
 0094  81 FA 00DC	     3	    		CMP DX,220
 0098  72 ED		     3	    		JB ??0006
 009A  33 DB		     3	    	XOR BX,BX
 009C  33 C9		     3	    	XOR CX,CX
 009E  33 D2		     3	    	XOR DX,DX
 00A0  B4 0C		     3	    	MOV AH,0CH
 00A2  A0 0000 R	     3	    	MOV AL,BLUE
 00A5  BA 0050		     3	    	MOV DX,80
 00A8  B9 00FA		     3	    	MOV CX,250
 00AB			     3	    	??0008:
 00AB  B9 00FA		     3	    		MOV CX,250
 00AE  CD 10		     3	    		??0009:INT 10H
 00B0  41		     3	    			INC CX
 00B1  81 F9 014A	     3	    			CMP CX,330
 00B5  72 F7		     3	    			JB ??0009
 00B7  42		     3	    		INC DX
 00B8  83 FA 64		     3	    		CMP DX,100
 00BB  72 EE		     3	    		JB ??0008
 00BD  33 DB		     3	    	XOR BX,BX
 00BF  33 C9		     3	    	XOR CX,CX
 00C1  33 D2		     3	    	XOR DX,DX
 00C3  B4 0C		     3	    	MOV AH,0CH
 00C5  A0 0000 R	     3	    	MOV AL,BLUE
 00C8  BA 0050		     3	    	MOV DX,80
 00CB  B9 0118		     3	    	MOV CX,280
 00CE			     3	    	??000A:
 00CE  B9 0118		     3	    		MOV CX,280
 00D1  CD 10		     3	    		??000B:INT 10H
 00D3  41		     3	    			INC CX
 00D4  81 F9 012C	     3	    			CMP CX,300
 00D8  72 F7		     3	    			JB ??000B
 00DA  42		     3	    		INC DX
 00DB  81 FA 00DC	     3	    		CMP DX,220
 00DF  72 ED		     3	    		JB ??000A
 00E1  33 DB		     3	    	XOR BX,BX
 00E3  33 C9		     3	    	XOR CX,CX
 00E5  33 D2		     3	    	XOR DX,DX
 00E7  B4 0C		     3	    	MOV AH,0CH
 00E9  A0 0000 R	     3	    	MOV AL,BLUE
 00EC  BA 00C8		     3	    	MOV DX,200
 00EF  B9 00FA		     3	    	MOV CX,250
 00F2			     3	    	??000C:
 00F2  B9 00FA		     3	    		MOV CX,250
 00F5  CD 10		     3	    		??000D:INT 10H
 00F7  41		     3	    			INC CX
 00F8  81 F9 014A	     3	    			CMP CX,330
 00FC  72 F7		     3	    			JB ??000D
 00FE  42		     3	    		INC DX
 00FF  81 FA 00DC	     3	    		CMP DX,220
 0103  72 ED		     3	    		JB ??000C
 0105  33 DB		     3	    	XOR BX,BX
 0107  33 C9		     3	    	XOR CX,CX
 0109  33 D2		     3	    	XOR DX,DX
 010B  B4 0C		     3	    	MOV AH,0CH
 010D  A0 0000 R	     3	    	MOV AL,BLUE
 0110  BA 0050		     3	    	MOV DX,80
 0113  B9 017C		     3	    	MOV CX,380
 0116			     3	    	??000E:
 0116  B9 017C		     3	    		MOV CX,380
 0119  CD 10		     3	    		??000F:INT 10H
 011B  41		     3	    			INC CX
 011C  81 F9 0190	     3	    			CMP CX,400
 0120  72 F7		     3	    			JB ??000F
 0122  42		     3	    		INC DX
 0123  81 FA 00DC	     3	    		CMP DX,220
 0127  72 ED		     3	    		JB ??000E
 0129  33 DB		     3	    	XOR BX,BX
 012B  33 C9		     3	    	XOR CX,CX
 012D  33 D2		     3	    	XOR DX,DX
 012F  B4 0C		     3	    	MOV AH,0CH
 0131  A0 0000 R	     3	    	MOV AL,BLUE
 0134  BA 0050		     3	    	MOV DX,80
 0137  B9 017C		     3	    	MOV CX,380
 013A			     3	    	??0010:
 013A  B9 017C		     3	    		MOV CX,380
 013D  CD 10		     3	    		??0011:INT 10H
 013F  41		     3	    			INC CX
 0140  81 F9 01AE	     3	    			CMP CX,430
 0144  72 F7		     3	    			JB ??0011
 0146  42		     3	    		INC DX
 0147  83 FA 64		     3	    		CMP DX,100
 014A  72 EE		     3	    		JB ??0010
 014C  33 DB		     3	    	XOR BX,BX
 014E  33 C9		     3	    	XOR CX,CX
 0150  33 D2		     3	    	XOR DX,DX
 0152  B4 0C		     3	    	MOV AH,0CH
 0154  A0 0000 R	     3	    	MOV AL,BLUE
 0157  BA 0050		     3	    	MOV DX,80
 015A  B9 01AE		     3	    	MOV CX,430
 015D			     3	    	??0012:
 015D  B9 01AE		     3	    		MOV CX,430
 0160  CD 10		     3	    		??0013:INT 10H
 0162  41		     3	    			INC CX
 0163  81 F9 01C2	     3	    			CMP CX,450
 0167  72 F7		     3	    			JB ??0013
 0169  42		     3	    		INC DX
 016A  81 FA 00DC	     3	    		CMP DX,220
 016E  72 ED		     3	    		JB ??0012
 0170  33 DB		     3	    	XOR BX,BX
 0172  33 C9		     3	    	XOR CX,CX
 0174  33 D2		     3	    	XOR DX,DX
 0176  B4 0C		     3	    	MOV AH,0CH
 0178  A0 0000 R	     3	    	MOV AL,BLUE
 017B  BA 00C8		     3	    	MOV DX,200
 017E  B9 01C2		     3	    	MOV CX,450
 0181			     3	    	??0014:
 0181  B9 01C2		     3	    		MOV CX,450
 0184  CD 10		     3	    		??0015:INT 10H
 0186  41		     3	    			INC CX
 0187  81 F9 01E0	     3	    			CMP CX,480
 018B  72 F7		     3	    			JB ??0015
 018D  42		     3	    		INC DX
 018E  81 FA 00DC	     3	    		CMP DX,220
 0192  72 ED		     3	    		JB ??0014
 0194  33 DB		     3	    	XOR BX,BX
 0196  33 C9		     3	    	XOR CX,CX
 0198  33 D2		     3	    	XOR DX,DX
 019A  B4 0C		     3	    	MOV AH,0CH
 019C  A0 0000 R	     3	    	MOV AL,BLUE
 019F  BA 0050		     3	    	MOV DX,80
 01A2  B9 01E0		     3	    	MOV CX,480
 01A5			     3	    	??0016:
 01A5  B9 01E0		     3	    		MOV CX,480
 01A8  CD 10		     3	    		??0017:INT 10H
 01AA  41		     3	    			INC CX
 01AB  81 F9 01F4	     3	    			CMP CX,500
 01AF  72 F7		     3	    			JB ??0017
 01B1  42		     3	    		INC DX
 01B2  81 FA 00DC	     3	    		CMP DX,220
 01B6  72 ED		     3	    		JB ??0016
 01B8  33 DB		     2	        XOR BX,BX
 01BA  B6 16		     2	        MOV DH,22
 01BC  B2 19		     2	        MOV DL,25
 01BE  B4 02		     2	        MOV AH,2
 01C0  CD 10		     2	        INT 10H
 01C2  8B 0E 001D R	     2	        MOV CX,LENCONSTR
 01C6  33 F6		     2	        XOR SI,SI
 01C8			     2	        ??0018:
 01C8  B4 02		     2	        MOV AH,2
 01CA  8A 94 0004 R	     2	        MOV DL,CONSTR[SI]
 01CE  CD 21		     2	        INT 21H
 01D0  46		     2	        INC SI
 01D1  E2 F5		     2	        LOOP ??0018
				    
 01D3  B4 07			    MOV AH,7
 01D5  CD 21			    INT 21H
 01D7  B4 4C			    MOV AH,4CH
 01D9  CD 21			    INT 21H
 01DB				CODES ENDS
				    END START








Microsoft (R) Macro Assembler Version 6.11		    07/05/18 16:01:01
tempfile.asm						     Symbols 2 - 1




Macros:

                N a m e                 Type

COLORSHOW  . . . . . . . . . . .	Proc
DRAWRECT . . . . . . . . . . . .	Proc
DRAWVICTORYIMG . . . . . . . . .	Proc
DRAWVICTORYSCENCE  . . . . . . .	Proc
WORDSHOW . . . . . . . . . . . .	Proc
WRITECONWORD . . . . . . . . . .	Proc


Segments and Groups:

                N a m e                 Size     Length   Align   Combine Class

CODES  . . . . . . . . . . . . .	16 Bit	 01DB	  Para	  Private 
DATAS  . . . . . . . . . . . . .	16 Bit	 001F	  Para	  Private 
STACKS . . . . . . . . . . . . .	16 Bit	 0000	  Para	  Private 


Symbols:

                N a m e                 Type     Value    Attr

??0000 . . . . . . . . . . . . .	L Near	 001C	  CODES	
??0001 . . . . . . . . . . . . .	L Near	 001F	  CODES	
??0002 . . . . . . . . . . . . .	L Near	 003F	  CODES	
??0003 . . . . . . . . . . . . .	L Near	 0042	  CODES	
??0004 . . . . . . . . . . . . .	L Near	 0063	  CODES	
??0005 . . . . . . . . . . . . .	L Near	 0066	  CODES	
??0006 . . . . . . . . . . . . .	L Near	 0087	  CODES	
??0007 . . . . . . . . . . . . .	L Near	 008A	  CODES	
??0008 . . . . . . . . . . . . .	L Near	 00AB	  CODES	
??0009 . . . . . . . . . . . . .	L Near	 00AE	  CODES	
??000A . . . . . . . . . . . . .	L Near	 00CE	  CODES	
??000B . . . . . . . . . . . . .	L Near	 00D1	  CODES	
??000C . . . . . . . . . . . . .	L Near	 00F2	  CODES	
??000D . . . . . . . . . . . . .	L Near	 00F5	  CODES	
??000E . . . . . . . . . . . . .	L Near	 0116	  CODES	
??000F . . . . . . . . . . . . .	L Near	 0119	  CODES	
??0010 . . . . . . . . . . . . .	L Near	 013A	  CODES	
??0011 . . . . . . . . . . . . .	L Near	 013D	  CODES	
??0012 . . . . . . . . . . . . .	L Near	 015D	  CODES	
??0013 . . . . . . . . . . . . .	L Near	 0160	  CODES	
??0014 . . . . . . . . . . . . .	L Near	 0181	  CODES	
??0015 . . . . . . . . . . . . .	L Near	 0184	  CODES	
??0016 . . . . . . . . . . . . .	L Near	 01A5	  CODES	
??0017 . . . . . . . . . . . . .	L Near	 01A8	  CODES	
??0018 . . . . . . . . . . . . .	L Near	 01C8	  CODES	
BLACK  . . . . . . . . . . . . .	Byte	 0003	  DATAS	
BLUE . . . . . . . . . . . . . .	Byte	 0000	  DATAS	
CONSTR . . . . . . . . . . . . .	Byte	 0004	  DATAS	
LENCONSTR  . . . . . . . . . . .	Word	 001D	  DATAS	
RED  . . . . . . . . . . . . . .	Byte	 0001	  DATAS	
START  . . . . . . . . . . . . .	L Near	 0000	  CODES	
WHITE  . . . . . . . . . . . . .	Byte	 0002	  DATAS	

	   0 Warnings
	   0 Errors
